Archive member included because of file (symbol)

/opt/local/lib/gcc/arm-none-eabi/4.7.2/../../../../arm-none-eabi/lib/thumb/libc.a(lib_a-ctype_.o)
                              Ap_StrCmd.o (__ctype_ptr__)
/opt/local/lib/gcc/arm-none-eabi/4.7.2/../../../../arm-none-eabi/lib/thumb/libc.a(lib_a-sscanf.o)
                              Ap_StrCmd.o (sscanf)
/opt/local/lib/gcc/arm-none-eabi/4.7.2/../../../../arm-none-eabi/lib/thumb/libc.a(lib_a-stdio.o)
                              /opt/local/lib/gcc/arm-none-eabi/4.7.2/../../../../arm-none-eabi/lib/thumb/libc.a(lib_a-sscanf.o) (__seofread)
/opt/local/lib/gcc/arm-none-eabi/4.7.2/../../../../arm-none-eabi/lib/thumb/libc.a(lib_a-strlen.o)
                              Ap_StrCmd.o (strlen)
/opt/local/lib/gcc/arm-none-eabi/4.7.2/../../../../arm-none-eabi/lib/thumb/libc.a(lib_a-strncmp.o)
                              Ap_StrCmd.o (strncmp)
/opt/local/lib/gcc/arm-none-eabi/4.7.2/../../../../arm-none-eabi/lib/thumb/libc.a(lib_a-svfscanf.o)
                              /opt/local/lib/gcc/arm-none-eabi/4.7.2/../../../../arm-none-eabi/lib/thumb/libc.a(lib_a-sscanf.o) (__ssvfscanf_r)
/opt/local/lib/gcc/arm-none-eabi/4.7.2/../../../../arm-none-eabi/lib/thumb/libc.a(lib_a-writer.o)
                              /opt/local/lib/gcc/arm-none-eabi/4.7.2/../../../../arm-none-eabi/lib/thumb/libc.a(lib_a-stdio.o) (_write_r)
/opt/local/lib/gcc/arm-none-eabi/4.7.2/../../../../arm-none-eabi/lib/thumb/libc.a(lib_a-closer.o)
                              /opt/local/lib/gcc/arm-none-eabi/4.7.2/../../../../arm-none-eabi/lib/thumb/libc.a(lib_a-stdio.o) (_close_r)
/opt/local/lib/gcc/arm-none-eabi/4.7.2/../../../../arm-none-eabi/lib/thumb/libc.a(lib_a-impure.o)
                              /opt/local/lib/gcc/arm-none-eabi/4.7.2/../../../../arm-none-eabi/lib/thumb/libc.a(lib_a-sscanf.o) (_impure_ptr)
/opt/local/lib/gcc/arm-none-eabi/4.7.2/../../../../arm-none-eabi/lib/thumb/libc.a(lib_a-iswspace.o)
                              /opt/local/lib/gcc/arm-none-eabi/4.7.2/../../../../arm-none-eabi/lib/thumb/libc.a(lib_a-svfscanf.o) (iswspace)
/opt/local/lib/gcc/arm-none-eabi/4.7.2/../../../../arm-none-eabi/lib/thumb/libc.a(lib_a-locale.o)
                              /opt/local/lib/gcc/arm-none-eabi/4.7.2/../../../../arm-none-eabi/lib/thumb/libc.a(lib_a-svfscanf.o) (__locale_mb_cur_max)
/opt/local/lib/gcc/arm-none-eabi/4.7.2/../../../../arm-none-eabi/lib/thumb/libc.a(lib_a-lseekr.o)
                              /opt/local/lib/gcc/arm-none-eabi/4.7.2/../../../../arm-none-eabi/lib/thumb/libc.a(lib_a-stdio.o) (_lseek_r)
/opt/local/lib/gcc/arm-none-eabi/4.7.2/../../../../arm-none-eabi/lib/thumb/libc.a(lib_a-mbrtowc.o)
                              /opt/local/lib/gcc/arm-none-eabi/4.7.2/../../../../arm-none-eabi/lib/thumb/libc.a(lib_a-svfscanf.o) (_mbrtowc_r)
/opt/local/lib/gcc/arm-none-eabi/4.7.2/../../../../arm-none-eabi/lib/thumb/libc.a(lib_a-mbtowc_r.o)
                              /opt/local/lib/gcc/arm-none-eabi/4.7.2/../../../../arm-none-eabi/lib/thumb/libc.a(lib_a-mbrtowc.o) (__mbtowc)
/opt/local/lib/gcc/arm-none-eabi/4.7.2/../../../../arm-none-eabi/lib/thumb/libc.a(lib_a-memset.o)
                              /opt/local/lib/gcc/arm-none-eabi/4.7.2/../../../../arm-none-eabi/lib/thumb/libc.a(lib_a-svfscanf.o) (memset)
/opt/local/lib/gcc/arm-none-eabi/4.7.2/../../../../arm-none-eabi/lib/thumb/libc.a(lib_a-readr.o)
                              /opt/local/lib/gcc/arm-none-eabi/4.7.2/../../../../arm-none-eabi/lib/thumb/libc.a(lib_a-stdio.o) (_read_r)
/opt/local/lib/gcc/arm-none-eabi/4.7.2/../../../../arm-none-eabi/lib/thumb/libc.a(lib_a-reent.o)
                              /opt/local/lib/gcc/arm-none-eabi/4.7.2/../../../../arm-none-eabi/lib/thumb/libc.a(lib_a-writer.o) (errno)
/opt/local/lib/gcc/arm-none-eabi/4.7.2/../../../../arm-none-eabi/lib/thumb/libc.a(lib_a-s_fpclassify.o)
                              /opt/local/lib/gcc/arm-none-eabi/4.7.2/../../../../arm-none-eabi/lib/thumb/libc.a(lib_a-svfscanf.o) (__fpclassifyd)
/opt/local/lib/gcc/arm-none-eabi/4.7.2/../../../../arm-none-eabi/lib/thumb/libc.a(lib_a-sccl.o)
                              /opt/local/lib/gcc/arm-none-eabi/4.7.2/../../../../arm-none-eabi/lib/thumb/libc.a(lib_a-svfscanf.o) (__sccl)
/opt/local/lib/gcc/arm-none-eabi/4.7.2/../../../../arm-none-eabi/lib/thumb/libc.a(lib_a-sf_nan.o)
                              /opt/local/lib/gcc/arm-none-eabi/4.7.2/../../../../arm-none-eabi/lib/thumb/libc.a(lib_a-svfscanf.o) (nanf)
/opt/local/lib/gcc/arm-none-eabi/4.7.2/../../../../arm-none-eabi/lib/thumb/libc.a(lib_a-sprintf.o)
                              /opt/local/lib/gcc/arm-none-eabi/4.7.2/../../../../arm-none-eabi/lib/thumb/libc.a(lib_a-svfscanf.o) (sprintf)
/opt/local/lib/gcc/arm-none-eabi/4.7.2/../../../../arm-none-eabi/lib/thumb/libc.a(lib_a-strcmp.o)
                              /opt/local/lib/gcc/arm-none-eabi/4.7.2/../../../../arm-none-eabi/lib/thumb/libc.a(lib_a-locale.o) (strcmp)
[...]
Memory Configuration

Name             Origin             Length             Attributes
RAM              0x0000000020000000 0x0000000000005000 xrw
EXTSRAM          0x0000000068000000 0x0000000000000000 xrw
FLASH            0x0000000008000000 0x000000000001f800 xr
EEMUL            0x000000000801f800 0x0000000000000800 xrw
*default*        0x0000000000000000 0xffffffffffffffff

Linker script and memory map

LOAD main.o
LOAD Ap.o
LOAD Ap_Radio.o
LOAD Ap_StrCmd.o
LOAD Ap_StrCmd_Q.o
LOAD Ap_RadioMenu.o
LOAD Ap_GLcdMenu.o
LOAD Ap_EduMenu.o
LOAD Lb_Util.o
LOAD Lb_Printf.o
LOAD Hw_StartUp.o
LOAD Hw.o
LOAD Hw_Uart.o
LOAD Hw_PLL.o
LOAD Hw_ISR.o
LOAD Hw_Timer.o
LOAD Hw_Uart_Q.o
LOAD Hw_I2C.o
LOAD Hw_I2C_SW.o
LOAD Hw_SPI.o
LOAD Hw_DMA.o
LOAD Hw_Adc.o
LOAD Hw_Led.o
LOAD Hw_VCom.o
LOAD Hw_Si47xx.o
LOAD Hw_N5110G.o
LOAD Hw_VBus.o
LOAD Hw_KeyPad.o
LOAD Hw_7Seg.o
LOAD Hw_CLcd.o
LOAD Hw_Cds.o
LOAD Hw_DHT11.o
LOAD usb_desc.o
LOAD usb_endp.o
LOAD usb_istr.o
LOAD usb_prop.o
LOAD usb_pwr.o
LOAD hw_config.o
LOAD usb_core.o
LOAD usb_init.o
LOAD usb_mem.o
LOAD usb_regs.o
LOAD usb_sil.o
LOAD usb_int.o
LOAD /opt/local/lib/gcc/arm-none-eabi/4.7.2/../../../../arm-none-eabi/lib/thumb/libc.a
LOAD /opt/local/lib/gcc/arm-none-eabi/4.7.2/../../../../arm-none-eabi/lib/thumb/libm.a
LOAD /opt/local/lib/gcc/arm-none-eabi/4.7.2/../../../../arm-none-eabi/lib/thumb/libc.a
LOAD /opt/local/lib/gcc/arm-none-eabi/4.7.2/thumb/libgcc.a
                0x0000000020005000                _estack = (ORIGIN (RAM) + 0x5000)
                0x000000000801f800                _seemul = ORIGIN (EEMUL)
                0x0000000000000100                _Minimum_Stack_Size = 0x100
                0x0000000000000001                ASSERT ((ORIGIN (FLASH) == ALIGN (ORIGIN (FLASH), 0x80)), Start of memory region flash not aligned for startup vector table)

.text           0x0000000008000000     0xf14c
                0x0000000008000000                . = ALIGN (0x80)
                0x0000000000000000                _isr_vectorsflash_offs = (. - 0x8000000)
 *(.isr_vectorsflash)
 .isr_vectorsflash
                0x0000000008000000        0x8 Hw_StartUp.o
                0x0000000008000000                g_pfnVectors
                0x0000000008000008                . = ALIGN (0x4)
 *(.text)
 .text          0x0000000008000008       0xa0 /opt/local/lib/gcc/arm-none-eabi/4.7.2/../../../../arm-none-eabi/lib/thumb/libc.a(lib_a-sscanf.o)
                0x0000000008000008                sscanf
                0x0000000008000058                _sscanf_r
 .text          0x00000000080000a8       0xac /opt/local/lib/gcc/arm-none-eabi/4.7.2/../../../../arm-none-eabi/lib/thumb/libc.a(lib_a-stdio.o)
                0x00000000080000a8                __sread
                0x00000000080000d4                __seofread
                0x00000000080000d8                __swrite
                0x0000000008000114                __sseek
                0x0000000008000144                __sclose
 .text          0x0000000008000154       0x10 /opt/local/lib/gcc/arm-none-eabi/4.7.2/../../../../arm-none-eabi/lib/thumb/libc.a(lib_a-strlen.o)
                0x0000000008000154                strlen
 .text          0x0000000008000164       0xbc /opt/local/lib/gcc/arm-none-eabi/4.7.2/../../../../arm-none-eabi/lib/thumb/libc.a(lib_a-strncmp.o)
                0x0000000008000164                strncmp
 .text          0x0000000008000220      0xe0c /opt/local/lib/gcc/arm-none-eabi/4.7.2/../../../../arm-none-eabi/lib/thumb/libc.a(lib_a-svfscanf.o)
                0x0000000008000220                __ssvfscanf_r
 .text          0x000000000800102c       0x2c /opt/local/lib/gcc/arm-none-eabi/4.7.2/../../../../arm-none-eabi/lib/thumb/libc.a(lib_a-writer.o)
                0x000000000800102c                _write_r
 .text          0x0000000008001058       0x28 /opt/local/lib/gcc/arm-none-eabi/4.7.2/../../../../arm-none-eabi/lib/thumb/libc.a(lib_a-closer.o)
                0x0000000008001058                _close_r
 .text          0x0000000008001080       0x20 /opt/local/lib/gcc/arm-none-eabi/4.7.2/../../../../arm-none-eabi/lib/thumb/libc.a(lib_a-iswspace.o)
                0x0000000008001080                iswspace
 .text          0x00000000080010a0       0xa0 /opt/local/lib/gcc/arm-none-eabi/4.7.2/../../../../arm-none-eabi/lib/thumb/libc.a(lib_a-locale.o)
                0x00000000080010a0                _setlocale_r
                0x00000000080010e8                __locale_charset
                0x00000000080010f0                __locale_mb_cur_max
                0x00000000080010fc                __locale_msgcharset
                0x0000000008001108                __locale_cjk_lang
                0x000000000800110c                _localeconv_r
                0x0000000008001118                setlocale
                0x0000000008001134                localeconv
 .text          0x0000000008001140       0x2c /opt/local/lib/gcc/arm-none-eabi/4.7.2/../../../../arm-none-eabi/lib/thumb/libc.a(lib_a-lseekr.o)
                0x0000000008001140                _lseek_r
 .text          0x000000000800116c       0xf4 /opt/local/lib/gcc/arm-none-eabi/4.7.2/../../../../arm-none-eabi/lib/thumb/libc.a(lib_a-mbrtowc.o)
                0x000000000800116c                _mbrtowc_r
                0x00000000080011d8                mbrtowc
 .text          0x0000000008001260       0x70 /opt/local/lib/gcc/arm-none-eabi/4.7.2/../../../../arm-none-eabi/lib/thumb/libc.a(lib_a-mbtowc_r.o)
                0x0000000008001260                __ascii_mbtowc
                0x0000000008001290                _mbtowc_r
 .text          0x00000000080012d0       0x98 /opt/local/lib/gcc/arm-none-eabi/4.7.2/../../../../arm-none-eabi/lib/thumb/libc.a(lib_a-memset.o)
                0x00000000080012d0                memset
 .text          0x0000000008001368       0x2c /opt/local/lib/gcc/arm-none-eabi/4.7.2/../../../../arm-none-eabi/lib/thumb/libc.a(lib_a-readr.o)
                0x0000000008001368                _read_r
 .text          0x0000000008001394       0x5c /opt/local/lib/gcc/arm-none-eabi/4.7.2/../../../../arm-none-eabi/lib/thumb/libc.a(lib_a-s_fpclassify.o)
                0x0000000008001394                __fpclassifyd
 .text          0x00000000080013f0       0x7c /opt/local/lib/gcc/arm-none-eabi/4.7.2/../../../../arm-none-eabi/lib/thumb/libc.a(lib_a-sccl.o)
                0x00000000080013f0                __sccl
 .text          0x000000000800146c        0x8 /opt/local/lib/gcc/arm-none-eabi/4.7.2/../../../../arm-none-eabi/lib/thumb/libc.a(lib_a-sf_nan.o)
                0x000000000800146c                nanf
 .text          0x0000000008001474       0x84 /opt/local/lib/gcc/arm-none-eabi/4.7.2/../../../../arm-none-eabi/lib/thumb/libc.a(lib_a-sprintf.o)
                0x0000000008001474                _sprintf_r
                0x00000000080014b4                sprintf
 .text          0x00000000080014f8       0x14 /opt/local/lib/gcc/arm-none-eabi/4.7.2/../../../../arm-none-eabi/lib/thumb/libc.a(lib_a-strcmp.o)
                0x00000000080014f8                strcmp
 *fill*         0x000000000800150c        0x4 
 .text          0x0000000008001510      0xf10 /opt/local/lib/gcc/arm-none-eabi/4.7.2/../../../../arm-none-eabi/lib/thumb/libc.a(lib_a-strtod.o)
                0x0000000008001510                _strtod_r
                0x00000000080023d0                strtod
                0x00000000080023ec                strtof
 .text          0x0000000008002420      0x190 /opt/local/lib/gcc/arm-none-eabi/4.7.2/../../../../arm-none-eabi/lib/thumb/libc.a(lib_a-strtol.o)
                0x0000000008002420                _strtol_r
                0x0000000008002590                strtol
 .text          0x00000000080025b0      0x198 /opt/local/lib/gcc/arm-none-eabi/4.7.2/../../../../arm-none-eabi/lib/thumb/libc.a(lib_a-strtoul.o)
                0x00000000080025b0                _strtoul_r
                0x0000000008002728                strtoul
 .text          0x0000000008002748      0xac4 /opt/local/lib/gcc/arm-none-eabi/4.7.2/../../../../arm-none-eabi/lib/thumb/libc.a(lib_a-svfiscanf.o)
                0x0000000008002748                _sungetc_r
                0x00000000080027d0                __ssrefill_r
                0x0000000008002814                _sfread_r
                0x00000000080028a0                __ssvfiscanf_r
 *fill*         0x000000000800320c        0x4 
 .text          0x0000000008003210     0x13a8 /opt/local/lib/gcc/arm-none-eabi/4.7.2/../../../../arm-none-eabi/lib/thumb/libc.a(lib_a-svfprintf.o)
                0x0000000008003210                _svfprintf_r
 .text          0x00000000080045b8      0x618 /opt/local/lib/gcc/arm-none-eabi/4.7.2/../../../../arm-none-eabi/lib/thumb/libc.a(lib_a-syscalls.o)
                0x0000000008004630                initialise_monitor_handles
                0x00000000080046a8                _swiread
                0x00000000080046d0                _read
                0x0000000008004740                _swilseek
                0x00000000080047e8                _lseek
                0x0000000008004800                _swiwrite
                0x0000000008004828                _write
                0x00000000080048a0                _swiopen
                0x0000000008004924                _open
                0x0000000008004940                _swiclose
                0x0000000008004988                _close
                0x00000000080049a0                _kill
                0x00000000080049d0                _exit
                0x00000000080049e8                _getpid
                0x00000000080049ec                _sbrk
                0x0000000008004a24                _fstat
                0x0000000008004a48                _stat
                0x0000000008004a80                _link
                0x0000000008004a88                _unlink
                0x0000000008004abc                _raise
                0x0000000008004ac0                _gettimeofday
                0x0000000008004aec                _times
                0x0000000008004b10                _isatty
                0x0000000008004b3c                _system
                0x0000000008004b90                _rename
 .text          0x0000000008004bd0      0x188 /opt/local/lib/gcc/arm-none-eabi/4.7.2/../../../../arm-none-eabi/lib/thumb/libc.a(lib_a-ungetc.o)
                0x0000000008004bd0                __submore
                0x0000000008004c58                _ungetc_r
                0x0000000008004d3c                ungetc
 .text          0x0000000008004d58     0x10d0 /opt/local/lib/gcc/arm-none-eabi/4.7.2/../../../../arm-none-eabi/lib/thumb/libc.a(lib_a-dtoa.o)
                0x0000000008004eb0                _dtoa_r
 .text          0x0000000008005e28        0xc /opt/local/lib/gcc/arm-none-eabi/4.7.2/../../../../arm-none-eabi/lib/thumb/libc.a(lib_a-errno.o)
                0x0000000008005e28                __errno
 .text          0x0000000008005e34      0x1b8 /opt/local/lib/gcc/arm-none-eabi/4.7.2/../../../../arm-none-eabi/lib/thumb/libc.a(lib_a-fflush.o)
                0x0000000008005e34                __sflush_r
                0x0000000008005f8c                _fflush_r
                0x0000000008005fbc                fflush
 .text          0x0000000008005fec      0x1d8 /opt/local/lib/gcc/arm-none-eabi/4.7.2/../../../../arm-none-eabi/lib/thumb/libc.a(lib_a-findfp.o)
                0x0000000008005ff4                _cleanup_r
                0x0000000008006054                __sfmoreglue
                0x0000000008006084                _cleanup
                0x0000000008006098                __sinit
                0x00000000080060ec                __sfp
                0x000000000800617c                __sfp_lock_acquire
                0x0000000008006180                __sfp_lock_release
                0x0000000008006184                __sinit_lock_acquire
                0x0000000008006188                __sinit_lock_release
                0x000000000800618c                __fp_lock_all
                0x00000000080061a8                __fp_unlock_all
 .text          0x00000000080061c4      0x238 /opt/local/lib/gcc/arm-none-eabi/4.7.2/../../../../arm-none-eabi/lib/thumb/libc.a(lib_a-freer.o)
                0x00000000080061c4                _malloc_trim_r
                0x0000000008006268                _free_r
 .text          0x00000000080063fc       0xb4 /opt/local/lib/gcc/arm-none-eabi/4.7.2/../../../../arm-none-eabi/lib/thumb/libc.a(lib_a-fwalk.o)
                0x00000000080063fc                _fwalk
                0x0000000008006450                _fwalk_reent
 .text          0x00000000080064b0      0x66c /opt/local/lib/gcc/arm-none-eabi/4.7.2/../../../../arm-none-eabi/lib/thumb/libc.a(lib_a-gdtoa-gethex.o)
                0x0000000008006574                __hexdig_init
                0x00000000080065cc                __gethex
 .text          0x0000000008006b1c      0x1dc /opt/local/lib/gcc/arm-none-eabi/4.7.2/../../../../arm-none-eabi/lib/thumb/libc.a(lib_a-gdtoa-hexnan.o)
                0x0000000008006b1c                __hexnan
 .text          0x0000000008006cf8      0x51c /opt/local/lib/gcc/arm-none-eabi/4.7.2/../../../../arm-none-eabi/lib/thumb/libc.a(lib_a-mallocr.o)
                0x0000000008006cf8                _malloc_r
 .text          0x0000000008007214       0x98 /opt/local/lib/gcc/arm-none-eabi/4.7.2/../../../../arm-none-eabi/lib/thumb/libc.a(lib_a-memchr-stub.o)
                0x0000000008007214                memchr
 .text          0x00000000080072ac       0x90 /opt/local/lib/gcc/arm-none-eabi/4.7.2/../../../../arm-none-eabi/lib/thumb/libc.a(lib_a-memcpy-stub.o)
                0x00000000080072ac                memcpy
 .text          0x000000000800733c        0x8 /opt/local/lib/gcc/arm-none-eabi/4.7.2/../../../../arm-none-eabi/lib/thumb/libc.a(lib_a-mlock.o)
                0x000000000800733c                __malloc_lock
                0x0000000008007340                __malloc_unlock
 *fill*         0x0000000008007344        0x4 
 .text          0x0000000008007348      0x970 /opt/local/lib/gcc/arm-none-eabi/4.7.2/../../../../arm-none-eabi/lib/thumb/libc.a(lib_a-mprec.o)
                0x0000000008007348                _Balloc
                0x000000000800739c                _Bfree
                0x00000000080073b4                __multadd
                0x0000000008007460                __s2b
                0x00000000080074fc                __hi0bits
                0x0000000008007534                __lo0bits
                0x0000000008007594                __i2b
                0x00000000080075ac                __multiply
                0x0000000008007710                __pow5mult
                0x00000000080077c0                __lshift
                0x0000000008007890                __mcmp
                0x00000000080078cc                __mdiff
                0x00000000080079bc                __ulp
                0x0000000008007a04                __b2d
                0x0000000008007aa8                __d2b
                0x0000000008007b60                __ratio
                0x0000000008007bd4                _mprec_log10
                0x0000000008007c14                __copybits
                0x0000000008007c5c                __any_on
 .text          0x0000000008007cb8      0x3e8 /opt/local/lib/gcc/arm-none-eabi/4.7.2/../../../../arm-none-eabi/lib/thumb/libc.a(lib_a-reallocr.o)
                0x0000000008007cb8                _realloc_r
 .text          0x00000000080080a0       0x28 /opt/local/lib/gcc/arm-none-eabi/4.7.2/../../../../arm-none-eabi/lib/thumb/libc.a(lib_a-sbrkr.o)
                0x00000000080080a0                _sbrk_r
 .text          0x00000000080080c8      0xa00 /opt/local/lib/gcc/arm-none-eabi/4.7.2/../../../../arm-none-eabi/lib/thumb/libc.a(lib_a-svfiprintf.o)
                0x00000000080080c8                __ssprint_r
                0x00000000080081f8                _svfiprintf_r
 .text          0x0000000008008ac8       0x64 /opt/local/lib/gcc/arm-none-eabi/4.7.2/../../../../arm-none-eabi/lib/thumb/libc.a(lib_a-callocr.o)
                0x0000000008008ac8                _calloc_r
 .text          0x0000000008008b2c       0xb0 /opt/local/lib/gcc/arm-none-eabi/4.7.2/../../../../arm-none-eabi/lib/thumb/libc.a(lib_a-fclose.o)
                0x0000000008008b2c                _fclose_r
                0x0000000008008bc0                fclose
 .text          0x0000000008008bdc       0xb0 /opt/local/lib/gcc/arm-none-eabi/4.7.2/../../../../arm-none-eabi/lib/thumb/libc.a(lib_a-memmove.o)
                0x0000000008008bdc                memmove
 .text          0x0000000008008c8c      0x11c /opt/local/lib/gcc/arm-none-eabi/4.7.2/thumb/libgcc.a(_udivsi3.o)
                0x0000000008008c8c                __udivsi3
                0x0000000008008c8c                __aeabi_uidiv
                0x0000000008008d88                __aeabi_uidivmod
 .text          0x0000000008008da8      0x150 /opt/local/lib/gcc/arm-none-eabi/4.7.2/thumb/libgcc.a(_divsi3.o)
                0x0000000008008da8                __aeabi_idiv
                0x0000000008008da8                __divsi3
                0x0000000008008ed8                __aeabi_idivmod
 .text          0x0000000008008ef8        0x4 /opt/local/lib/gcc/arm-none-eabi/4.7.2/thumb/libgcc.a(_dvmd_tls.o)
                0x0000000008008ef8                __aeabi_ldiv0
                0x0000000008008ef8                __aeabi_idiv0
 .text          0x0000000008008efc      0x41c /opt/local/lib/gcc/arm-none-eabi/4.7.2/thumb/libgcc.a(_arm_addsubdf3.o)
                0x0000000008008efc                __aeabi_drsub
                0x0000000008008f04                __subdf3
                0x0000000008008f04                __aeabi_dsub
                0x0000000008008f08                __aeabi_dadd
                0x0000000008008f08                __adddf3
                0x0000000008009218                __aeabi_ui2d
                0x0000000008009218                __floatunsidf
                0x000000000800923c                __floatsidf
                0x000000000800923c                __aeabi_i2d
                0x0000000008009264                __extendsfdf2
                0x0000000008009264                __aeabi_f2d
                0x00000000080092a4                __aeabi_ul2d
                0x00000000080092a4                __floatundidf
                0x00000000080092b8                __aeabi_l2d
                0x00000000080092b8                __floatdidf
 .text          0x0000000008009318      0x49c /opt/local/lib/gcc/arm-none-eabi/4.7.2/thumb/libgcc.a(_arm_muldivdf3.o)
                0x0000000008009318                __aeabi_dmul
                0x0000000008009318                __muldf3
                0x00000000080095a8                __aeabi_ddiv
                0x00000000080095a8                __divdf3
 .text          0x00000000080097b4      0x144 /opt/local/lib/gcc/arm-none-eabi/4.7.2/thumb/libgcc.a(_arm_cmpdf2.o)
                0x00000000080097b4                __gtdf2
                0x00000000080097b4                __gedf2
                0x00000000080097bc                __ltdf2
                0x00000000080097bc                __ledf2
                0x00000000080097c4                __eqdf2
                0x00000000080097c4                __nedf2
                0x00000000080097c4                __cmpdf2
                0x000000000800984c                __aeabi_cdrcmple
                0x0000000008009868                __aeabi_cdcmple
                0x0000000008009868                __aeabi_cdcmpeq
                0x0000000008009880                __aeabi_dcmpeq
                0x0000000008009898                __aeabi_dcmplt
                0x00000000080098b0                __aeabi_dcmple
                0x00000000080098c8                __aeabi_dcmpge
                0x00000000080098e0                __aeabi_dcmpgt
 .text          0x00000000080098f8       0x5c /opt/local/lib/gcc/arm-none-eabi/4.7.2/thumb/libgcc.a(_arm_fixdfsi.o)
                0x00000000080098f8                __fixdfsi
                0x00000000080098f8                __aeabi_d2iz
 .text          0x0000000008009954       0x54 /opt/local/lib/gcc/arm-none-eabi/4.7.2/thumb/libgcc.a(_arm_fixunsdfsi.o)
                0x0000000008009954                __fixunsdfsi
                0x0000000008009954                __aeabi_d2uiz
 .text          0x00000000080099a8       0xa0 /opt/local/lib/gcc/arm-none-eabi/4.7.2/thumb/libgcc.a(_arm_truncdfsf2.o)
                0x00000000080099a8                __aeabi_d2f
                0x00000000080099a8                __truncdfsf2
 *(.text.*)
 .text.LED_Tick
                0x0000000008009a48       0x10 main.o
                0x0000000008009a48                LED_Tick
 .text.startup.main
                0x0000000008009a58       0x4c main.o
                0x0000000008009a58                main
 .text.Ap_Init  0x0000000008009aa4       0x10 Ap.o
                0x0000000008009aa4                Ap_Init
 .text.Ap_StrCmd_PutFunc
                0x0000000008009ab4       0x14 Ap_StrCmd.o
                0x0000000008009ab4                Ap_StrCmd_PutFunc
 .text.Ap_StrCmd_CallBack_RxdISR
                0x0000000008009ac8       0x8c Ap_StrCmd.o
                0x0000000008009ac8                Ap_StrCmd_CallBack_RxdISR
 .text.Ap_StrCmd_AddCmd
                0x0000000008009b54       0xbc Ap_StrCmd.o
                0x0000000008009b54                Ap_StrCmd_AddCmd
 .text.Ap_StrCmd_Init
                0x0000000008009c10       0xc4 Ap_StrCmd.o
                0x0000000008009c10                Ap_StrCmd_Init
 .text.Ap_StrCmd_Print
                0x0000000008009cd4       0x34 Ap_StrCmd.o
                0x0000000008009cd4                Ap_StrCmd_Print
 .text.Ap_StrCmd_ShowMenuHelp
                0x0000000008009d08       0x74 Ap_StrCmd.o
                0x0000000008009d08                Ap_StrCmd_ShowMenuHelp
 .text.Ap_StrCmd_ShowMenu
                0x0000000008009d7c       0x6c Ap_StrCmd.o
                0x0000000008009d7c                Ap_StrCmd_ShowMenu
 .text.Ap_StrCmd_Printf
                0x0000000008009de8       0x30 Ap_StrCmd.o
                0x0000000008009de8                Ap_StrCmd_Printf
 .text.Ap_StrCmd_Echo
                0x0000000008009e18       0x78 Ap_StrCmd.o
                0x0000000008009e18                Ap_StrCmd_Echo
 .text.Ap_StrCmd_ShowInfo
                0x0000000008009e90       0x64 Ap_StrCmd.o
                0x0000000008009e90                Ap_StrCmd_ShowInfo
 .text.Ap_StrCmd_ExeFunc
                0x0000000008009ef4       0xdc Ap_StrCmd.o
                0x0000000008009ef4                Ap_StrCmd_ExeFunc
 .text.Ap_StrCmd_ExeCmd
                0x0000000008009fd0       0x1c Ap_StrCmd.o
                0x0000000008009fd0                Ap_StrCmd_ExeCmd
 .text.Ap_StrCmd_Q_Init
                0x0000000008009fec       0x18 Ap_StrCmd_Q.o
                0x0000000008009fec                Ap_StrCmd_Q_Init
 .text.Ap_StrCmd_Q_SIZE
                0x000000000800a004       0x38 Ap_StrCmd_Q.o
                0x000000000800a004                Ap_StrCmd_Q_SIZE
 .text.Ap_StrCmd_Q_Push
                0x000000000800a03c       0xac Ap_StrCmd_Q.o
                0x000000000800a03c                Ap_StrCmd_Q_Push
 .text.Ap_StrCmd_Q_Pop
                0x000000000800a0e8       0xac Ap_StrCmd_Q.o
                0x000000000800a0e8                Ap_StrCmd_Q_Pop
 .text.KeyPad_DownKeyEvent
                0x000000000800a194       0x2c Ap_EduMenu.o
                0x000000000800a194                KeyPad_DownKeyEvent
 .text.KeyPad_UpKeyEvent
                0x000000000800a1c0       0x28 Ap_EduMenu.o
                0x000000000800a1c0                KeyPad_UpKeyEvent
 .text.Ap_EduMenu_ShowMenu
                0x000000000800a1e8       0xa4 Ap_EduMenu.o
                0x000000000800a1e8                Ap_EduMenu_ShowMenu
 .text.Ap_EduMenu_ExeCmd
                0x000000000800a28c      0x348 Ap_EduMenu.o
                0x000000000800a28c                Ap_EduMenu_ExeCmd
 .text.print_byte_out
                0x000000000800a5d4       0x38 Lb_Printf.o
                0x000000000800a5d4                print_byte_out
 .text.PrintString.part.0
                0x000000000800a60c       0x1c Lb_Printf.o
 .text.DecToLong
                0x000000000800a628       0x48 Lb_Printf.o
                0x000000000800a628                DecToLong
 .text.PrintDec
                0x000000000800a670      0x17c Lb_Printf.o
 .text.PrintHex
                0x000000000800a7ec      0x1dc Lb_Printf.o
 .text.Lb_printf
                0x000000000800a9c8       0xf4 Lb_Printf.o
                0x000000000800a9c8                Lb_printf
 .text.Lb_sprintf
                0x000000000800aabc      0x104 Lb_Printf.o
                0x000000000800aabc                Lb_sprintf
 .text.Lb_vsprintf
                0x000000000800abc0       0xec Lb_Printf.o
                0x000000000800abc0                Lb_vsprintf
 .text.Hw_StartUp_Init
                0x000000000800acac       0xb0 Hw_StartUp.o
                0x000000000800acac                Hw_StartUp_Init
 .text.Hw_Init  0x000000000800ad5c       0xd0 Hw.o
                0x000000000800ad5c                Hw_Init
 .text.Hw_Wait_Usec
                0x000000000800ae2c       0x24 Hw.o
                0x000000000800ae2c                Hw_Wait_Usec
 .text.Hw_ISR_UART2_Handler
                0x000000000800ae50       0x34 Hw_Uart.o
                0x000000000800ae50                Hw_ISR_UART2_Handler
 .text.Hw_ISR_UART1_Handler
                0x000000000800ae84       0x34 Hw_Uart.o
                0x000000000800ae84                Hw_ISR_UART1_Handler
 .text.Hw_Uart_Putch.part.0
                0x000000000800aeb8       0x1c Hw_Uart.o
 .text.Hw_Uart_Open_COM1
                0x000000000800aed4       0x90 Hw_Uart.o
                0x000000000800aed4                Hw_Uart_Open_COM1
 .text.Hw_Uart_Open_COM2
                0x000000000800af64       0xb8 Hw_Uart.o
                0x000000000800af64                Hw_Uart_Open_COM2
 .text.Hw_Uart_Init
                0x000000000800b01c       0x4c Hw_Uart.o
                0x000000000800b01c                Hw_Uart_Init
 .text.Hw_Uart_SetReceiveFuncISR
                0x000000000800b068       0x14 Hw_Uart.o
                0x000000000800b068                Hw_Uart_SetReceiveFuncISR
 .text.Hw_Uart_Putch
                0x000000000800b07c       0x30 Hw_Uart.o
                0x000000000800b07c                Hw_Uart_Putch
 .text.Hw_Uart_PrintEx
                0x000000000800b0ac       0x20 Hw_Uart.o
                0x000000000800b0ac                Hw_Uart_PrintEx
 .text.Hw_Uart_Printf
                0x000000000800b0cc       0x30 Hw_Uart.o
                0x000000000800b0cc                Hw_Uart_Printf
 .text.Hw_Uart_GetchNoWait
                0x000000000800b0fc       0x20 Hw_Uart.o
                0x000000000800b0fc                Hw_Uart_GetchNoWait
 .text.print_byte
                0x000000000800b11c       0x1c Hw_Uart.o
                0x000000000800b11c                print_byte
 .text.Hw_PLL_Init
                0x000000000800b138       0x94 Hw_PLL.o
                0x000000000800b138                Hw_PLL_Init
 .text.Hw_ISR_Init
                0x000000000800b1cc       0x14 Hw_ISR.o
                0x000000000800b1cc                Hw_ISR_Init
 .text.Hw_ISR_SetIRQFunc
                0x000000000800b1e0       0x10 Hw_ISR.o
                0x000000000800b1e0                Hw_ISR_SetIRQFunc
 .text.Hw_ISR_SetIRQFuncByAddr
                0x000000000800b1f0       0x10 Hw_ISR.o
                0x000000000800b1f0                Hw_ISR_SetIRQFuncByAddr
 .text.Hw_Timer_SetupISR
                0x000000000800b200       0x1c Hw_Timer.o
                0x000000000800b200                Hw_Timer_SetupISR
 .text.Hw_Timer_Init
                0x000000000800b21c       0x7c Hw_Timer.o
                0x000000000800b21c                Hw_Timer_Init
 .text.Hw_Timer_Tick
                0x000000000800b298       0x6c Hw_Timer.o
                0x000000000800b298                Hw_Timer_Tick
 .text.Hw_Timer_ISR
                0x000000000800b304       0x10 Hw_Timer.o
                0x000000000800b304                Hw_Timer_ISR
 .text.Hw_Timer_Set
                0x000000000800b314       0x20 Hw_Timer.o
                0x000000000800b314                Hw_Timer_Set
 .text.Hw_Timer_Start
                0x000000000800b334       0x14 Hw_Timer.o
                0x000000000800b334                Hw_Timer_Start
 .text.Hw_Timer_Delay_ms
                0x000000000800b348       0x14 Hw_Timer.o
                0x000000000800b348                Hw_Timer_Delay_ms
 .text.Hw_Timer_Get_CountValue
                0x000000000800b35c        0xc Hw_Timer.o
                0x000000000800b35c                Hw_Timer_Get_CountValue
 .text.Hw_Uart_Q_Init
                0x000000000800b368       0x1c Hw_Uart_Q.o
                0x000000000800b368                Hw_Uart_Q_Init
 .text.HW_UART_Q_VAILD
                0x000000000800b384       0x2c Hw_Uart_Q.o
                0x000000000800b384                HW_UART_Q_VAILD
 .text.Hw_Uart_Q_Push
                0x000000000800b3b0       0x5c Hw_Uart_Q.o
                0x000000000800b3b0                Hw_Uart_Q_Push
 .text.Hw_Uart_Q_Pop
                0x000000000800b40c       0x58 Hw_Uart_Q.o
                0x000000000800b40c                Hw_Uart_Q_Pop
 .text.Hw_Adc_Init
                0x000000000800b464       0xa0 Hw_Adc.o
                0x000000000800b464                Hw_Adc_Init
 .text.Hw_Adc_GetData
                0x000000000800b504       0x84 Hw_Adc.o
                0x000000000800b504                Hw_Adc_GetData
 .text.Hw_Led_Off
                0x000000000800b588       0x3c Hw_Led.o
                0x000000000800b588                Hw_Led_Off
 .text.Hw_Led_Init
                0x000000000800b5c4       0x28 Hw_Led.o
                0x000000000800b5c4                Hw_Led_Init
 .text.Hw_Led_Toggle
                0x000000000800b5ec       0x3c Hw_Led.o
                0x000000000800b5ec                Hw_Led_Toggle
 .text.Hw_VCom_Init
                0x000000000800b628       0x2c Hw_VCom.o
                0x000000000800b628                Hw_VCom_Init
 .text.Hw_VBus_SetDataPortOutput
                0x000000000800b654       0xac Hw_VBus.o
                0x000000000800b654                Hw_VBus_SetDataPortOutput
 .text.Hw_VBus_SetDataPortInput
                0x000000000800b700       0xac Hw_VBus.o
                0x000000000800b700                Hw_VBus_SetDataPortInput
 .text.Hw_VBus_SetAddress
                0x000000000800b7ac       0x7c Hw_VBus.o
                0x000000000800b7ac                Hw_VBus_SetAddress
 .text.Hw_VBus_SetIdle
                0x000000000800b828       0x44 Hw_VBus.o
                0x000000000800b828                Hw_VBus_SetIdle
 .text.Hw_VBus_Init
                0x000000000800b86c       0xe8 Hw_VBus.o
                0x000000000800b86c                Hw_VBus_Init
 .text.Hw_VBus_WriteData
                0x000000000800b954       0x58 Hw_VBus.o
                0x000000000800b954                Hw_VBus_WriteData
 .text.Hw_VBus_ReadData
                0x000000000800b9ac       0x74 Hw_VBus.o
                0x000000000800b9ac                Hw_VBus_ReadData
 .text.Hw_VBus_SetBit
                0x000000000800ba20       0x2c Hw_VBus.o
                0x000000000800ba20                Hw_VBus_SetBit
 .text.Hw_VBus_ClrBit
                0x000000000800ba4c       0x2c Hw_VBus.o
                0x000000000800ba4c                Hw_VBus_ClrBit
 .text.Hw_VBus_TglBit
                0x000000000800ba78       0x2c Hw_VBus.o
                0x000000000800ba78                Hw_VBus_TglBit
 .text.Hw_KeyPad_StateTick
                0x000000000800baa4      0x164 Hw_KeyPad.o
                0x000000000800baa4                Hw_KeyPad_StateTick
 .text.Hw_KeyPad_Init
                0x000000000800bc08       0x64 Hw_KeyPad.o
                0x000000000800bc08                Hw_KeyPad_Init
 .text.Hw_KeyPad_Scan
                0x000000000800bc6c       0x10 Hw_KeyPad.o
                0x000000000800bc6c                Hw_KeyPad_Scan
 .text.Hw_KeyPad_Tick
                0x000000000800bc7c       0x60 Hw_KeyPad.o
                0x000000000800bc7c                Hw_KeyPad_Tick
 .text.Hw_KeyPad_SetEventFunc
                0x000000000800bcdc       0x18 Hw_KeyPad.o
                0x000000000800bcdc                Hw_KeyPad_SetEventFunc
 .text.Hw_KeyPad_GetRepeatCnt
                0x000000000800bcf4       0x1c Hw_KeyPad.o
                0x000000000800bcf4                Hw_KeyPad_GetRepeatCnt
 .text.Hw_KeyPad_GetPressedCnt
                0x000000000800bd10        0xc Hw_KeyPad.o
                0x000000000800bd10                Hw_KeyPad_GetPressedCnt
 .text.Hw_KeyPad_WaitForEvent
                0x000000000800bd1c       0x38 Hw_KeyPad.o
                0x000000000800bd1c                Hw_KeyPad_WaitForEvent
 .text.Hw_KeyPad_GetEventKeyData
                0x000000000800bd54       0x14 Hw_KeyPad.o
                0x000000000800bd54                Hw_KeyPad_GetEventKeyData
 .text.Hw_KeyPad_GetEventKeyNum
                0x000000000800bd68       0x10 Hw_KeyPad.o
                0x000000000800bd68                Hw_KeyPad_GetEventKeyNum
 .text.Hw_7Seg_Tick
                0x000000000800bd78       0x3c Hw_7Seg.o
                0x000000000800bd78                Hw_7Seg_Tick
 .text.Hw_7Seg_Init
                0x000000000800bdb4       0x54 Hw_7Seg.o
                0x000000000800bdb4                Hw_7Seg_Init
 .text.Hw_7Seg_SetNumber
                0x000000000800be08       0x8c Hw_7Seg.o
                0x000000000800be08                Hw_7Seg_SetNumber
 .text.Hw_7Seg_Printf
                0x000000000800be94       0x70 Hw_7Seg.o
                0x000000000800be94                Hw_7Seg_Printf
 .text.Hw_CLcd_WriteCmd
                0x000000000800bf04       0x44 Hw_CLcd.o
                0x000000000800bf04                Hw_CLcd_WriteCmd
 .text.Hw_CLcd_WriteByte
                0x000000000800bf48       0x44 Hw_CLcd.o
                0x000000000800bf48                Hw_CLcd_WriteByte
 .text.Hw_CLcd_Goto
                0x000000000800bf8c       0x1c Hw_CLcd.o
                0x000000000800bf8c                Hw_CLcd_Goto
 .text.Hw_CLcd_Clear
                0x000000000800bfa8       0x20 Hw_CLcd.o
                0x000000000800bfa8                Hw_CLcd_Clear
 .text.Hw_CLcd_WriteStr
                0x000000000800bfc8       0x28 Hw_CLcd.o
                0x000000000800bfc8                Hw_CLcd_WriteStr
 .text.Hw_CLcd_Printf
                0x000000000800bff0       0x44 Hw_CLcd.o
                0x000000000800bff0                Hw_CLcd_Printf
 .text.Hw_CLcd_Init
                0x000000000800c034       0x78 Hw_CLcd.o
                0x000000000800c034                Hw_CLcd_Init
 .text.Hw_Cds_Init
                0x000000000800c0ac        0x4 Hw_Cds.o
                0x000000000800c0ac                Hw_Cds_Init
 .text.Hw_Cds_GetData
                0x000000000800c0b0       0x2c Hw_Cds.o
                0x000000000800c0b0                Hw_Cds_GetData
 .text.Hw_DHT11_Tick
                0x000000000800c0dc      0x170 Hw_DHT11.o
                0x000000000800c0dc                Hw_DHT11_Tick
 .text.Hw_DHT11_IO_ISR
                0x000000000800c24c       0x54 Hw_DHT11.o
                0x000000000800c24c                Hw_DHT11_IO_ISR
 .text.Hw_DHT11_GetHumidity
                0x000000000800c2a0       0x10 Hw_DHT11.o
                0x000000000800c2a0                Hw_DHT11_GetHumidity
 .text.Hw_DHT11_GetTemperature
                0x000000000800c2b0       0x10 Hw_DHT11.o
                0x000000000800c2b0                Hw_DHT11_GetTemperature
 .text.Hw_DHT11_IO_SetupISR
                0x000000000800c2c0       0x4c Hw_DHT11.o
                0x000000000800c2c0                Hw_DHT11_IO_SetupISR
 .text.Hw_DHT11_Init
                0x000000000800c30c       0xa4 Hw_DHT11.o
                0x000000000800c30c                Hw_DHT11_Init
 .text.EP1_IN_Callback
                0x000000000800c3b0       0x74 usb_endp.o
                0x000000000800c3b0                EP1_IN_Callback
 .text.EP3_OUT_Callback
                0x000000000800c424       0x34 usb_endp.o
                0x000000000800c424                EP3_OUT_Callback
 .text.SOF_Callback
                0x000000000800c458       0x30 usb_endp.o
                0x000000000800c458                SOF_Callback
 .text.USB_Istr
                0x000000000800c488      0x1e8 usb_istr.o
                0x000000000800c488                USB_Istr
 .text.Virtual_Com_Port_SetConfiguration
                0x000000000800c670       0x18 usb_prop.o
                0x000000000800c670                Virtual_Com_Port_SetConfiguration
 .text.Virtual_Com_Port_SetDeviceAddress
                0x000000000800c688       0x10 usb_prop.o
                0x000000000800c688                Virtual_Com_Port_SetDeviceAddress
 .text.Virtual_Com_Port_Status_In
                0x000000000800c698       0x14 usb_prop.o
                0x000000000800c698                Virtual_Com_Port_Status_In
 .text.Virtual_Com_Port_Status_Out
                0x000000000800c6ac        0x4 usb_prop.o
                0x000000000800c6ac                Virtual_Com_Port_Status_Out
 .text.Virtual_Com_Port_Data_Setup
                0x000000000800c6b0       0x60 usb_prop.o
                0x000000000800c6b0                Virtual_Com_Port_Data_Setup
 .text.Virtual_Com_Port_NoData_Setup
                0x000000000800c710       0x24 usb_prop.o
                0x000000000800c710                Virtual_Com_Port_NoData_Setup
 .text.Virtual_Com_Port_Get_Interface_Setting
                0x000000000800c734       0x10 usb_prop.o
                0x000000000800c734                Virtual_Com_Port_Get_Interface_Setting
 .text.Virtual_Com_Port_GetLineCoding
                0x000000000800c744       0x18 usb_prop.o
                0x000000000800c744                Virtual_Com_Port_GetLineCoding
 .text.Virtual_Com_Port_SetLineCoding
                0x000000000800c75c       0x18 usb_prop.o
                0x000000000800c75c                Virtual_Com_Port_SetLineCoding
 .text.Virtual_Com_Port_GetStringDescriptor
                0x000000000800c774       0x28 usb_prop.o
                0x000000000800c774                Virtual_Com_Port_GetStringDescriptor
 .text.Virtual_Com_Port_GetConfigDescriptor
                0x000000000800c79c       0x18 usb_prop.o
                0x000000000800c79c                Virtual_Com_Port_GetConfigDescriptor
 .text.Virtual_Com_Port_GetDeviceDescriptor
                0x000000000800c7b4       0x18 usb_prop.o
                0x000000000800c7b4                Virtual_Com_Port_GetDeviceDescriptor
 .text.Virtual_Com_Port_Reset
                0x000000000800c7cc      0x110 usb_prop.o
                0x000000000800c7cc                Virtual_Com_Port_Reset
 .text.Virtual_Com_Port_init
                0x000000000800c8dc       0x3c usb_prop.o
                0x000000000800c8dc                Virtual_Com_Port_init
 .text.PowerOn  0x000000000800c918       0x3c usb_pwr.o
                0x000000000800c918                PowerOn
 .text.Suspend  0x000000000800c954      0x108 usb_pwr.o
                0x000000000800c954                Suspend
 .text.Resume_Init
                0x000000000800ca5c       0x28 usb_pwr.o
                0x000000000800ca5c                Resume_Init
 .text.Resume   0x000000000800ca84       0xbc usb_pwr.o
                0x000000000800ca84                Resume
 .text.USBWakeUp_IRQHandler
                0x000000000800cb40       0x10 hw_config.o
                0x000000000800cb40                USBWakeUp_IRQHandler
 .text.IntToUnicode
                0x000000000800cb50       0x3c hw_config.o
 .text.USB_LP_IRQHandler
                0x000000000800cb8c       0x10 hw_config.o
                0x000000000800cb8c                USB_LP_IRQHandler
 .text.Set_System
                0x000000000800cb9c       0x20 hw_config.o
                0x000000000800cb9c                Set_System
 .text.Set_USBClock
                0x000000000800cbbc       0x24 hw_config.o
                0x000000000800cbbc                Set_USBClock
 .text.Leave_LowPowerMode
                0x000000000800cbe0       0x20 hw_config.o
                0x000000000800cbe0                Leave_LowPowerMode
 .text.USB_Interrupts_Config
                0x000000000800cc00       0xb0 hw_config.o
                0x000000000800cc00                USB_Interrupts_Config
 .text.USB_Cable_Config
                0x000000000800ccb0       0x1c hw_config.o
                0x000000000800ccb0                USB_Cable_Config
 .text.USB_To_USART_Send_Data
                0x000000000800cccc       0x2c hw_config.o
                0x000000000800cccc                USB_To_USART_Send_Data
 .text.Handle_USBAsynchXfer
                0x000000000800ccf8       0xa4 hw_config.o
                0x000000000800ccf8                Handle_USBAsynchXfer
 .text.Get_SerialNum
                0x000000000800cd9c       0x44 hw_config.o
                0x000000000800cd9c                Get_SerialNum
 .text.__WFI    0x000000000800cde0        0x4 hw_config.o
                0x000000000800cde0                __WFI
 .text.Standard_GetConfiguration
                0x000000000800cde4       0x28 usb_core.o
                0x000000000800cde4                Standard_GetConfiguration
 .text.Standard_GetInterface
                0x000000000800ce0c       0x28 usb_core.o
                0x000000000800ce0c                Standard_GetInterface
 .text.Standard_GetStatus
                0x000000000800ce34       0x98 usb_core.o
                0x000000000800ce34                Standard_GetStatus
 .text.DataStageIn
                0x000000000800cecc       0xd0 usb_core.o
 .text.Standard_SetConfiguration
                0x000000000800cf9c       0x3c usb_core.o
                0x000000000800cf9c                Standard_SetConfiguration
 .text.Standard_SetInterface
                0x000000000800cfd8       0x50 usb_core.o
                0x000000000800cfd8                Standard_SetInterface
 .text.Standard_ClearFeature
                0x000000000800d028       0xf8 usb_core.o
                0x000000000800d028                Standard_ClearFeature
 .text.Standard_SetEndPointFeature
                0x000000000800d120       0x98 usb_core.o
                0x000000000800d120                Standard_SetEndPointFeature
 .text.Standard_GetDescriptorData
                0x000000000800d1b8       0x1c usb_core.o
                0x000000000800d1b8                Standard_GetDescriptorData
 .text.Post0_Process
                0x000000000800d1d4       0x48 usb_core.o
                0x000000000800d1d4                Post0_Process
 .text.Out0_Process
                0x000000000800d21c       0xfc usb_core.o
                0x000000000800d21c                Out0_Process
 .text.Setup0_Process
                0x000000000800d318      0x394 usb_core.o
                0x000000000800d318                Setup0_Process
 .text.SetDeviceAddress
                0x000000000800d6ac       0x44 usb_core.o
                0x000000000800d6ac                SetDeviceAddress
 .text.In0_Process
                0x000000000800d6f0       0x6c usb_core.o
                0x000000000800d6f0                In0_Process
 .text.NOP_Process
                0x000000000800d75c        0x4 usb_core.o
                0x000000000800d75c                NOP_Process
 .text.USB_Init
                0x000000000800d760       0x44 usb_init.o
                0x000000000800d760                USB_Init
 .text.UserToPMABufferCopy
                0x000000000800d7a4       0x34 usb_mem.o
                0x000000000800d7a4                UserToPMABufferCopy
 .text.PMAToUserBufferCopy
                0x000000000800d7d8       0x24 usb_mem.o
                0x000000000800d7d8                PMAToUserBufferCopy
 .text.SetBTABLE
                0x000000000800d7fc       0x14 usb_regs.o
                0x000000000800d7fc                SetBTABLE
 .text.SetEPType
                0x000000000800d810       0x18 usb_regs.o
                0x000000000800d810                SetEPType
 .text.SetEPTxStatus
                0x000000000800d828       0x40 usb_regs.o
                0x000000000800d828                SetEPTxStatus
 .text.SetEPRxStatus
                0x000000000800d868       0x40 usb_regs.o
                0x000000000800d868                SetEPRxStatus
 .text.SetEPTxValid
                0x000000000800d8a8       0x24 usb_regs.o
                0x000000000800d8a8                SetEPTxValid
 .text.SetEPRxValid
                0x000000000800d8cc       0x24 usb_regs.o
                0x000000000800d8cc                SetEPRxValid
 .text.Clear_Status_Out
                0x000000000800d8f0       0x20 usb_regs.o
                0x000000000800d8f0                Clear_Status_Out
 .text.ClearDTOG_RX
                0x000000000800d910       0x24 usb_regs.o
                0x000000000800d910                ClearDTOG_RX
 .text.ClearDTOG_TX
                0x000000000800d934       0x24 usb_regs.o
                0x000000000800d934                ClearDTOG_TX
 .text.SetEPTxAddr
                0x000000000800d958       0x24 usb_regs.o
                0x000000000800d958                SetEPTxAddr
 .text.SetEPRxAddr
                0x000000000800d97c       0x28 usb_regs.o
                0x000000000800d97c                SetEPRxAddr
 .text.GetEPTxAddr
                0x000000000800d9a4       0x20 usb_regs.o
                0x000000000800d9a4                GetEPTxAddr
 .text.GetEPRxAddr
                0x000000000800d9c4       0x20 usb_regs.o
                0x000000000800d9c4                GetEPRxAddr
 .text.SetEPTxCount
                0x000000000800d9e4       0x20 usb_regs.o
                0x000000000800d9e4                SetEPTxCount
 .text.SetEPRxCount
                0x000000000800da04       0x44 usb_regs.o
                0x000000000800da04                SetEPRxCount
 .text.GetEPRxCount
                0x000000000800da48       0x24 usb_regs.o
                0x000000000800da48                GetEPRxCount
 .text.ByteSwap
                0x000000000800da6c        0xc usb_regs.o
                0x000000000800da6c                ByteSwap
 .text.USB_SIL_Init
                0x000000000800da78       0x2c usb_sil.o
                0x000000000800da78                USB_SIL_Init
 .text.USB_SIL_Read
                0x000000000800daa4       0x38 usb_sil.o
                0x000000000800daa4                USB_SIL_Read
 .text.CTR_LP   0x000000000800dadc      0x1bc usb_int.o
                0x000000000800dadc                CTR_LP
 .text.CTR_LP.__stub
                0x000000000800dc98        0x8 linker stubs
 *(.stub .gnu.linkonce.t.*)
 *(.rodata .rodata.* .gnu.linkonce.r.*)
 .rodata.str1.4
                0x000000000800dca0      0x147 Ap_StrCmd.o
                                        0x148 (size before relaxing)
 *fill*         0x000000000800dde7        0x1 
 .rodata.str1.4
                0x000000000800dde8      0x40b Ap_EduMenu.o
                                        0x414 (size before relaxing)
 *fill*         0x000000000800e1f3        0x1 
 .rodata.str1.4
                0x000000000800e1f4       0x16 Hw_CLcd.o
                                         0x18 (size before relaxing)
 *fill*         0x000000000800e20a        0x2 
 .rodata.Virtual_Com_Port_StringVendor
                0x000000000800e20c       0x28 usb_desc.o
                0x000000000800e20c                Virtual_Com_Port_StringVendor
 .rodata.Virtual_Com_Port_DeviceDescriptor
                0x000000000800e234       0x14 usb_desc.o
                0x000000000800e234                Virtual_Com_Port_DeviceDescriptor
 .rodata.Virtual_Com_Port_StringLangID
                0x000000000800e248        0x4 usb_desc.o
                0x000000000800e248                Virtual_Com_Port_StringLangID
 .rodata.Virtual_Com_Port_StringProduct
                0x000000000800e24c       0x34 usb_desc.o
                0x000000000800e24c                Virtual_Com_Port_StringProduct
 .rodata.Virtual_Com_Port_ConfigDescriptor
                0x000000000800e280       0x44 usb_desc.o
                0x000000000800e280                Virtual_Com_Port_ConfigDescriptor
 .rodata        0x000000000800e2c4      0x104 /opt/local/lib/gcc/arm-none-eabi/4.7.2/../../../../arm-none-eabi/lib/thumb/libc.a(lib_a-ctype_.o)
                0x000000000800e2c4                _ctype_
 .rodata        0x000000000800e3c8      0x47c /opt/local/lib/gcc/arm-none-eabi/4.7.2/../../../../arm-none-eabi/lib/thumb/libc.a(lib_a-svfscanf.o)
 .rodata.str1.4
                0x000000000800e844        0x5 /opt/local/lib/gcc/arm-none-eabi/4.7.2/../../../../arm-none-eabi/lib/thumb/libc.a(lib_a-svfscanf.o)
                                          0x8 (size before relaxing)
 *fill*         0x000000000800e849        0x3 
 .rodata        0x000000000800e84c        0x4 /opt/local/lib/gcc/arm-none-eabi/4.7.2/../../../../arm-none-eabi/lib/thumb/libc.a(lib_a-impure.o)
                0x000000000800e84c                _global_impure_ptr
 .rodata.str1.4
                0x000000000800e850        0x2 /opt/local/lib/gcc/arm-none-eabi/4.7.2/../../../../arm-none-eabi/lib/thumb/libc.a(lib_a-impure.o)
                                          0x4 (size before relaxing)
 *fill*         0x000000000800e852        0x2 
 .rodata.str1.4
                0x000000000800e854        0xa /opt/local/lib/gcc/arm-none-eabi/4.7.2/../../../../arm-none-eabi/lib/thumb/libc.a(lib_a-locale.o)
                                         0x14 (size before relaxing)
 .rodata.str1.4
                0x0000000000000000        0x4 /opt/local/lib/gcc/arm-none-eabi/4.7.2/../../../../arm-none-eabi/lib/thumb/libc.a(lib_a-mbrtowc.o)
 *fill*         0x000000000800e85e        0x2 
 .rodata        0x000000000800e860       0xf8 /opt/local/lib/gcc/arm-none-eabi/4.7.2/../../../../arm-none-eabi/lib/thumb/libc.a(lib_a-strtod.o)
 .rodata.str1.4
                0x000000000800e958        0xf /opt/local/lib/gcc/arm-none-eabi/4.7.2/../../../../arm-none-eabi/lib/thumb/libc.a(lib_a-strtod.o)
                                         0x10 (size before relaxing)
 *fill*         0x000000000800e967        0x1 
 .rodata        0x000000000800e968      0x340 /opt/local/lib/gcc/arm-none-eabi/4.7.2/../../../../arm-none-eabi/lib/thumb/libc.a(lib_a-svfiscanf.o)
 .rodata        0x000000000800eca8      0x184 /opt/local/lib/gcc/arm-none-eabi/4.7.2/../../../../arm-none-eabi/lib/thumb/libc.a(lib_a-svfprintf.o)
 .rodata.str1.4
                0x000000000800ee2c       0x42 /opt/local/lib/gcc/arm-none-eabi/4.7.2/../../../../arm-none-eabi/lib/thumb/libc.a(lib_a-svfprintf.o)
                                         0x44 (size before relaxing)
 *fill*         0x000000000800ee6e        0x2 
 .rodata.str1.4
                0x000000000800ee70        0x4 /opt/local/lib/gcc/arm-none-eabi/4.7.2/../../../../arm-none-eabi/lib/thumb/libc.a(lib_a-syscalls.o)
 .rodata.str1.4
                0x000000000800ee74       0x10 /opt/local/lib/gcc/arm-none-eabi/4.7.2/../../../../arm-none-eabi/lib/thumb/libc.a(lib_a-dtoa.o)
                                         0x14 (size before relaxing)
 .rodata.str1.4
                0x000000000800ee84       0x1c /opt/local/lib/gcc/arm-none-eabi/4.7.2/../../../../arm-none-eabi/lib/thumb/libc.a(lib_a-gdtoa-gethex.o)
 .rodata        0x000000000800eea0      0x128 /opt/local/lib/gcc/arm-none-eabi/4.7.2/../../../../arm-none-eabi/lib/thumb/libc.a(lib_a-mprec.o)
                0x000000000800eeb0                __mprec_tens
                0x000000000800ef78                __mprec_tinytens
                0x000000000800efa0                __mprec_bigtens
 .rodata        0x000000000800efc8      0x184 /opt/local/lib/gcc/arm-none-eabi/4.7.2/../../../../arm-none-eabi/lib/thumb/libc.a(lib_a-svfiprintf.o)
 .rodata.str1.4
                0x0000000000000000       0x30 /opt/local/lib/gcc/arm-none-eabi/4.7.2/../../../../arm-none-eabi/lib/thumb/libc.a(lib_a-svfiprintf.o)
 *(.glue_7 .glue_7t)
 .glue_7        0x0000000000000000        0x0 linker stubs
 .glue_7t       0x0000000000000000        0x0 linker stubs
                0x000000000800f14c                . = ALIGN (0x4)
                0x000000000800f14c                _etext = .
                0x000000000800f14c                _sidata = _etext

.vfp11_veneer   0x000000000800f14c        0x0
 .vfp11_veneer  0x0000000000000000        0x0 linker stubs

.v4_bx          0x000000000800f14c        0x0
 .v4_bx         0x0000000000000000        0x0 linker stubs

.iplt           0x000000000800f14c        0x0
 .iplt          0x0000000000000000        0x0 main.o

.rel.dyn        0x000000000800f14c        0x0
 .rel.iplt      0x0000000000000000        0x0 main.o

.data           0x0000000020000000      0x9e8 load address 0x000000000800f14c
                0x0000000020000000                . = .
                0x0000000020000000                . = ALIGN (0x4)
                0x0000000020000000                _sdata = .
                0x0000000020000000                . = ALIGN (0x80)
                0x0000000000000000                _isr_vectorsram_offs = (. - 0x20000000)
 *(.isr_vectorsram)
                0x0000000020000000                . = ALIGN (0x4)
 *(.ramfunc*)
                0x0000000020000000                . = ALIGN (0x4)
 *(.data .data.* .gnu.linkonce.d.*)
 .data.ExeFirst.4518
                0x0000000020000000        0x1 Ap_EduMenu.o
 *fill*         0x0000000020000001        0x3 
 .data.Hw_7Seg_DotTbl
                0x0000000020000004       0x10 Hw_7Seg.o
                0x0000000020000004                Hw_7Seg_DotTbl
 .data.Virtual_Com_Port_StringSerial
                0x0000000020000014       0x1c usb_desc.o
                0x0000000020000014                Virtual_Com_Port_StringSerial
 .data.pEpInt_IN
                0x0000000020000030       0x1c usb_istr.o
                0x0000000020000030                pEpInt_IN
 .data.pEpInt_OUT
                0x000000002000004c       0x1c usb_istr.o
                0x000000002000004c                pEpInt_OUT
 .data.Config_Descriptor
                0x0000000020000068        0x8 usb_prop.o
                0x0000000020000068                Config_Descriptor
 .data.Device_Property
                0x0000000020000070       0x30 usb_prop.o
                0x0000000020000070                Device_Property
 .data.User_Standard_Requests
                0x00000000200000a0       0x24 usb_prop.o
                0x00000000200000a0                User_Standard_Requests
 .data.Device_Descriptor
                0x00000000200000c4        0x8 usb_prop.o
                0x00000000200000c4                Device_Descriptor
 .data.String_Descriptor
                0x00000000200000cc       0x20 usb_prop.o
                0x00000000200000cc                String_Descriptor
 .data.linecoding
                0x00000000200000ec        0x8 usb_prop.o
                0x00000000200000ec                linecoding
 .data.Device_Table
                0x00000000200000f4        0x4 usb_prop.o
                0x00000000200000f4                Device_Table
 .data          0x00000000200000f8        0x4 /opt/local/lib/gcc/arm-none-eabi/4.7.2/../../../../arm-none-eabi/lib/thumb/libc.a(lib_a-ctype_.o)
                0x00000000200000f8                __ctype_ptr__
 *fill*         0x00000000200000fc        0x4 
 .data          0x0000000020000100      0x430 /opt/local/lib/gcc/arm-none-eabi/4.7.2/../../../../arm-none-eabi/lib/thumb/libc.a(lib_a-impure.o)
                0x0000000020000100                _impure_ptr
 .data          0x0000000020000530       0x7c /opt/local/lib/gcc/arm-none-eabi/4.7.2/../../../../arm-none-eabi/lib/thumb/libc.a(lib_a-locale.o)
                0x0000000020000550                __mb_cur_max
 .data          0x00000000200005ac        0x4 /opt/local/lib/gcc/arm-none-eabi/4.7.2/../../../../arm-none-eabi/lib/thumb/libc.a(lib_a-mbtowc_r.o)
                0x00000000200005ac                __mbtowc
 .data          0x00000000200005b0       0x28 /opt/local/lib/gcc/arm-none-eabi/4.7.2/../../../../arm-none-eabi/lib/thumb/libc.a(lib_a-strtod.o)
 .data          0x00000000200005d8      0x410 /opt/local/lib/gcc/arm-none-eabi/4.7.2/../../../../arm-none-eabi/lib/thumb/libc.a(lib_a-mallocr.o)
                0x00000000200005d8                __malloc_av_
                0x00000000200009e0                __malloc_sbrk_base
                0x00000000200009e4                __malloc_trim_threshold
                0x00000000200009e8                . = ALIGN (0x4)
                0x00000000200009e8                _edata = .

.igot.plt       0x00000000200009e8        0x0 load address 0x000000000800fb34
 .igot.plt      0x0000000000000000        0x0 main.o

.bss            0x0000000020000a00     0x179c load address 0x000000000800fc00
                0x0000000020000a00                . = ALIGN (0x4)
                0x0000000020000a00                _sbss = .
 *(.bss .bss.*)
 .bss.Ap_StrCmd_EchoEnable
                0x0000000020000a00        0x1 Ap_StrCmd.o
                0x0000000020000a00                Ap_StrCmd_EchoEnable
 *fill*         0x0000000020000a01        0x1 
 .bss.Seg_Count
                0x0000000020000a02        0x2 Ap_EduMenu.o
                0x0000000020000a02                Seg_Count
 .bss.StrPrintBufIndex
                0x0000000020000a04        0x4 Lb_Printf.o
                0x0000000020000a04                StrPrintBufIndex
 .bss.StrPrintMode
                0x0000000020000a08        0x1 Lb_Printf.o
                0x0000000020000a08                StrPrintMode
 *fill*         0x0000000020000a09        0x3 
 .bss.Timer_Tbl
                0x0000000020000a0c       0xa0 Hw_Timer.o
 .bss.Hw_Timer_Counter
                0x0000000020000aac        0x4 Hw_Timer.o
 .bss.Excute.4398
                0x0000000020000ab0        0x1 Hw_Timer.o
 *fill*         0x0000000020000ab1        0x1 
 .bss.Tmr_Ctn   0x0000000020000ab2        0x2 Hw_Timer.o
 .bss.Hw_KeyPad_EventFlag
                0x0000000020000ab4        0x4 Hw_KeyPad.o
                0x0000000020000ab4                Hw_KeyPad_EventFlag
 .bss.Hw_KeyPad_PressedCount
                0x0000000020000ab8        0x4 Hw_KeyPad.o
                0x0000000020000ab8                Hw_KeyPad_PressedCount
 .bss.Column_Cnt.4388
                0x0000000020000abc        0x1 Hw_7Seg.o
 *fill*         0x0000000020000abd        0x1 
 .bss.TimerCntSaved.4432
                0x0000000020000abe        0x2 Hw_DHT11.o
 .bss.Hw_DHT11_BitIndex
                0x0000000020000ac0        0x4 Hw_DHT11.o
                0x0000000020000ac0                Hw_DHT11_BitIndex
 .bss.State.4413
                0x0000000020000ac4        0x4 Hw_DHT11.o
 .bss.Cnt.4414  0x0000000020000ac8        0x4 Hw_DHT11.o
 .bss.FrameCount.4846
                0x0000000020000acc        0x4 usb_endp.o
 .bss.wCNTR     0x0000000020000ad0        0x4 usb_istr.o
                0x0000000020000ad0                wCNTR
 .bss.bIntPackSOF
                0x0000000020000ad4        0x1 usb_istr.o
                0x0000000020000ad4                bIntPackSOF
 *fill*         0x0000000020000ad5        0x3 
 .bss.esof_counter
                0x0000000020000ad8        0x4 usb_istr.o
                0x0000000020000ad8                esof_counter
 .bss.Request   0x0000000020000adc        0x1 usb_prop.o
                0x0000000020000adc                Request
 *fill*         0x0000000020000add        0x3 
 .bss.bDeviceState
                0x0000000020000ae0        0x4 usb_pwr.o
                0x0000000020000ae0                bDeviceState
 .bss.fSuspendEnabled
                0x0000000020000ae4        0x1 usb_pwr.o
                0x0000000020000ae4                fSuspendEnabled
 *fill*         0x0000000020000ae5        0x3 
 .bss.remotewakeupon
                0x0000000020000ae8        0x4 usb_pwr.o
                0x0000000020000ae8                remotewakeupon
 .bss.USB_Tx_State
                0x0000000020000aec        0x1 hw_config.o
                0x0000000020000aec                USB_Tx_State
 *fill*         0x0000000020000aed        0x3 
 .bss.USART_Rx_ptr_in
                0x0000000020000af0        0x4 hw_config.o
                0x0000000020000af0                USART_Rx_ptr_in
 .bss.USART_Rx_ptr_out
                0x0000000020000af4        0x4 hw_config.o
                0x0000000020000af4                USART_Rx_ptr_out
 .bss.USART_Rx_length
                0x0000000020000af8        0x4 hw_config.o
                0x0000000020000af8                USART_Rx_length
 .bss.Data_Mul_MaxPacketSize
                0x0000000020000afc        0x1 usb_core.o
                0x0000000020000afc                Data_Mul_MaxPacketSize
 *fill*         0x0000000020000afd        0x3 
 .bss           0x0000000020000b00       0xb0 /opt/local/lib/gcc/arm-none-eabi/4.7.2/../../../../arm-none-eabi/lib/thumb/libc.a(lib_a-syscalls.o)
 .bss           0x0000000020000bb0       0x34 /opt/local/lib/gcc/arm-none-eabi/4.7.2/../../../../arm-none-eabi/lib/thumb/libc.a(lib_a-mallocr.o)
                0x0000000020000bb0                __malloc_top_pad
                0x0000000020000bb4                __malloc_current_mallinfo
                0x0000000020000bdc                __malloc_max_sbrked_mem
                0x0000000020000be0                __malloc_max_total_mem
 *(COMMON)
 COMMON         0x0000000020000be4      0x3fd Ap_StrCmd.o
                0x0000000020000be4                Ap_StrCmd_Dic_Ptr
                0x0000000020000f54                Ap_StrCmd_CmdStrExe
                0x0000000020000f90                Ap_StrCmd_ChSize
                0x0000000020000f92                Ap_StrCmd_CmdCheck
                0x0000000020000f94                Ap_StrCmd_CmdStr
                0x0000000020000fd0                Ap_StrCmd_DlyCheck
                0x0000000020000fd4                Ap_StrCmd_PrintPtr
                0x0000000020000fd8                Ap_StrCmd_Size
                0x0000000020000fdc                Ap_StrCmd_PutchPtr
                0x0000000020000fe0                Ap_StrCmd_LoopCheck
 *fill*         0x0000000020000fe1        0x3 
 COMMON         0x0000000020000fe4      0x172 Ap_StrCmd_Q.o
                0x0000000020000fe4                Ap_StrCmd_Q_Start
                0x0000000020000fe8                Ap_StrCmd_Q_Buffer
                0x0000000020001150                Ap_StrCmd_Q_End
                0x0000000020001154                Ap_StrCmd_Q_Size
 *fill*         0x0000000020001156        0x2 
 COMMON         0x0000000020001158        0x4 Lb_Printf.o
                0x0000000020001158                pStrPrintBuf
 COMMON         0x000000002000115c       0x3c Hw_Uart.o
                0x000000002000115c                Hw_Uart_Ch
 *fill*         0x0000000020001198       0x68 
 COMMON         0x0000000020001200      0x190 Hw_ISR.o
                0x0000000020001200                Hw_ISR_VectorTable
 COMMON         0x0000000020001390      0x116 Hw_Uart_Q.o
                0x0000000020001390                Hw_Uart_Q_Buffer
                0x0000000020001478                Hw_Uart_Q_Size
                0x0000000020001488                Hw_Uart_Q_End
                0x0000000020001498                Hw_Uart_Q_Start
 *fill*         0x00000000200014a6        0x2 
 COMMON         0x00000000200014a8      0x200 Hw_VBus.o
                0x00000000200014a8                Hw_VBus_AddrTbl
 COMMON         0x00000000200016a8       0xe0 Hw_KeyPad.o
                0x00000000200016a8                Hw_KeyPad_Data
                0x00000000200016ac                Hw_KeyPad_EventList
                0x00000000200016b8                Hw_KeyPad_Log
                0x0000000020001778                Hw_KeyPad_PressedList
 COMMON         0x0000000020001788        0x4 Hw_7Seg.o
                0x0000000020001788                Hw_7Seg_Data
 COMMON         0x000000002000178c       0x65 Hw_DHT11.o
                0x000000002000178c                Hw_DHT11_BitTbl
                0x00000000200017e8                Hw_DHT11_Log
 *fill*         0x00000000200017f1        0x3 
 COMMON         0x00000000200017f4       0x40 usb_endp.o
                0x00000000200017f4                USB_Rx_Buffer
 COMMON         0x0000000020001834        0x2 usb_istr.o
                0x0000000020001834                wIstr
 *fill*         0x0000000020001836        0x2 
 COMMON         0x0000000020001838       0x24 usb_pwr.o
                0x0000000020001838                ResumeS
                0x000000002000183c                EP
 COMMON         0x000000002000185c      0x800 hw_config.o
                0x000000002000185c                USART_Rx_Buffer
 COMMON         0x000000002000205c        0x2 usb_core.o
                0x000000002000205c                StatusInfo
 *fill*         0x000000002000205e        0x2 
 COMMON         0x0000000020002060       0x32 usb_init.o
                0x0000000020002060                SaveState
                0x0000000020002064                pProperty
                0x0000000020002068                EPindex
                0x000000002000206c                Device_Info
                0x0000000020002088                pUser_Standard_Requests
                0x000000002000208c                pInformation
                0x0000000020002090                wInterrupt_Mask
 COMMON         0x0000000020002092        0x4 usb_int.o
                0x0000000020002092                SaveRState
                0x0000000020002094                SaveTState
 *fill*         0x0000000020002096        0x2 
 COMMON         0x0000000020002098        0x4 /opt/local/lib/gcc/arm-none-eabi/4.7.2/../../../../arm-none-eabi/lib/thumb/libc.a(lib_a-reent.o)
                0x0000000020002098                errno
 COMMON         0x000000002000209c      0x100 /opt/local/lib/gcc/arm-none-eabi/4.7.2/../../../../arm-none-eabi/lib/thumb/libc.a(lib_a-gdtoa-gethex.o)
                0x000000002000209c                __hexdig
                0x000000002000219c                . = ALIGN (0x4)
                0x000000002000219c                _ebss = .
                0x000000002000219c                PROVIDE (end, _ebss)
                0x000000002000219c                PROVIDE (_end, _ebss)

._usrstack      0x000000002000219c      0x100 load address 0x000000000801139c
                0x000000002000219c                . = ALIGN (0x4)
                0x000000002000219c                _susrstack = .
                0x000000002000229c                . = (. + _Minimum_Stack_Size)
 *fill*         0x000000002000219c      0x100 
                0x000000002000229c                . = ALIGN (0x4)
                0x000000002000229c                _eusrstack = .
                0x0000000000000400                __Stack_Size = 0x400
                0x0000000000000400                PROVIDE (_Stack_Size, __Stack_Size)
                0x0000000020004c00                __Stack_Init = (_estack - __Stack_Size)
                0x0000000020004c00                PROVIDE (_Stack_Init, __Stack_Init)
OUTPUT(main.elf elf32-littlearm)

.debug_info     0x0000000000000000    0x2923f
 .debug_info    0x0000000000000000      0x10f main.o
 .debug_info    0x000000000000010f       0x8c Ap.o
 .debug_info    0x000000000000019b      0xd96 Ap_StrCmd.o
 .debug_info    0x0000000000000f31      0x2d4 Ap_StrCmd_Q.o
 .debug_info    0x0000000000001205      0x769 Ap_EduMenu.o
 .debug_info    0x000000000000196e      0x93a Lb_Printf.o
 .debug_info    0x00000000000022a8      0x14a Hw_StartUp.o
 .debug_info    0x00000000000023f2      0x172 Hw.o
 .debug_info    0x0000000000002564      0x638 Hw_Uart.o
 .debug_info    0x0000000000002b9c       0x85 Hw_PLL.o
 .debug_info    0x0000000000002c21      0x160 Hw_ISR.o
 .debug_info    0x0000000000002d81      0x42b Hw_Timer.o
 .debug_info    0x00000000000031ac      0x280 Hw_Uart_Q.o
 .debug_info    0x000000000000342c      0x177 Hw_Adc.o
 .debug_info    0x00000000000035a3      0x2df Hw_Led.o
 .debug_info    0x0000000000003882      0x151 Hw_VCom.o
 .debug_info    0x00000000000039d3      0x57b Hw_VBus.o
 .debug_info    0x0000000000003f4e      0x5a9 Hw_KeyPad.o
 .debug_info    0x00000000000044f7      0x31c Hw_7Seg.o
 .debug_info    0x0000000000004813      0x630 Hw_CLcd.o
 .debug_info    0x0000000000004e43       0xd4 Hw_Cds.o
 .debug_info    0x0000000000004f17      0x50c Hw_DHT11.o
 .debug_info    0x0000000000005423      0x154 usb_desc.o
 .debug_info    0x0000000000005577      0x22f usb_endp.o
 .debug_info    0x00000000000057a6      0x372 usb_istr.o
 .debug_info    0x0000000000005b18      0xacf usb_prop.o
 .debug_info    0x00000000000065e7      0x34a usb_pwr.o
 .debug_info    0x0000000000006931      0x61b hw_config.o
 .debug_info    0x0000000000006f4c      0xde6 usb_core.o
 .debug_info    0x0000000000007d32      0x474 usb_init.o
 .debug_info    0x00000000000081a6      0x1a2 usb_mem.o
 .debug_info    0x0000000000008348      0xdaa usb_regs.o
 .debug_info    0x00000000000090f2      0x1c0 usb_sil.o
 .debug_info    0x00000000000092b2      0x18d usb_int.o
 .debug_info    0x000000000000943f       0x6d /opt/local/lib/gcc/arm-none-eabi/4.7.2/../../../../arm-none-eabi/lib/thumb/libc.a(lib_a-ctype_.o)
 .debug_info    0x00000000000094ac      0xb19 /opt/local/lib/gcc/arm-none-eabi/4.7.2/../../../../arm-none-eabi/lib/thumb/libc.a(lib_a-sscanf.o)
 .debug_info    0x0000000000009fc5      0xc7c /opt/local/lib/gcc/arm-none-eabi/4.7.2/../../../../arm-none-eabi/lib/thumb/libc.a(lib_a-stdio.o)
 .debug_info    0x000000000000ac41       0xcd /opt/local/lib/gcc/arm-none-eabi/4.7.2/../../../../arm-none-eabi/lib/thumb/libc.a(lib_a-strlen.o)
 .debug_info    0x000000000000ad0e       0xf6 /opt/local/lib/gcc/arm-none-eabi/4.7.2/../../../../arm-none-eabi/lib/thumb/libc.a(lib_a-strncmp.o)
 .debug_info    0x000000000000ae04     0x1357 /opt/local/lib/gcc/arm-none-eabi/4.7.2/../../../../arm-none-eabi/lib/thumb/libc.a(lib_a-svfscanf.o)
 .debug_info    0x000000000000c15b      0x9ff /opt/local/lib/gcc/arm-none-eabi/4.7.2/../../../../arm-none-eabi/lib/thumb/libc.a(lib_a-writer.o)
 .debug_info    0x000000000000cb5a      0x9b6 /opt/local/lib/gcc/arm-none-eabi/4.7.2/../../../../arm-none-eabi/lib/thumb/libc.a(lib_a-closer.o)
 .debug_info    0x000000000000d510      0x961 /opt/local/lib/gcc/arm-none-eabi/4.7.2/../../../../arm-none-eabi/lib/thumb/libc.a(lib_a-impure.o)
 .debug_info    0x000000000000de71       0xc6 /opt/local/lib/gcc/arm-none-eabi/4.7.2/../../../../arm-none-eabi/lib/thumb/libc.a(lib_a-iswspace.o)
 .debug_info    0x000000000000df37      0xd0c /opt/local/lib/gcc/arm-none-eabi/4.7.2/../../../../arm-none-eabi/lib/thumb/libc.a(lib_a-locale.o)
 .debug_info    0x000000000000ec43      0x9ed /opt/local/lib/gcc/arm-none-eabi/4.7.2/../../../../arm-none-eabi/lib/thumb/libc.a(lib_a-lseekr.o)
 .debug_info    0x000000000000f630      0xb5f /opt/local/lib/gcc/arm-none-eabi/4.7.2/../../../../arm-none-eabi/lib/thumb/libc.a(lib_a-mbrtowc.o)
 .debug_info    0x000000000001018f      0xacb /opt/local/lib/gcc/arm-none-eabi/4.7.2/../../../../arm-none-eabi/lib/thumb/libc.a(lib_a-mbtowc_r.o)
 .debug_info    0x0000000000010c5a      0x119 /opt/local/lib/gcc/arm-none-eabi/4.7.2/../../../../arm-none-eabi/lib/thumb/libc.a(lib_a-memset.o)
 .debug_info    0x0000000000010d73      0x9f8 /opt/local/lib/gcc/arm-none-eabi/4.7.2/../../../../arm-none-eabi/lib/thumb/libc.a(lib_a-readr.o)
 .debug_info    0x000000000001176b      0xb27 /opt/local/lib/gcc/arm-none-eabi/4.7.2/../../../../arm-none-eabi/lib/thumb/libc.a(lib_a-reent.o)
 .debug_info    0x0000000000012292      0x147 /opt/local/lib/gcc/arm-none-eabi/4.7.2/../../../../arm-none-eabi/lib/thumb/libc.a(lib_a-s_fpclassify.o)
 .debug_info    0x00000000000123d9      0x100 /opt/local/lib/gcc/arm-none-eabi/4.7.2/../../../../arm-none-eabi/lib/thumb/libc.a(lib_a-sccl.o)
 .debug_info    0x00000000000124d9       0xce /opt/local/lib/gcc/arm-none-eabi/4.7.2/../../../../arm-none-eabi/lib/thumb/libc.a(lib_a-sf_nan.o)
 .debug_info    0x00000000000125a7      0xacf /opt/local/lib/gcc/arm-none-eabi/4.7.2/../../../../arm-none-eabi/lib/thumb/libc.a(lib_a-sprintf.o)
 .debug_info    0x0000000000013076       0xb5 /opt/local/lib/gcc/arm-none-eabi/4.7.2/../../../../arm-none-eabi/lib/thumb/libc.a(lib_a-strcmp.o)
 .debug_info    0x000000000001312b     0x188f /opt/local/lib/gcc/arm-none-eabi/4.7.2/../../../../arm-none-eabi/lib/thumb/libc.a(lib_a-strtod.o)
 .debug_info    0x00000000000149ba      0xa80 /opt/local/lib/gcc/arm-none-eabi/4.7.2/../../../../arm-none-eabi/lib/thumb/libc.a(lib_a-strtol.o)
 .debug_info    0x000000000001543a      0xa80 /opt/local/lib/gcc/arm-none-eabi/4.7.2/../../../../arm-none-eabi/lib/thumb/libc.a(lib_a-strtoul.o)
 .debug_info    0x0000000000015eba     0x122c /opt/local/lib/gcc/arm-none-eabi/4.7.2/../../../../arm-none-eabi/lib/thumb/libc.a(lib_a-svfiscanf.o)
 .debug_info    0x00000000000170e6     0x1769 /opt/local/lib/gcc/arm-none-eabi/4.7.2/../../../../arm-none-eabi/lib/thumb/libc.a(lib_a-svfprintf.o)
 .debug_info    0x000000000001884f     0x1dca /opt/local/lib/gcc/arm-none-eabi/4.7.2/../../../../arm-none-eabi/lib/thumb/libc.a(lib_a-syscalls.o)
 .debug_info    0x000000000001a619      0xb72 /opt/local/lib/gcc/arm-none-eabi/4.7.2/../../../../arm-none-eabi/lib/thumb/libc.a(lib_a-ungetc.o)
 .debug_info    0x000000000001b18b     0x143f /opt/local/lib/gcc/arm-none-eabi/4.7.2/../../../../arm-none-eabi/lib/thumb/libc.a(lib_a-dtoa.o)
 .debug_info    0x000000000001c5ca      0x95a /opt/local/lib/gcc/arm-none-eabi/4.7.2/../../../../arm-none-eabi/lib/thumb/libc.a(lib_a-errno.o)
 .debug_info    0x000000000001cf24      0xb86 /opt/local/lib/gcc/arm-none-eabi/4.7.2/../../../../arm-none-eabi/lib/thumb/libc.a(lib_a-fflush.o)
 .debug_info    0x000000000001daaa      0xdbf /opt/local/lib/gcc/arm-none-eabi/4.7.2/../../../../arm-none-eabi/lib/thumb/libc.a(lib_a-findfp.o)
 .debug_info    0x000000000001e869      0xd0e /opt/local/lib/gcc/arm-none-eabi/4.7.2/../../../../arm-none-eabi/lib/thumb/libc.a(lib_a-freer.o)
 .debug_info    0x000000000001f577      0xa79 /opt/local/lib/gcc/arm-none-eabi/4.7.2/../../../../arm-none-eabi/lib/thumb/libc.a(lib_a-fwalk.o)
 .debug_info    0x000000000001fff0     0x1356 /opt/local/lib/gcc/arm-none-eabi/4.7.2/../../../../arm-none-eabi/lib/thumb/libc.a(lib_a-gdtoa-gethex.o)
 .debug_info    0x0000000000021346      0x328 /opt/local/lib/gcc/arm-none-eabi/4.7.2/../../../../arm-none-eabi/lib/thumb/libc.a(lib_a-gdtoa-hexnan.o)
 .debug_info    0x000000000002166e      0xe72 /opt/local/lib/gcc/arm-none-eabi/4.7.2/../../../../arm-none-eabi/lib/thumb/libc.a(lib_a-mallocr.o)
 .debug_info    0x00000000000224e0      0x12c /opt/local/lib/gcc/arm-none-eabi/4.7.2/../../../../arm-none-eabi/lib/thumb/libc.a(lib_a-memchr-stub.o)
 .debug_info    0x000000000002260c      0x132 /opt/local/lib/gcc/arm-none-eabi/4.7.2/../../../../arm-none-eabi/lib/thumb/libc.a(lib_a-memcpy-stub.o)
 .debug_info    0x000000000002273e      0x985 /opt/local/lib/gcc/arm-none-eabi/4.7.2/../../../../arm-none-eabi/lib/thumb/libc.a(lib_a-mlock.o)
 .debug_info    0x00000000000230c3     0x177e /opt/local/lib/gcc/arm-none-eabi/4.7.2/../../../../arm-none-eabi/lib/thumb/libc.a(lib_a-mprec.o)
 .debug_info    0x0000000000024841      0xdae /opt/local/lib/gcc/arm-none-eabi/4.7.2/../../../../arm-none-eabi/lib/thumb/libc.a(lib_a-reallocr.o)
 .debug_info    0x00000000000255ef      0x9cc /opt/local/lib/gcc/arm-none-eabi/4.7.2/../../../../arm-none-eabi/lib/thumb/libc.a(lib_a-sbrkr.o)
 .debug_info    0x0000000000025fbb     0x111d /opt/local/lib/gcc/arm-none-eabi/4.7.2/../../../../arm-none-eabi/lib/thumb/libc.a(lib_a-svfiprintf.o)
 .debug_info    0x00000000000270d8      0xac6 /opt/local/lib/gcc/arm-none-eabi/4.7.2/../../../../arm-none-eabi/lib/thumb/libc.a(lib_a-callocr.o)
 .debug_info    0x0000000000027b9e      0xab0 /opt/local/lib/gcc/arm-none-eabi/4.7.2/../../../../arm-none-eabi/lib/thumb/libc.a(lib_a-fclose.o)
 .debug_info    0x000000000002864e      0x132 /opt/local/lib/gcc/arm-none-eabi/4.7.2/../../../../arm-none-eabi/lib/thumb/libc.a(lib_a-memmove.o)
 .debug_info    0x0000000000028780      0x131 /opt/local/lib/gcc/arm-none-eabi/4.7.2/thumb/libgcc.a(_udivsi3.o)
 .debug_info    0x00000000000288b1      0x131 /opt/local/lib/gcc/arm-none-eabi/4.7.2/thumb/libgcc.a(_divsi3.o)
 .debug_info    0x00000000000289e2      0x131 /opt/local/lib/gcc/arm-none-eabi/4.7.2/thumb/libgcc.a(_dvmd_tls.o)
 .debug_info    0x0000000000028b13      0x132 /opt/local/lib/gcc/arm-none-eabi/4.7.2/thumb/libgcc.a(_arm_addsubdf3.o)
 .debug_info    0x0000000000028c45      0x132 /opt/local/lib/gcc/arm-none-eabi/4.7.2/thumb/libgcc.a(_arm_muldivdf3.o)
 .debug_info    0x0000000000028d77      0x132 /opt/local/lib/gcc/arm-none-eabi/4.7.2/thumb/libgcc.a(_arm_cmpdf2.o)
 .debug_info    0x0000000000028ea9      0x132 /opt/local/lib/gcc/arm-none-eabi/4.7.2/thumb/libgcc.a(_arm_fixdfsi.o)
 .debug_info    0x0000000000028fdb      0x132 /opt/local/lib/gcc/arm-none-eabi/4.7.2/thumb/libgcc.a(_arm_fixunsdfsi.o)
 .debug_info    0x000000000002910d      0x132 /opt/local/lib/gcc/arm-none-eabi/4.7.2/thumb/libgcc.a(_arm_truncdfsf2.o)

.debug_abbrev   0x0000000000000000     0x8fd1
 .debug_abbrev  0x0000000000000000       0xaa main.o
 .debug_abbrev  0x00000000000000aa       0x4d Ap.o
 .debug_abbrev  0x00000000000000f7      0x411 Ap_StrCmd.o
 .debug_abbrev  0x0000000000000508      0x168 Ap_StrCmd_Q.o
 .debug_abbrev  0x0000000000000670      0x19d Ap_EduMenu.o
 .debug_abbrev  0x000000000000080d      0x347 Lb_Printf.o
 .debug_abbrev  0x0000000000000b54       0xd0 Hw_StartUp.o
 .debug_abbrev  0x0000000000000c24       0xf1 Hw.o
 .debug_abbrev  0x0000000000000d15      0x2b9 Hw_Uart.o
 .debug_abbrev  0x0000000000000fce       0x44 Hw_PLL.o
 .debug_abbrev  0x0000000000001012       0xd1 Hw_ISR.o
 .debug_abbrev  0x00000000000010e3      0x22f Hw_Timer.o
 .debug_abbrev  0x0000000000001312      0x14e Hw_Uart_Q.o
 .debug_abbrev  0x0000000000001460      0x127 Hw_Adc.o
 .debug_abbrev  0x0000000000001587      0x14d Hw_Led.o
 .debug_abbrev  0x00000000000016d4       0xe6 Hw_VCom.o
 .debug_abbrev  0x00000000000017ba      0x234 Hw_VBus.o
 .debug_abbrev  0x00000000000019ee      0x22f Hw_KeyPad.o
 .debug_abbrev  0x0000000000001c1d      0x1c7 Hw_7Seg.o
 .debug_abbrev  0x0000000000001de4      0x218 Hw_CLcd.o
 .debug_abbrev  0x0000000000001ffc       0x8f Hw_Cds.o
 .debug_abbrev  0x000000000000208b      0x201 Hw_DHT11.o
 .debug_abbrev  0x000000000000228c       0x5d usb_desc.o
 .debug_abbrev  0x00000000000022e9       0xf2 usb_endp.o
 .debug_abbrev  0x00000000000023db      0x138 usb_istr.o
 .debug_abbrev  0x0000000000002513      0x221 usb_prop.o
 .debug_abbrev  0x0000000000002734      0x18b usb_pwr.o
 .debug_abbrev  0x00000000000028bf      0x2ae hw_config.o
 .debug_abbrev  0x0000000000002b6d      0x38e usb_core.o
 .debug_abbrev  0x0000000000002efb      0x10a usb_init.o
 .debug_abbrev  0x0000000000003005       0xa3 usb_mem.o
 .debug_abbrev  0x00000000000030a8      0x227 usb_regs.o
 .debug_abbrev  0x00000000000032cf       0xc7 usb_sil.o
 .debug_abbrev  0x0000000000003396       0xd0 usb_int.o
 .debug_abbrev  0x0000000000003466       0x4c /opt/local/lib/gcc/arm-none-eabi/4.7.2/../../../../arm-none-eabi/lib/thumb/libc.a(lib_a-ctype_.o)
 .debug_abbrev  0x00000000000034b2      0x207 /opt/local/lib/gcc/arm-none-eabi/4.7.2/../../../../arm-none-eabi/lib/thumb/libc.a(lib_a-sscanf.o)
 .debug_abbrev  0x00000000000036b9      0x229 /opt/local/lib/gcc/arm-none-eabi/4.7.2/../../../../arm-none-eabi/lib/thumb/libc.a(lib_a-stdio.o)
 .debug_abbrev  0x00000000000038e2       0x8a /opt/local/lib/gcc/arm-none-eabi/4.7.2/../../../../arm-none-eabi/lib/thumb/libc.a(lib_a-strlen.o)
 .debug_abbrev  0x000000000000396c       0x7f /opt/local/lib/gcc/arm-none-eabi/4.7.2/../../../../arm-none-eabi/lib/thumb/libc.a(lib_a-strncmp.o)
 .debug_abbrev  0x00000000000039eb      0x2b5 /opt/local/lib/gcc/arm-none-eabi/4.7.2/../../../../arm-none-eabi/lib/thumb/libc.a(lib_a-svfscanf.o)
 .debug_abbrev  0x0000000000003ca0      0x1d4 /opt/local/lib/gcc/arm-none-eabi/4.7.2/../../../../arm-none-eabi/lib/thumb/libc.a(lib_a-writer.o)
 .debug_abbrev  0x0000000000003e74      0x1cf /opt/local/lib/gcc/arm-none-eabi/4.7.2/../../../../arm-none-eabi/lib/thumb/libc.a(lib_a-closer.o)
 .debug_abbrev  0x0000000000004043      0x160 /opt/local/lib/gcc/arm-none-eabi/4.7.2/../../../../arm-none-eabi/lib/thumb/libc.a(lib_a-impure.o)
 .debug_abbrev  0x00000000000041a3       0x81 /opt/local/lib/gcc/arm-none-eabi/4.7.2/../../../../arm-none-eabi/lib/thumb/libc.a(lib_a-iswspace.o)
 .debug_abbrev  0x0000000000004224      0x277 /opt/local/lib/gcc/arm-none-eabi/4.7.2/../../../../arm-none-eabi/lib/thumb/libc.a(lib_a-locale.o)
 .debug_abbrev  0x000000000000449b      0x1de /opt/local/lib/gcc/arm-none-eabi/4.7.2/../../../../arm-none-eabi/lib/thumb/libc.a(lib_a-lseekr.o)
 .debug_abbrev  0x0000000000004679      0x1f5 /opt/local/lib/gcc/arm-none-eabi/4.7.2/../../../../arm-none-eabi/lib/thumb/libc.a(lib_a-mbrtowc.o)
 .debug_abbrev  0x000000000000486e      0x1f4 /opt/local/lib/gcc/arm-none-eabi/4.7.2/../../../../arm-none-eabi/lib/thumb/libc.a(lib_a-mbtowc_r.o)
 .debug_abbrev  0x0000000000004a62       0xac /opt/local/lib/gcc/arm-none-eabi/4.7.2/../../../../arm-none-eabi/lib/thumb/libc.a(lib_a-memset.o)
 .debug_abbrev  0x0000000000004b0e      0x1cf /opt/local/lib/gcc/arm-none-eabi/4.7.2/../../../../arm-none-eabi/lib/thumb/libc.a(lib_a-readr.o)
 .debug_abbrev  0x0000000000004cdd      0x244 /opt/local/lib/gcc/arm-none-eabi/4.7.2/../../../../arm-none-eabi/lib/thumb/libc.a(lib_a-reent.o)
 .debug_abbrev  0x0000000000004f21       0xc6 /opt/local/lib/gcc/arm-none-eabi/4.7.2/../../../../arm-none-eabi/lib/thumb/libc.a(lib_a-s_fpclassify.o)
 .debug_abbrev  0x0000000000004fe7       0x87 /opt/local/lib/gcc/arm-none-eabi/4.7.2/../../../../arm-none-eabi/lib/thumb/libc.a(lib_a-sccl.o)
 .debug_abbrev  0x000000000000506e       0x70 /opt/local/lib/gcc/arm-none-eabi/4.7.2/../../../../arm-none-eabi/lib/thumb/libc.a(lib_a-sf_nan.o)
 .debug_abbrev  0x00000000000050de      0x1fa /opt/local/lib/gcc/arm-none-eabi/4.7.2/../../../../arm-none-eabi/lib/thumb/libc.a(lib_a-sprintf.o)
 .debug_abbrev  0x00000000000052d8       0x70 /opt/local/lib/gcc/arm-none-eabi/4.7.2/../../../../arm-none-eabi/lib/thumb/libc.a(lib_a-strcmp.o)
 .debug_abbrev  0x0000000000005348      0x3ac /opt/local/lib/gcc/arm-none-eabi/4.7.2/../../../../arm-none-eabi/lib/thumb/libc.a(lib_a-strtod.o)
 .debug_abbrev  0x00000000000056f4      0x1f1 /opt/local/lib/gcc/arm-none-eabi/4.7.2/../../../../arm-none-eabi/lib/thumb/libc.a(lib_a-strtol.o)
 .debug_abbrev  0x00000000000058e5      0x1f1 /opt/local/lib/gcc/arm-none-eabi/4.7.2/../../../../arm-none-eabi/lib/thumb/libc.a(lib_a-strtoul.o)
 .debug_abbrev  0x0000000000005ad6      0x349 /opt/local/lib/gcc/arm-none-eabi/4.7.2/../../../../arm-none-eabi/lib/thumb/libc.a(lib_a-svfiscanf.o)
 .debug_abbrev  0x0000000000005e1f      0x351 /opt/local/lib/gcc/arm-none-eabi/4.7.2/../../../../arm-none-eabi/lib/thumb/libc.a(lib_a-svfprintf.o)
 .debug_abbrev  0x0000000000006170      0x4e7 /opt/local/lib/gcc/arm-none-eabi/4.7.2/../../../../arm-none-eabi/lib/thumb/libc.a(lib_a-syscalls.o)
 .debug_abbrev  0x0000000000006657      0x220 /opt/local/lib/gcc/arm-none-eabi/4.7.2/../../../../arm-none-eabi/lib/thumb/libc.a(lib_a-ungetc.o)
 .debug_abbrev  0x0000000000006877      0x2ad /opt/local/lib/gcc/arm-none-eabi/4.7.2/../../../../arm-none-eabi/lib/thumb/libc.a(lib_a-dtoa.o)
 .debug_abbrev  0x0000000000006b24      0x16f /opt/local/lib/gcc/arm-none-eabi/4.7.2/../../../../arm-none-eabi/lib/thumb/libc.a(lib_a-errno.o)
 .debug_abbrev  0x0000000000006c93      0x25d /opt/local/lib/gcc/arm-none-eabi/4.7.2/../../../../arm-none-eabi/lib/thumb/libc.a(lib_a-fflush.o)
 .debug_abbrev  0x0000000000006ef0      0x2ec /opt/local/lib/gcc/arm-none-eabi/4.7.2/../../../../arm-none-eabi/lib/thumb/libc.a(lib_a-findfp.o)
 .debug_abbrev  0x00000000000071dc      0x24d /opt/local/lib/gcc/arm-none-eabi/4.7.2/../../../../arm-none-eabi/lib/thumb/libc.a(lib_a-freer.o)
 .debug_abbrev  0x0000000000007429      0x1a4 /opt/local/lib/gcc/arm-none-eabi/4.7.2/../../../../arm-none-eabi/lib/thumb/libc.a(lib_a-fwalk.o)
 .debug_abbrev  0x00000000000075cd      0x380 /opt/local/lib/gcc/arm-none-eabi/4.7.2/../../../../arm-none-eabi/lib/thumb/libc.a(lib_a-gdtoa-gethex.o)
 .debug_abbrev  0x000000000000794d      0x161 /opt/local/lib/gcc/arm-none-eabi/4.7.2/../../../../arm-none-eabi/lib/thumb/libc.a(lib_a-gdtoa-hexnan.o)
 .debug_abbrev  0x0000000000007aae      0x284 /opt/local/lib/gcc/arm-none-eabi/4.7.2/../../../../arm-none-eabi/lib/thumb/libc.a(lib_a-mallocr.o)
 .debug_abbrev  0x0000000000007d32       0xa9 /opt/local/lib/gcc/arm-none-eabi/4.7.2/../../../../arm-none-eabi/lib/thumb/libc.a(lib_a-memchr-stub.o)
 .debug_abbrev  0x0000000000007ddb       0xa9 /opt/local/lib/gcc/arm-none-eabi/4.7.2/../../../../arm-none-eabi/lib/thumb/libc.a(lib_a-memcpy-stub.o)
 .debug_abbrev  0x0000000000007e84      0x17a /opt/local/lib/gcc/arm-none-eabi/4.7.2/../../../../arm-none-eabi/lib/thumb/libc.a(lib_a-mlock.o)
 .debug_abbrev  0x0000000000007ffe      0x35a /opt/local/lib/gcc/arm-none-eabi/4.7.2/../../../../arm-none-eabi/lib/thumb/libc.a(lib_a-mprec.o)
 .debug_abbrev  0x0000000000008358      0x232 /opt/local/lib/gcc/arm-none-eabi/4.7.2/../../../../arm-none-eabi/lib/thumb/libc.a(lib_a-reallocr.o)
 .debug_abbrev  0x000000000000858a      0x1dd /opt/local/lib/gcc/arm-none-eabi/4.7.2/../../../../arm-none-eabi/lib/thumb/libc.a(lib_a-sbrkr.o)
 .debug_abbrev  0x0000000000008767      0x2c9 /opt/local/lib/gcc/arm-none-eabi/4.7.2/../../../../arm-none-eabi/lib/thumb/libc.a(lib_a-svfiprintf.o)
 .debug_abbrev  0x0000000000008a30      0x204 /opt/local/lib/gcc/arm-none-eabi/4.7.2/../../../../arm-none-eabi/lib/thumb/libc.a(lib_a-callocr.o)
 .debug_abbrev  0x0000000000008c34      0x240 /opt/local/lib/gcc/arm-none-eabi/4.7.2/../../../../arm-none-eabi/lib/thumb/libc.a(lib_a-fclose.o)
 .debug_abbrev  0x0000000000008e74       0xa9 /opt/local/lib/gcc/arm-none-eabi/4.7.2/../../../../arm-none-eabi/lib/thumb/libc.a(lib_a-memmove.o)
 .debug_abbrev  0x0000000000008f1d       0x14 /opt/local/lib/gcc/arm-none-eabi/4.7.2/thumb/libgcc.a(_udivsi3.o)
 .debug_abbrev  0x0000000000008f31       0x14 /opt/local/lib/gcc/arm-none-eabi/4.7.2/thumb/libgcc.a(_divsi3.o)
 .debug_abbrev  0x0000000000008f45       0x14 /opt/local/lib/gcc/arm-none-eabi/4.7.2/thumb/libgcc.a(_dvmd_tls.o)
 .debug_abbrev  0x0000000000008f59       0x14 /opt/local/lib/gcc/arm-none-eabi/4.7.2/thumb/libgcc.a(_arm_addsubdf3.o)
 .debug_abbrev  0x0000000000008f6d       0x14 /opt/local/lib/gcc/arm-none-eabi/4.7.2/thumb/libgcc.a(_arm_muldivdf3.o)
 .debug_abbrev  0x0000000000008f81       0x14 /opt/local/lib/gcc/arm-none-eabi/4.7.2/thumb/libgcc.a(_arm_cmpdf2.o)
 .debug_abbrev  0x0000000000008f95       0x14 /opt/local/lib/gcc/arm-none-eabi/4.7.2/thumb/libgcc.a(_arm_fixdfsi.o)
 .debug_abbrev  0x0000000000008fa9       0x14 /opt/local/lib/gcc/arm-none-eabi/4.7.2/thumb/libgcc.a(_arm_fixunsdfsi.o)
 .debug_abbrev  0x0000000000008fbd       0x14 /opt/local/lib/gcc/arm-none-eabi/4.7.2/thumb/libgcc.a(_arm_truncdfsf2.o)

.debug_loc      0x0000000000000000    0x1cedb
 .debug_loc     0x0000000000000000       0x4c main.o
 .debug_loc     0x000000000000004c       0x20 Ap.o
 .debug_loc     0x000000000000006c      0x859 Ap_StrCmd.o
 .debug_loc     0x00000000000008c5      0x1a3 Ap_StrCmd_Q.o
 .debug_loc     0x0000000000000a68      0x265 Ap_EduMenu.o
 .debug_loc     0x0000000000000ccd      0xd95 Lb_Printf.o
 .debug_loc     0x0000000000001a62       0x76 Hw_StartUp.o
 .debug_loc     0x0000000000001ad8       0xd7 Hw.o
 .debug_loc     0x0000000000001baf      0x56c Hw_Uart.o
 .debug_loc     0x000000000000211b       0x42 Hw_ISR.o
 .debug_loc     0x000000000000215d      0x198 Hw_Timer.o
 .debug_loc     0x00000000000022f5      0x18d Hw_Uart_Q.o
 .debug_loc     0x0000000000002482       0xa3 Hw_Adc.o
 .debug_loc     0x0000000000002525      0x20f Hw_Led.o
 .debug_loc     0x0000000000002734       0x8d Hw_VCom.o
 .debug_loc     0x00000000000027c1      0x44f Hw_VBus.o
 .debug_loc     0x0000000000002c10      0x55d Hw_KeyPad.o
 .debug_loc     0x000000000000316d      0x2c6 Hw_7Seg.o
 .debug_loc     0x0000000000003433      0x325 Hw_CLcd.o
 .debug_loc     0x0000000000003758       0x53 Hw_Cds.o
 .debug_loc     0x00000000000037ab      0x2a1 Hw_DHT11.o
 .debug_loc     0x0000000000003a4c       0xb1 usb_endp.o
 .debug_loc     0x0000000000003afd       0x6e usb_istr.o
 .debug_loc     0x0000000000003b6b      0x2a4 usb_prop.o
 .debug_loc     0x0000000000003e0f      0x252 usb_pwr.o
 .debug_loc     0x0000000000004061      0x21b hw_config.o
 .debug_loc     0x000000000000427c      0xb10 usb_core.o
 .debug_loc     0x0000000000004d8c       0x20 usb_init.o
 .debug_loc     0x0000000000004dac      0x237 usb_mem.o
 .debug_loc     0x0000000000004fe3      0xc9e usb_regs.o
 .debug_loc     0x0000000000005c81      0x135 usb_sil.o
 .debug_loc     0x0000000000005db6      0x15a usb_int.o
 .debug_loc     0x0000000000005f10       0xe0 /opt/local/lib/gcc/arm-none-eabi/4.7.2/../../../../arm-none-eabi/lib/thumb/libc.a(lib_a-sscanf.o)
 .debug_loc     0x0000000000005ff0      0x2c7 /opt/local/lib/gcc/arm-none-eabi/4.7.2/../../../../arm-none-eabi/lib/thumb/libc.a(lib_a-stdio.o)
 .debug_loc     0x00000000000062b7       0x21 /opt/local/lib/gcc/arm-none-eabi/4.7.2/../../../../arm-none-eabi/lib/thumb/libc.a(lib_a-strlen.o)
 .debug_loc     0x00000000000062d8      0x1d9 /opt/local/lib/gcc/arm-none-eabi/4.7.2/../../../../arm-none-eabi/lib/thumb/libc.a(lib_a-strncmp.o)
 .debug_loc     0x00000000000064b1     0x1ca2 /opt/local/lib/gcc/arm-none-eabi/4.7.2/../../../../arm-none-eabi/lib/thumb/libc.a(lib_a-svfscanf.o)
 .debug_loc     0x0000000000008153       0xd0 /opt/local/lib/gcc/arm-none-eabi/4.7.2/../../../../arm-none-eabi/lib/thumb/libc.a(lib_a-writer.o)
 .debug_loc     0x0000000000008223       0x78 /opt/local/lib/gcc/arm-none-eabi/4.7.2/../../../../arm-none-eabi/lib/thumb/libc.a(lib_a-closer.o)
 .debug_loc     0x000000000000829b       0x4c /opt/local/lib/gcc/arm-none-eabi/4.7.2/../../../../arm-none-eabi/lib/thumb/libc.a(lib_a-iswspace.o)
 .debug_loc     0x00000000000082e7      0x127 /opt/local/lib/gcc/arm-none-eabi/4.7.2/../../../../arm-none-eabi/lib/thumb/libc.a(lib_a-locale.o)
 .debug_loc     0x000000000000840e       0xd0 /opt/local/lib/gcc/arm-none-eabi/4.7.2/../../../../arm-none-eabi/lib/thumb/libc.a(lib_a-lseekr.o)
 .debug_loc     0x00000000000084de      0x2df /opt/local/lib/gcc/arm-none-eabi/4.7.2/../../../../arm-none-eabi/lib/thumb/libc.a(lib_a-mbrtowc.o)
 .debug_loc     0x00000000000087bd      0x1b1 /opt/local/lib/gcc/arm-none-eabi/4.7.2/../../../../arm-none-eabi/lib/thumb/libc.a(lib_a-mbtowc_r.o)
 .debug_loc     0x000000000000896e      0x17e /opt/local/lib/gcc/arm-none-eabi/4.7.2/../../../../arm-none-eabi/lib/thumb/libc.a(lib_a-memset.o)
 .debug_loc     0x0000000000008aec       0xd0 /opt/local/lib/gcc/arm-none-eabi/4.7.2/../../../../arm-none-eabi/lib/thumb/libc.a(lib_a-readr.o)
 .debug_loc     0x0000000000008bbc      0x1d8 /opt/local/lib/gcc/arm-none-eabi/4.7.2/../../../../arm-none-eabi/lib/thumb/libc.a(lib_a-reent.o)
 .debug_loc     0x0000000000008d94       0xaf /opt/local/lib/gcc/arm-none-eabi/4.7.2/../../../../arm-none-eabi/lib/thumb/libc.a(lib_a-s_fpclassify.o)
 .debug_loc     0x0000000000008e43      0x1fc /opt/local/lib/gcc/arm-none-eabi/4.7.2/../../../../arm-none-eabi/lib/thumb/libc.a(lib_a-sccl.o)
 .debug_loc     0x000000000000903f       0x21 /opt/local/lib/gcc/arm-none-eabi/4.7.2/../../../../arm-none-eabi/lib/thumb/libc.a(lib_a-sf_nan.o)
 .debug_loc     0x0000000000009060      0x106 /opt/local/lib/gcc/arm-none-eabi/4.7.2/../../../../arm-none-eabi/lib/thumb/libc.a(lib_a-sprintf.o)
 .debug_loc     0x0000000000009166       0x21 /opt/local/lib/gcc/arm-none-eabi/4.7.2/../../../../arm-none-eabi/lib/thumb/libc.a(lib_a-strcmp.o)
 .debug_loc     0x0000000000009187     0x2650 /opt/local/lib/gcc/arm-none-eabi/4.7.2/../../../../arm-none-eabi/lib/thumb/libc.a(lib_a-strtod.o)
 .debug_loc     0x000000000000b7d7      0x3fa /opt/local/lib/gcc/arm-none-eabi/4.7.2/../../../../arm-none-eabi/lib/thumb/libc.a(lib_a-strtol.o)
 .debug_loc     0x000000000000bbd1      0x409 /opt/local/lib/gcc/arm-none-eabi/4.7.2/../../../../arm-none-eabi/lib/thumb/libc.a(lib_a-strtoul.o)
 .debug_loc     0x000000000000bfda     0x16f7 /opt/local/lib/gcc/arm-none-eabi/4.7.2/../../../../arm-none-eabi/lib/thumb/libc.a(lib_a-svfiscanf.o)
 .debug_loc     0x000000000000d6d1     0x3073 /opt/local/lib/gcc/arm-none-eabi/4.7.2/../../../../arm-none-eabi/lib/thumb/libc.a(lib_a-svfprintf.o)
 .debug_loc     0x0000000000010744     0x1299 /opt/local/lib/gcc/arm-none-eabi/4.7.2/../../../../arm-none-eabi/lib/thumb/libc.a(lib_a-syscalls.o)
 .debug_loc     0x00000000000119dd      0x274 /opt/local/lib/gcc/arm-none-eabi/4.7.2/../../../../arm-none-eabi/lib/thumb/libc.a(lib_a-ungetc.o)
 .debug_loc     0x0000000000011c51     0x244e /opt/local/lib/gcc/arm-none-eabi/4.7.2/../../../../arm-none-eabi/lib/thumb/libc.a(lib_a-dtoa.o)
 .debug_loc     0x000000000001409f      0x33c /opt/local/lib/gcc/arm-none-eabi/4.7.2/../../../../arm-none-eabi/lib/thumb/libc.a(lib_a-fflush.o)
 .debug_loc     0x00000000000143db      0x362 /opt/local/lib/gcc/arm-none-eabi/4.7.2/../../../../arm-none-eabi/lib/thumb/libc.a(lib_a-findfp.o)
 .debug_loc     0x000000000001473d      0x685 /opt/local/lib/gcc/arm-none-eabi/4.7.2/../../../../arm-none-eabi/lib/thumb/libc.a(lib_a-freer.o)
 .debug_loc     0x0000000000014dc2      0x1f7 /opt/local/lib/gcc/arm-none-eabi/4.7.2/../../../../arm-none-eabi/lib/thumb/libc.a(lib_a-fwalk.o)
 .debug_loc     0x0000000000014fb9     0x130d /opt/local/lib/gcc/arm-none-eabi/4.7.2/../../../../arm-none-eabi/lib/thumb/libc.a(lib_a-gdtoa-gethex.o)
 .debug_loc     0x00000000000162c6      0x617 /opt/local/lib/gcc/arm-none-eabi/4.7.2/../../../../arm-none-eabi/lib/thumb/libc.a(lib_a-gdtoa-hexnan.o)
 .debug_loc     0x00000000000168dd      0xe06 /opt/local/lib/gcc/arm-none-eabi/4.7.2/../../../../arm-none-eabi/lib/thumb/libc.a(lib_a-mallocr.o)
 .debug_loc     0x00000000000176e3      0x1aa /opt/local/lib/gcc/arm-none-eabi/4.7.2/../../../../arm-none-eabi/lib/thumb/libc.a(lib_a-memchr-stub.o)
 .debug_loc     0x000000000001788d      0x23a /opt/local/lib/gcc/arm-none-eabi/4.7.2/../../../../arm-none-eabi/lib/thumb/libc.a(lib_a-memcpy-stub.o)
 .debug_loc     0x0000000000017ac7     0x1db8 /opt/local/lib/gcc/arm-none-eabi/4.7.2/../../../../arm-none-eabi/lib/thumb/libc.a(lib_a-mprec.o)
 .debug_loc     0x000000000001987f     0x179e /opt/local/lib/gcc/arm-none-eabi/4.7.2/../../../../arm-none-eabi/lib/thumb/libc.a(lib_a-reallocr.o)
 .debug_loc     0x000000000001b01d       0x78 /opt/local/lib/gcc/arm-none-eabi/4.7.2/../../../../arm-none-eabi/lib/thumb/libc.a(lib_a-sbrkr.o)
 .debug_loc     0x000000000001b095     0x185d /opt/local/lib/gcc/arm-none-eabi/4.7.2/../../../../arm-none-eabi/lib/thumb/libc.a(lib_a-svfiprintf.o)