Archive member included because of file (symbol)

c:/program files/codesourcery/sourcery g++ lite/bin/../lib/gcc/arm-none-eabi/4.5.2/../../../../arm-none-eabi/lib/thumb2\libc.a(lib_a-vsprintf.o)
                              Hw_Uart.o (vsprintf)
c:/program files/codesourcery/sourcery g++ lite/bin/../lib/gcc/arm-none-eabi/4.5.2/../../../../arm-none-eabi/lib/thumb2\libc.a(lib_a-impure.o)
                              c:/program files/codesourcery/sourcery g++ lite/bin/../lib/gcc/arm-none-eabi/4.5.2/../../../../arm-none-eabi/lib/thumb2\libc.a(lib_a-vsprintf.o) (_impure_ptr)
c:/program files/codesourcery/sourcery g++ lite/bin/../lib/gcc/arm-none-eabi/4.5.2/../../../../arm-none-eabi/lib/thumb2\libc.a(lib_a-svfprintf.o)
                              c:/program files/codesourcery/sourcery g++ lite/bin/../lib/gcc/arm-none-eabi/4.5.2/../../../../arm-none-eabi/lib/thumb2\libc.a(lib_a-vsprintf.o) (_svfprintf_r)
c:/program files/codesourcery/sourcery g++ lite/bin/../lib/gcc/arm-none-eabi/4.5.2/../../../../arm-none-eabi/lib/thumb2\libc.a(lib_a-dtoa.o)
                              c:/program files/codesourcery/sourcery g++ lite/bin/../lib/gcc/arm-none-eabi/4.5.2/../../../../arm-none-eabi/lib/thumb2\libc.a(lib_a-svfprintf.o) (_dtoa_r)
c:/program files/codesourcery/sourcery g++ lite/bin/../lib/gcc/arm-none-eabi/4.5.2/../../../../arm-none-eabi/lib/thumb2\libc.a(lib_a-locale.o)
                              c:/program files/codesourcery/sourcery g++ lite/bin/../lib/gcc/arm-none-eabi/4.5.2/../../../../arm-none-eabi/lib/thumb2\libc.a(lib_a-svfprintf.o) (_localeconv_r)
c:/program files/codesourcery/sourcery g++ lite/bin/../lib/gcc/arm-none-eabi/4.5.2/../../../../arm-none-eabi/lib/thumb2\libc.a(lib_a-malloc.o)
                              c:/program files/codesourcery/sourcery g++ lite/bin/../lib/gcc/arm-none-eabi/4.5.2/../../../../arm-none-eabi/lib/thumb2\libc.a(lib_a-dtoa.o) (malloc)
c:/program files/codesourcery/sourcery g++ lite/bin/../lib/gcc/arm-none-eabi/4.5.2/../../../../arm-none-eabi/lib/thumb2\libc.a(lib_a-mallocr.o)
                              c:/program files/codesourcery/sourcery g++ lite/bin/../lib/gcc/arm-none-eabi/4.5.2/../../../../arm-none-eabi/lib/thumb2\libc.a(lib_a-svfprintf.o) (_malloc_r)
c:/program files/codesourcery/sourcery g++ lite/bin/../lib/gcc/arm-none-eabi/4.5.2/../../../../arm-none-eabi/lib/thumb2\libc.a(lib_a-memchr.o)
                              c:/program files/codesourcery/sourcery g++ lite/bin/../lib/gcc/arm-none-eabi/4.5.2/../../../../arm-none-eabi/lib/thumb2\libc.a(lib_a-svfprintf.o) (memchr)
c:/program files/codesourcery/sourcery g++ lite/bin/../lib/gcc/arm-none-eabi/4.5.2/../../../../arm-none-eabi/lib/thumb2\libc.a(lib_a-memcpy.o)
                              c:/program files/codesourcery/sourcery g++ lite/bin/../lib/gcc/arm-none-eabi/4.5.2/../../../../arm-none-eabi/lib/thumb2\libc.a(lib_a-dtoa.o) (memcpy)
c:/program files/codesourcery/sourcery g++ lite/bin/../lib/gcc/arm-none-eabi/4.5.2/../../../../arm-none-eabi/lib/thumb2\libc.a(lib_a-mlock.o)
                              c:/program files/codesourcery/sourcery g++ lite/bin/../lib/gcc/arm-none-eabi/4.5.2/../../../../arm-none-eabi/lib/thumb2\libc.a(lib_a-mallocr.o) (__malloc_lock)
c:/program files/codesourcery/sourcery g++ lite/bin/../lib/gcc/arm-none-eabi/4.5.2/../../../../arm-none-eabi/lib/thumb2\libc.a(lib_a-mprec.o)
                              c:/program files/codesourcery/sourcery g++ lite/bin/../lib/gcc/arm-none-eabi/4.5.2/../../../../arm-none-eabi/lib/thumb2\libc.a(lib_a-dtoa.o) (_Balloc)
c:/program files/codesourcery/sourcery g++ lite/bin/../lib/gcc/arm-none-eabi/4.5.2/../../../../arm-none-eabi/lib/thumb2\libc.a(lib_a-s_fpclassify.o)
                              c:/program files/codesourcery/sourcery g++ lite/bin/../lib/gcc/arm-none-eabi/4.5.2/../../../../arm-none-eabi/lib/thumb2\libc.a(lib_a-svfprintf.o) (__fpclassifyd)
c:/program files/codesourcery/sourcery g++ lite/bin/../lib/gcc/arm-none-eabi/4.5.2/../../../../arm-none-eabi/lib/thumb2\libc.a(lib_a-sbrkr.o)
                              c:/program files/codesourcery/sourcery g++ lite/bin/../lib/gcc/arm-none-eabi/4.5.2/../../../../arm-none-eabi/lib/thumb2\libc.a(lib_a-mallocr.o) (_sbrk_r)
c:/program files/codesourcery/sourcery g++ lite/bin/../lib/gcc/arm-none-eabi/4.5.2/../../../../arm-none-eabi/lib/thumb2\libc.a(lib_a-strcmp.o)
                              c:/program files/codesourcery/sourcery g++ lite/bin/../lib/gcc/arm-none-eabi/4.5.2/../../../../arm-none-eabi/lib/thumb2\libc.a(lib_a-locale.o) (strcmp)
c:/program files/codesourcery/sourcery g++ lite/bin/../lib/gcc/arm-none-eabi/4.5.2/../../../../arm-none-eabi/lib/thumb2\libc.a(lib_a-strlen.o)
                              c:/program files/codesourcery/sourcery g++ lite/bin/../lib/gcc/arm-none-eabi/4.5.2/../../../../arm-none-eabi/lib/thumb2\libc.a(lib_a-svfprintf.o) (strlen)
[...]
Memory Configuration

Name             Origin             Length             Attributes
RAM              0x20000000         0x00005000         xrw
EXTSRAM          0x68000000         0x00000000         xrw
FLASH            0x08000000         0x0001f800         xr
EEMUL            0x0801f800         0x00000800         xrw
*default*        0x00000000         0xffffffff

Linker script and memory map

LOAD main.o
LOAD Ap.o
LOAD Ap_RadioMenu.o
LOAD Ap_Radio.o
LOAD Lb_Util.o
LOAD Lb_Printf.o
LOAD Hw_StartUp.o
LOAD Hw.o
LOAD Hw_Uart.o
LOAD Hw_PLL.o
LOAD Hw_Led.o
LOAD Hw_Uart_Q.o
LOAD Hw_ISR.o
LOAD Hw_Timer.o
LOAD Hw_VCom.o
LOAD Hw_I2C.o
LOAD Hw_I2C_SW.o
LOAD Hw_Si47xx.o
LOAD usb_desc.o
LOAD usb_endp.o
LOAD usb_istr.o
LOAD usb_prop.o
LOAD usb_pwr.o
LOAD hw_config.o
LOAD usb_core.o
LOAD usb_init.o
LOAD usb_mem.o
LOAD usb_regs.o
LOAD usb_sil.o
LOAD usb_int.o
LOAD c:/program files/codesourcery/sourcery g++ lite/bin/../lib/gcc/arm-none-eabi/4.5.2/../../../../arm-none-eabi/lib/thumb2\libc.a
LOAD c:/program files/codesourcery/sourcery g++ lite/bin/../lib/gcc/arm-none-eabi/4.5.2/../../../../arm-none-eabi/lib/thumb2\libm.a
LOAD c:/program files/codesourcery/sourcery g++ lite/bin/../lib/gcc/arm-none-eabi/4.5.2/../../../../arm-none-eabi/lib/thumb2\libc.a
LOAD c:/program files/codesourcery/sourcery g++ lite/bin/../lib/gcc/arm-none-eabi/4.5.2/thumb2\libgcc.a
                0x20005000                _estack = 0x20005000
                0x0801f800                _seemul = 0x801f800
                0x00000100                _Minimum_Stack_Size = 0x100
                0x00000001                ASSERT (0x1, Start of memory region flash not aligned for startup vector table)

.text           0x08000000     0x4b98
                0x08000000                . = ALIGN (0x80)
                0x00000000                _isr_vectorsflash_offs = (. - 0x8000000)
 *(.isr_vectorsflash)
 .isr_vectorsflash
                0x08000000        0x8 Hw_StartUp.o
                0x08000000                g_pfnVectors
                0x08000008                . = ALIGN (0x4)
 *(.text)
 *(.text.*)
 .text.LED_Tick
                0x08000008       0x10 main.o
                0x08000008                LED_Tick
 .text.main     0x08000018       0x50 main.o
                0x08000018                main
 .text.Ap_Init  0x08000068       0x28 Ap.o
                0x08000068                Ap_Init
 .text.Ap_RadioMenu_ShowMenu
                0x08000090       0x84 Ap_RadioMenu.o
                0x08000090                Ap_RadioMenu_ShowMenu
 .text.Ap_RadioMenu_GetCmd
                0x08000114       0xa0 Ap_RadioMenu.o
                0x08000114                Ap_RadioMenu_GetCmd
 .text.Ap_RadioMenu_ExeCmd
                0x080001b4      0x398 Ap_RadioMenu.o
                0x080001b4                Ap_RadioMenu_ExeCmd
 .text.Ap_Radio_BandSetFM
                0x0800054c       0x24 Ap_Radio.o
                0x0800054c                Ap_Radio_BandSetFM
 .text.Ap_Radio_BandSetAM
                0x08000570       0x24 Ap_Radio.o
                0x08000570                Ap_Radio_BandSetAM
 .text.Ap_Radio_BandGet
                0x08000594       0x10 Ap_Radio.o
                0x08000594                Ap_Radio_BandGet
 .text.Ap_Radio_VolumeSet
                0x080005a4       0x34 Ap_Radio.o
                0x080005a4                Ap_Radio_VolumeSet
 .text.Ap_Radio_VolumeGet
                0x080005d8       0x50 Ap_Radio.o
                0x080005d8                Ap_Radio_VolumeGet
 .text.Ap_Radio_VolumeSetDown
                0x08000628       0x38 Ap_Radio.o
                0x08000628                Ap_Radio_VolumeSetDown
 .text.Ap_Radio_VolumeSetUp
                0x08000660       0x3c Ap_Radio.o
                0x08000660                Ap_Radio_VolumeSetUp
 .text.Ap_Radio_FM_ChannelSet
                0x0800069c       0x50 Ap_Radio.o
                0x0800069c                Ap_Radio_FM_ChannelSet
 .text.Ap_Radio_AM_ChannelSet
                0x080006ec       0x50 Ap_Radio.o
                0x080006ec                Ap_Radio_AM_ChannelSet
 .text.Ap_Radio_ChannelSet
                0x0800073c       0x2c Ap_Radio.o
                0x0800073c                Ap_Radio_ChannelSet
 .text.Ap_Radio_FM_ChannelGet
                0x08000768       0x38 Ap_Radio.o
                0x08000768                Ap_Radio_FM_ChannelGet
 .text.Ap_Radio_AM_ChannelGet
                0x080007a0       0x38 Ap_Radio.o
                0x080007a0                Ap_Radio_AM_ChannelGet
 .text.Ap_Radio_ChannelGet
                0x080007d8       0x48 Ap_Radio.o
                0x080007d8                Ap_Radio_ChannelGet
 .text.Ap_Radio_ChannelSetFirst
                0x08000820       0x30 Ap_Radio.o
                0x08000820                Ap_Radio_ChannelSetFirst
 .text.Ap_Radio_Init
                0x08000850       0x50 Ap_Radio.o
                0x08000850                Ap_Radio_Init
 .text.Ap_Radio_ChannelSetNext
                0x080008a0       0x28 Ap_Radio.o
                0x080008a0                Ap_Radio_ChannelSetNext
 .text.Ap_Radio_ChannelSetPrev
                0x080008c8       0x28 Ap_Radio.o
                0x080008c8                Ap_Radio_ChannelSetPrev
 .text.Ap_Radio_SeekToFirst
                0x080008f0       0x98 Ap_Radio.o
                0x080008f0                Ap_Radio_SeekToFirst
 .text.Ap_Radio_SeekToLast
                0x08000988       0x98 Ap_Radio.o
                0x08000988                Ap_Radio_SeekToLast
 .text.DecToLong
                0x08000a20       0x4c Lb_Printf.o
                0x08000a20                DecToLong
 .text.printf   0x08000a6c      0xb28 Lb_Printf.o
                0x08000a6c                printf
 .text.Hw_StartUp_Init
                0x08001594       0xd8 Hw_StartUp.o
                0x08001594                Hw_StartUp_Init
 .text.Hw_Init  0x0800166c       0x68 Hw.o
                0x0800166c                Hw_Init
 .text.Hw_Wait  0x080016d4       0x1c Hw.o
                0x080016d4                Hw_Wait
 .text.Hw_Wait_Usec
                0x080016f0       0x24 Hw.o
                0x080016f0                Hw_Wait_Usec
 .text.Hw_ISR_UART1_Handler
                0x08001714       0x20 Hw_Uart.o
                0x08001714                Hw_ISR_UART1_Handler
 .text.Hw_Uart_Open_COM1
                0x08001734       0x68 Hw_Uart.o
                0x08001734                Hw_Uart_Open_COM1
 .text.Hw_Uart_Open
                0x0800179c       0x14 Hw_Uart.o
                0x0800179c                Hw_Uart_Open
 .text.Hw_Uart_Init
                0x080017b0       0x38 Hw_Uart.o
                0x080017b0                Hw_Uart_Init
 .text.Hw_Uart_Getch
                0x080017e8       0x30 Hw_Uart.o
                0x080017e8                Hw_Uart_Getch
 .text.print_byte
                0x08001818       0x30 Hw_Uart.o
                0x08001818                print_byte
 .text.get_byte
                0x08001848       0x10 Hw_Uart.o
                0x08001848                get_byte
 .text.Hw_PLL_Init
                0x08001858       0x6c Hw_PLL.o
                0x08001858                Hw_PLL_Init
 .text.Hw_Led_Init
                0x080018c4       0x40 Hw_Led.o
                0x080018c4                Hw_Led_Init
 .text.Hw_Led_Toggle
                0x08001904       0x14 Hw_Led.o
                0x08001904                Hw_Led_Toggle
 .text.Hw_Uart_Q_Init
                0x08001918       0x2c Hw_Uart_Q.o
                0x08001918                Hw_Uart_Q_Init
 .text.HW_UART_Q_VAILD
                0x08001944       0x34 Hw_Uart_Q.o
                0x08001944                HW_UART_Q_VAILD
 .text.Hw_Uart_Q_Push
                0x08001978       0x78 Hw_Uart_Q.o
                0x08001978                Hw_Uart_Q_Push
 .text.Hw_Uart_Q_Pop
                0x080019f0       0x74 Hw_Uart_Q.o
                0x080019f0                Hw_Uart_Q_Pop
 .text.Hw_ISR_Init
                0x08001a64       0x10 Hw_ISR.o
                0x08001a64                Hw_ISR_Init
 .text.Hw_ISR_SetIRQFunc
                0x08001a74       0x10 Hw_ISR.o
                0x08001a74                Hw_ISR_SetIRQFunc
 .text.Hw_ISR_SetIRQFuncByAddr
                0x08001a84       0x10 Hw_ISR.o
                0x08001a84                Hw_ISR_SetIRQFuncByAddr
 .text.Hw_Timer_SetupISR
                0x08001a94       0x18 Hw_Timer.o
                0x08001a94                Hw_Timer_SetupISR
 .text.Hw_Timer_Setup
                0x08001aac       0x34 Hw_Timer.o
                0x08001aac                Hw_Timer_Setup
 .text.Hw_Timer_Init
                0x08001ae0       0x7c Hw_Timer.o
                0x08001ae0                Hw_Timer_Init
 .text.Hw_Timer_Tick
                0x08001b5c      0x1cc Hw_Timer.o
                0x08001b5c                Hw_Timer_Tick
 .text.Hw_Timer_ISR
                0x08001d28        0xc Hw_Timer.o
                0x08001d28                Hw_Timer_ISR
 .text.Hw_Timer_Set
                0x08001d34       0x1c Hw_Timer.o
                0x08001d34                Hw_Timer_Set
 .text.Hw_Timer_Start
                0x08001d50       0x14 Hw_Timer.o
                0x08001d50                Hw_Timer_Start
 .text.Hw_Timer_Delay_ms
                0x08001d64       0x14 Hw_Timer.o
                0x08001d64                Hw_Timer_Delay_ms
 .text.Hw_Timer_Get_CountValue
                0x08001d78        0xc Hw_Timer.o
                0x08001d78                Hw_Timer_Get_CountValue
 .text.Hw_VCom_Init
                0x08001d84       0x24 Hw_VCom.o
                0x08001d84                Hw_VCom_Init
 .text.Hw_I2C_Init
                0x08001da8        0xc Hw_I2C.o
                0x08001da8                Hw_I2C_Init
 .text.Hw_I2C_Write
                0x08001db4        0xc Hw_I2C.o
                0x08001db4                Hw_I2C_Write
 .text.Hw_I2C_Read
                0x08001dc0        0xc Hw_I2C.o
                0x08001dc0                Hw_I2C_Read
 .text.Hw_I2C_SW_SCL_HIGH
                0x08001dcc       0x24 Hw_I2C_SW.o
                0x08001dcc                Hw_I2C_SW_SCL_HIGH
 .text.Hw_I2C_SW_IO_Setup
                0x08001df0       0x50 Hw_I2C_SW.o
                0x08001df0                Hw_I2C_SW_IO_Setup
 .text.Hw_I2C_SW_Init
                0x08001e40        0xc Hw_I2C_SW.o
                0x08001e40                Hw_I2C_SW_Init
 .text.Hw_I2C_SW_SCL_LOW
                0x08001e4c       0x24 Hw_I2C_SW.o
                0x08001e4c                Hw_I2C_SW_SCL_LOW
 .text.Hw_I2C_SW_EndTransmit
                0x08001e70       0x44 Hw_I2C_SW.o
                0x08001e70                Hw_I2C_SW_EndTransmit
 .text.Hw_I2C_SW_StartTransmit
                0x08001eb4       0x40 Hw_I2C_SW.o
                0x08001eb4                Hw_I2C_SW_StartTransmit
 .text.Hw_I2C_SW_SetDir_SDA_Input
                0x08001ef4       0x2c Hw_I2C_SW.o
                0x08001ef4                Hw_I2C_SW_SetDir_SDA_Input
 .text.Hw_I2C_SW_ReadByte_Ack
                0x08001f20      0x194 Hw_I2C_SW.o
                0x08001f20                Hw_I2C_SW_ReadByte_Ack
 .text.Hw_I2C_SW_ReadByte_NoAck
                0x080020b4      0x16c Hw_I2C_SW.o
                0x080020b4                Hw_I2C_SW_ReadByte_NoAck
 .text.Hw_I2C_SW_WriteByte_Ack
                0x08002220      0x278 Hw_I2C_SW.o
                0x08002220                Hw_I2C_SW_WriteByte_Ack
 .text.Hw_I2C_SW_Read
                0x08002498      0x120 Hw_I2C_SW.o
                0x08002498                Hw_I2C_SW_Read
 .text.Hw_I2C_SW_Write
                0x080025b8       0x94 Hw_I2C_SW.o
                0x080025b8                Hw_I2C_SW_Write
 .text.Hw_Si47xx_Reset
                0x0800264c       0x3c Hw_Si47xx.o
                0x0800264c                Hw_Si47xx_Reset
 .text.Hw_Si47xx_Init
                0x08002688       0x30 Hw_Si47xx.o
                0x08002688                Hw_Si47xx_Init
 .text.Hw_Si47xx_ReadResp
                0x080026b8       0x10 Hw_Si47xx.o
                0x080026b8                Hw_Si47xx_ReadResp
 .text.Hw_Si47xx_SendCommand
                0x080026c8       0x14 Hw_Si47xx.o
                0x080026c8                Hw_Si47xx_SendCommand
 .text.Hw_Si47xx_ReceiveResponse
                0x080026dc       0x84 Hw_Si47xx.o
                0x080026dc                Hw_Si47xx_ReceiveResponse
 .text.Hw_Si47xx_POWER_UP
                0x08002760       0x4c Hw_Si47xx.o
                0x08002760                Hw_Si47xx_POWER_UP
 .text.Hw_Si47xx_WaitForCTS
                0x080027ac       0x18 Hw_Si47xx.o
                0x080027ac                Hw_Si47xx_WaitForCTS
 .text.Hw_Si47xx_CommandResp
                0x080027c4       0x48 Hw_Si47xx.o
                0x080027c4                Hw_Si47xx_CommandResp
 .text.Hw_Si47xx_AM_TUNE_STATUS
                0x0800280c       0x28 Hw_Si47xx.o
                0x0800280c                Hw_Si47xx_AM_TUNE_STATUS
 .text.Hw_Si47xx_FM_TUNE_STATUS
                0x08002834       0x28 Hw_Si47xx.o
                0x08002834                Hw_Si47xx_FM_TUNE_STATUS
 .text.Hw_Si47xx_GET_INT_STATUS
                0x0800285c       0x30 Hw_Si47xx.o
                0x0800285c                Hw_Si47xx_GET_INT_STATUS
 .text.Hw_Si47xx_WaitForSTC
                0x0800288c       0x38 Hw_Si47xx.o
                0x0800288c                Hw_Si47xx_WaitForSTC
 .text.Hw_Si47xx_AM_SEEK_START
                0x080028c4       0x30 Hw_Si47xx.o
                0x080028c4                Hw_Si47xx_AM_SEEK_START
 .text.Hw_Si47xx_FM_SEEK_START
                0x080028f4       0x30 Hw_Si47xx.o
                0x080028f4                Hw_Si47xx_FM_SEEK_START
 .text.Hw_Si47xx_AM_TUNE_FREQ
                0x08002924       0x40 Hw_Si47xx.o
                0x08002924                Hw_Si47xx_AM_TUNE_FREQ
 .text.Hw_Si47xx_FM_TUNE_FREQ
                0x08002964       0x3c Hw_Si47xx.o
                0x08002964                Hw_Si47xx_FM_TUNE_FREQ
 .text.Hw_Si47xx_GET_PROPERTY
                0x080029a0       0x48 Hw_Si47xx.o
                0x080029a0                Hw_Si47xx_GET_PROPERTY
 .text.Hw_Si47xx_SET_PROPERTY
                0x080029e8       0x48 Hw_Si47xx.o
                0x080029e8                Hw_Si47xx_SET_PROPERTY
 .text.Hw_Si47xx_AM_Config
                0x08002a30       0xa4 Hw_Si47xx.o
                0x08002a30                Hw_Si47xx_AM_Config
 .text.Hw_Si47xx_FM_Config
                0x08002ad4       0xa4 Hw_Si47xx.o
                0x08002ad4                Hw_Si47xx_FM_Config
 .text.EP1_IN_Callback
                0x08002b78       0x78 usb_endp.o
                0x08002b78                EP1_IN_Callback
 .text.EP3_OUT_Callback
                0x08002bf0       0x2c usb_endp.o
                0x08002bf0                EP3_OUT_Callback
 .text.SOF_Callback
                0x08002c1c       0x30 usb_endp.o
                0x08002c1c                SOF_Callback
 .text.USB_Istr
                0x08002c4c      0x218 usb_istr.o
                0x08002c4c                USB_Istr
 .text.Virtual_Com_Port_SetConfiguration
                0x08002e64       0x18 usb_prop.o
                0x08002e64                Virtual_Com_Port_SetConfiguration
 .text.Virtual_Com_Port_SetDeviceAddress
                0x08002e7c        0xc usb_prop.o
                0x08002e7c                Virtual_Com_Port_SetDeviceAddress
 .text.Virtual_Com_Port_Status_In
                0x08002e88       0x14 usb_prop.o
                0x08002e88                Virtual_Com_Port_Status_In
 .text.Virtual_Com_Port_Status_Out
                0x08002e9c        0x4 usb_prop.o
                0x08002e9c                Virtual_Com_Port_Status_Out
 .text.Virtual_Com_Port_Data_Setup
                0x08002ea0       0x60 usb_prop.o
                0x08002ea0                Virtual_Com_Port_Data_Setup
 .text.Virtual_Com_Port_NoData_Setup
                0x08002f00       0x28 usb_prop.o
                0x08002f00                Virtual_Com_Port_NoData_Setup
 .text.Virtual_Com_Port_Get_Interface_Setting
                0x08002f28       0x10 usb_prop.o
                0x08002f28                Virtual_Com_Port_Get_Interface_Setting
 .text.Virtual_Com_Port_GetLineCoding
                0x08002f38       0x18 usb_prop.o
                0x08002f38                Virtual_Com_Port_GetLineCoding
 .text.Virtual_Com_Port_SetLineCoding
                0x08002f50       0x18 usb_prop.o
                0x08002f50                Virtual_Com_Port_SetLineCoding
 .text.Virtual_Com_Port_GetStringDescriptor
                0x08002f68       0x28 usb_prop.o
                0x08002f68                Virtual_Com_Port_GetStringDescriptor
 .text.Virtual_Com_Port_GetConfigDescriptor
                0x08002f90       0x14 usb_prop.o
                0x08002f90                Virtual_Com_Port_GetConfigDescriptor
 .text.Virtual_Com_Port_GetDeviceDescriptor
                0x08002fa4       0x14 usb_prop.o
                0x08002fa4                Virtual_Com_Port_GetDeviceDescriptor
 .text.Virtual_Com_Port_Reset
                0x08002fb8      0x100 usb_prop.o
                0x08002fb8                Virtual_Com_Port_Reset
 .text.Virtual_Com_Port_init
                0x080030b8       0x30 usb_prop.o
                0x080030b8                Virtual_Com_Port_init
 .text.PowerOn  0x080030e8       0x34 usb_pwr.o
                0x080030e8                PowerOn
 .text.Suspend  0x0800311c      0x14c usb_pwr.o
                0x0800311c                Suspend
 .text.Resume_Init
                0x08003268       0x24 usb_pwr.o
                0x08003268                Resume_Init
 .text.Resume   0x0800328c       0xb4 usb_pwr.o
                0x0800328c                Resume
 .text.USBWakeUp_IRQHandler
                0x08003340       0x10 hw_config.o
                0x08003340                USBWakeUp_IRQHandler
 .text.IntToUnicode
                0x08003350       0x78 hw_config.o
 .text.USB_LP_IRQHandler
                0x080033c8        0xc hw_config.o
                0x080033c8                USB_LP_IRQHandler
 .text.Set_System
                0x080033d4       0x1c hw_config.o
                0x080033d4                Set_System
 .text.Set_USBClock
                0x080033f0       0x20 hw_config.o
                0x080033f0                Set_USBClock
 .text.Leave_LowPowerMode
                0x08003410       0x20 hw_config.o
                0x08003410                Leave_LowPowerMode
 .text.USB_Interrupts_Config
                0x08003430       0x94 hw_config.o
                0x08003430                USB_Interrupts_Config
 .text.USB_Cable_Config
                0x080034c4       0x20 hw_config.o
                0x080034c4                USB_Cable_Config
 .text.USB_To_USART_Send_Data
                0x080034e4       0x78 hw_config.o
                0x080034e4                USB_To_USART_Send_Data
 .text.Handle_USBAsynchXfer
                0x0800355c       0x9c hw_config.o
                0x0800355c                Handle_USBAsynchXfer
 .text.Get_SerialNum
                0x080035f8       0x38 hw_config.o
                0x080035f8                Get_SerialNum
 .text.__WFI    0x08003630        0x4 hw_config.o
                0x08003630                __WFI
 .text.Standard_GetConfiguration
                0x08003634       0x28 usb_core.o
                0x08003634                Standard_GetConfiguration
 .text.Standard_GetInterface
                0x0800365c       0x28 usb_core.o
                0x0800365c                Standard_GetInterface
 .text.Standard_GetStatus
                0x08003684       0xbc usb_core.o
                0x08003684                Standard_GetStatus
 .text.DataStageIn
                0x08003740       0xc0 usb_core.o
 .text.Standard_SetConfiguration
                0x08003800       0x3c usb_core.o
                0x08003800                Standard_SetConfiguration
 .text.Standard_SetInterface
                0x0800383c       0x50 usb_core.o
                0x0800383c                Standard_SetInterface
 .text.Standard_ClearFeature
                0x0800388c      0x10c usb_core.o
                0x0800388c                Standard_ClearFeature
 .text.Standard_SetEndPointFeature
                0x08003998       0xb4 usb_core.o
                0x08003998                Standard_SetEndPointFeature
 .text.Standard_GetDescriptorData
                0x08003a4c       0x1c usb_core.o
                0x08003a4c                Standard_GetDescriptorData
 .text.Post0_Process
                0x08003a68       0x4c usb_core.o
                0x08003a68                Post0_Process
 .text.Out0_Process
                0x08003ab4       0xec usb_core.o
                0x08003ab4                Out0_Process
 .text.Setup0_Process
                0x08003ba0      0x3ec usb_core.o
                0x08003ba0                Setup0_Process
 .text.SetDeviceAddress
                0x08003f8c       0xbc usb_core.o
                0x08003f8c                SetDeviceAddress
 .text.In0_Process
                0x08004048       0x78 usb_core.o
                0x08004048                In0_Process
 .text.NOP_Process
                0x080040c0        0x4 usb_core.o
                0x080040c0                NOP_Process
 .text.USB_Init
                0x080040c4       0x38 usb_init.o
                0x080040c4                USB_Init
 .text.UserToPMABufferCopy
                0x080040fc       0x68 usb_mem.o
                0x080040fc                UserToPMABufferCopy
 .text.PMAToUserBufferCopy
                0x08004164       0x50 usb_mem.o
                0x08004164                PMAToUserBufferCopy
 .text.SetBTABLE
                0x080041b4       0x14 usb_regs.o
                0x080041b4                SetBTABLE
 .text.SetEPType
                0x080041c8       0x1c usb_regs.o
                0x080041c8                SetEPType
 .text.SetEPTxStatus
                0x080041e4       0x40 usb_regs.o
                0x080041e4                SetEPTxStatus
 .text.SetEPRxStatus
                0x08004224       0x40 usb_regs.o
                0x08004224                SetEPRxStatus
 .text.SetEPTxValid
                0x08004264       0x24 usb_regs.o
                0x08004264                SetEPTxValid
 .text.SetEPRxValid
                0x08004288       0x24 usb_regs.o
                0x08004288                SetEPRxValid
 .text.Clear_Status_Out
                0x080042ac       0x20 usb_regs.o
                0x080042ac                Clear_Status_Out
 .text.ClearDTOG_RX
                0x080042cc       0x28 usb_regs.o
                0x080042cc                ClearDTOG_RX
 .text.ClearDTOG_TX
                0x080042f4       0x28 usb_regs.o
                0x080042f4                ClearDTOG_TX
 .text.SetEPTxAddr
                0x0800431c       0x24 usb_regs.o
                0x0800431c                SetEPTxAddr
 .text.SetEPRxAddr
                0x08004340       0x28 usb_regs.o
                0x08004340                SetEPRxAddr
 .text.GetEPTxAddr
                0x08004368       0x20 usb_regs.o
                0x08004368                GetEPTxAddr
 .text.GetEPRxAddr
                0x08004388       0x20 usb_regs.o
                0x08004388                GetEPRxAddr
 .text.SetEPTxCount
                0x080043a8       0x20 usb_regs.o
                0x080043a8                SetEPTxCount
 .text.SetEPRxCount
                0x080043c8       0x48 usb_regs.o
                0x080043c8                SetEPRxCount
 .text.GetEPRxCount
                0x08004410       0x24 usb_regs.o
                0x08004410                GetEPRxCount
 .text.ByteSwap
                0x08004434        0xc usb_regs.o
                0x08004434                ByteSwap
 .text.USB_SIL_Init
                0x08004440       0x20 usb_sil.o
                0x08004440                USB_SIL_Init
 .text.USB_SIL_Read
                0x08004460       0x30 usb_sil.o
                0x08004460                USB_SIL_Read
 .text.CTR_LP   0x08004490      0x1cc usb_int.o
                0x08004490                CTR_LP
 *(.stub .gnu.linkonce.t.*)
 *(.rodata .rodata.* .gnu.linkonce.r.*)
 .rodata.str1.4
                0x0800465c        0xc main.o
 .rodata.str1.4
                0x08004668       0x2d Ap.o
                                 0x30 (size before relaxing)
 *fill*         0x08004695        0x3 00
 .rodata.FM_Freq.4173
                0x08004698       0x38 Ap_RadioMenu.o
 .rodata.str1.4
                0x080046d0      0x3fc Ap_RadioMenu.o
                                0x400 (size before relaxing)
 .rodata.AM_Freq.4175
                0x08004acc       0x14 Ap_RadioMenu.o
 .rodata.Virtual_Com_Port_StringVendor
                0x08004ae0       0x28 usb_desc.o
                0x08004ae0                Virtual_Com_Port_StringVendor
 .rodata.Virtual_Com_Port_DeviceDescriptor
                0x08004b08       0x14 usb_desc.o
                0x08004b08                Virtual_Com_Port_DeviceDescriptor
 .rodata.Virtual_Com_Port_StringLangID
                0x08004b1c        0x4 usb_desc.o
                0x08004b1c                Virtual_Com_Port_StringLangID
 .rodata.Virtual_Com_Port_StringProduct
                0x08004b20       0x34 usb_desc.o
                0x08004b20                Virtual_Com_Port_StringProduct
 .rodata.Virtual_Com_Port_ConfigDescriptor
                0x08004b54       0x44 usb_desc.o
                0x08004b54                Virtual_Com_Port_ConfigDescriptor
 *(.glue_7 .glue_7t)
 .glue_7        0x00000000        0x0 linker stubs
 .glue_7t       0x00000000        0x0 linker stubs
                0x08004b98                . = ALIGN (0x4)
                0x08004b98                _etext = .
                0x08004b98                _sidata = _etext

.vfp11_veneer   0x08004b98        0x0
 .vfp11_veneer  0x00000000        0x0 linker stubs

.v4_bx          0x08004b98        0x0
 .v4_bx         0x00000000        0x0 linker stubs

.data           0x20000000       0xe4 load address 0x08004b98
                0x20000000                . = .
                0x20000000                . = ALIGN (0x4)
                0x20000000                _sdata = .
                0x20000000                . = ALIGN (0x80)
                0x00000000                _isr_vectorsram_offs = (. - 0x20000000)
 *(.isr_vectorsram)
                0x20000000                . = ALIGN (0x4)
 *(.ramfunc*)
                0x20000000                . = ALIGN (0x4)
 *(.data .data.* .gnu.linkonce.d.*)
 .data.Virtual_Com_Port_StringSerial
                0x20000000       0x1c usb_desc.o
                0x20000000                Virtual_Com_Port_StringSerial
 .data.pEpInt_IN
                0x2000001c       0x1c usb_istr.o
                0x2000001c                pEpInt_IN
 .data.pEpInt_OUT
                0x20000038       0x1c usb_istr.o
                0x20000038                pEpInt_OUT
 .data.Config_Descriptor
                0x20000054        0x8 usb_prop.o
                0x20000054                Config_Descriptor
 .data.Device_Property
                0x2000005c       0x30 usb_prop.o
                0x2000005c                Device_Property
 .data.User_Standard_Requests
                0x2000008c       0x24 usb_prop.o
                0x2000008c                User_Standard_Requests
 .data.Device_Descriptor
                0x200000b0        0x8 usb_prop.o
                0x200000b0                Device_Descriptor
 .data.String_Descriptor
                0x200000b8       0x20 usb_prop.o
                0x200000b8                String_Descriptor
 .data.linecoding
                0x200000d8        0x8 usb_prop.o
                0x200000d8                linecoding
 .data.Device_Table
                0x200000e0        0x4 usb_prop.o
                0x200000e0                Device_Table
                0x200000e4                . = ALIGN (0x4)
                0x200000e4                _edata = .

.bss            0x20000200      0xe44 load address 0x08004d98
                0x20000200                . = ALIGN (0x4)
                0x20000200                _sbss = .
 *(.bss .bss.*)
 .bss.AM_Freq_Index.4174
                0x20000200        0x2 Ap_RadioMenu.o
 .bss.FM_Freq_Index.4172
                0x20000202        0x2 Ap_RadioMenu.o
 .bss.Band_Mode.4171
                0x20000204        0x1 Ap_RadioMenu.o
 *fill*         0x20000205        0x3 00
 .bss.Timer_Tbl
                0x20000208       0x70 Hw_Timer.o
 .bss.Hw_Timer_Counter
                0x20000278        0x4 Hw_Timer.o
 .bss.Excute.4112
                0x2000027c        0x1 Hw_Timer.o
 *fill*         0x2000027d        0x1 00
 .bss.Tmr_Ctn   0x2000027e        0x2 Hw_Timer.o
 .bss.FrameCount.4560
                0x20000280        0x4 usb_endp.o
 .bss.wCNTR     0x20000284        0x4 usb_istr.o
                0x20000284                wCNTR
 .bss.bIntPackSOF
                0x20000288        0x1 usb_istr.o
                0x20000288                bIntPackSOF
 *fill*         0x20000289        0x3 00
 .bss.esof_counter
                0x2000028c        0x4 usb_istr.o
                0x2000028c                esof_counter
 .bss.Request   0x20000290        0x1 usb_prop.o
                0x20000290                Request
 *fill*         0x20000291        0x3 00
 .bss.bDeviceState
                0x20000294        0x4 usb_pwr.o
                0x20000294                bDeviceState
 .bss.fSuspendEnabled
                0x20000298        0x1 usb_pwr.o
                0x20000298                fSuspendEnabled
 *fill*         0x20000299        0x3 00
 .bss.remotewakeupon
                0x2000029c        0x4 usb_pwr.o
                0x2000029c                remotewakeupon
 .bss.USB_Tx_State
                0x200002a0        0x1 hw_config.o
                0x200002a0                USB_Tx_State
 *fill*         0x200002a1        0x3 00
 .bss.USART_Rx_ptr_in
                0x200002a4        0x4 hw_config.o
                0x200002a4                USART_Rx_ptr_in
 .bss.USART_Rx_ptr_out
                0x200002a8        0x4 hw_config.o
                0x200002a8                USART_Rx_ptr_out
 .bss.USART_Rx_length
                0x200002ac        0x4 hw_config.o
                0x200002ac                USART_Rx_length
 .bss.Data_Mul_MaxPacketSize
                0x200002b0        0x1 usb_core.o
                0x200002b0                Data_Mul_MaxPacketSize
 *(COMMON)
 *fill*         0x200002b1        0x3 00
 COMMON         0x200002b4       0x16 Ap_Radio.o
                0x200002b4                Ap_Radio_Log
 *fill*         0x200002ca        0x2 00
 COMMON         0x200002cc       0x3c Hw_Uart.o
                0x200002cc                Hw_Uart_Ch
 COMMON         0x20000308      0x116 Hw_Uart_Q.o
                0x20000308                Hw_Uart_Q_Buffer
                0x200003f0                Hw_Uart_Q_Size
                0x20000400                Hw_Uart_Q_End
                0x20000410                Hw_Uart_Q_Start
 *fill*         0x2000041e      0x1e2 00
 COMMON         0x20000600      0x190 Hw_ISR.o
                0x20000600                Hw_ISR_VectorTable
 COMMON         0x20000790       0x10 Hw_Si47xx.o
                0x20000790                Hw_Si47xx_LastResp
 COMMON         0x200007a0       0x40 usb_endp.o
                0x200007a0                USB_Rx_Buffer
 COMMON         0x200007e0        0x2 usb_istr.o
                0x200007e0                wIstr
 *fill*         0x200007e2        0x2 00
 COMMON         0x200007e4       0x24 usb_pwr.o
                0x200007e4                ResumeS
                0x200007e8                EP
 COMMON         0x20000808      0x800 hw_config.o
                0x20000808                USART_Rx_Buffer
 COMMON         0x20001008        0x2 usb_core.o
                0x20001008                StatusInfo
 *fill*         0x2000100a        0x2 00
 COMMON         0x2000100c       0x32 usb_init.o
                0x2000100c                SaveState
                0x20001010                pProperty
                0x20001014                EPindex
                0x20001018                Device_Info
                0x20001034                pUser_Standard_Requests
                0x20001038                pInformation
                0x2000103c                wInterrupt_Mask
 COMMON         0x2000103e        0x4 usb_int.o
                0x2000103e                SaveRState
                0x20001040                SaveTState
                0x20001044                . = ALIGN (0x4)
 *fill*         0x20001042        0x2 00
                0x20001044                _ebss = .
                0x20001044                PROVIDE (end, _ebss)
                0x20001044                PROVIDE (_end, _ebss)

._usrstack      0x20001044      0x100
                0x20001044                . = ALIGN (0x4)
                0x20001044                _susrstack = .
                0x20001144                . = (. + _Minimum_Stack_Size)
 *fill*         0x20001044      0x100 00
                0x20001144                . = ALIGN (0x4)
                0x20001144                _eusrstack = .
                0x00000400                __Stack_Size = 0x400
                0x00000400                PROVIDE (_Stack_Size, __Stack_Size)
                0x20004c00                __Stack_Init = (_estack - __Stack_Size)
                0x20004c00                PROVIDE (_Stack_Init, __Stack_Init)
OUTPUT(main.elf elf32-littlearm)

.debug_abbrev   0x00000000     0x2467
 .debug_abbrev  0x00000000       0x9d main.o
 .debug_abbrev  0x0000009d       0x41 Ap.o
 .debug_abbrev  0x000000de       0xe7 Ap_RadioMenu.o
 .debug_abbrev  0x000001c5      0x18a Ap_Radio.o
 .debug_abbrev  0x0000034f       0x8f Lb_Util.o
 .debug_abbrev  0x000003de      0x1e5 Lb_Printf.o
 .debug_abbrev  0x000005c3       0xc4 Hw_StartUp.o
 .debug_abbrev  0x00000687       0xe6 Hw.o
 .debug_abbrev  0x0000076d      0x271 Hw_Uart.o
 .debug_abbrev  0x000009de       0x41 Hw_PLL.o
 .debug_abbrev  0x00000a1f       0xfa Hw_Led.o
 .debug_abbrev  0x00000b19      0x135 Hw_Uart_Q.o
 .debug_abbrev  0x00000c4e       0xdc Hw_ISR.o
 .debug_abbrev  0x00000d2a      0x18d Hw_Timer.o
 .debug_abbrev  0x00000eb7       0xcc Hw_VCom.o
 .debug_abbrev  0x00000f83       0xb2 Hw_I2C.o
 .debug_abbrev  0x00001035      0x224 Hw_I2C_SW.o
 .debug_abbrev  0x00001259      0x1b1 Hw_Si47xx.o
 .debug_abbrev  0x0000140a       0x61 usb_desc.o
 .debug_abbrev  0x0000146b       0xc6 usb_endp.o
 .debug_abbrev  0x00001531      0x126 usb_istr.o
 .debug_abbrev  0x00001657      0x1cc usb_prop.o
 .debug_abbrev  0x00001823      0x180 usb_pwr.o
 .debug_abbrev  0x000019a3      0x24e hw_config.o
 .debug_abbrev  0x00001bf1      0x344 usb_core.o
 .debug_abbrev  0x00001f35      0x107 usb_init.o
 .debug_abbrev  0x0000203c       0x93 usb_mem.o
 .debug_abbrev  0x000020cf      0x21b usb_regs.o
 .debug_abbrev  0x000022ea       0xa1 usb_sil.o
 .debug_abbrev  0x0000238b       0xdc usb_int.o

.debug_info     0x00000000     0x714b
 .debug_info    0x00000000       0xdc main.o
 .debug_info    0x000000dc       0x7e Ap.o
 .debug_info    0x0000015a      0x222 Ap_RadioMenu.o
 .debug_info    0x0000037c      0x84d Ap_Radio.o
 .debug_info    0x00000bc9       0xd5 Lb_Util.o
 .debug_info    0x00000c9e      0x5be Lb_Printf.o
 .debug_info    0x0000125c      0x175 Hw_StartUp.o
 .debug_info    0x000013d1      0x121 Hw.o
 .debug_info    0x000014f2      0x46f Hw_Uart.o
 .debug_info    0x00001961       0x7d Hw_PLL.o
 .debug_info    0x000019de      0x177 Hw_Led.o
 .debug_info    0x00001b55      0x2a9 Hw_Uart_Q.o
 .debug_info    0x00001dfe      0x168 Hw_ISR.o
 .debug_info    0x00001f66      0x34c Hw_Timer.o
 .debug_info    0x000022b2      0x105 Hw_VCom.o
 .debug_info    0x000023b7      0x15d Hw_I2C.o
 .debug_info    0x00002514      0x6ec Hw_I2C_SW.o
 .debug_info    0x00002c00      0x85d Hw_Si47xx.o
 .debug_info    0x0000345d      0x155 usb_desc.o
 .debug_info    0x000035b2      0x208 usb_endp.o
 .debug_info    0x000037ba      0x38a usb_istr.o
 .debug_info    0x00003b44      0x963 usb_prop.o
 .debug_info    0x000044a7      0x33a usb_pwr.o
 .debug_info    0x000047e1      0x5b3 hw_config.o
 .debug_info    0x00004d94      0xcd5 usb_core.o
 .debug_info    0x00005a69      0x4ba usb_init.o
 .debug_info    0x00005f23      0x192 usb_mem.o
 .debug_info    0x000060b5      0xd6c usb_regs.o
 .debug_info    0x00006e21      0x158 usb_sil.o
 .debug_info    0x00006f79      0x1d2 usb_int.o

.debug_line     0x00000000     0x31d8
 .debug_line    0x00000000       0x75 main.o
 .debug_line    0x00000075       0x41 Ap.o
 .debug_line    0x000000b6      0x14e Ap_RadioMenu.o
 .debug_line    0x00000204      0x3f2 Ap_Radio.o
 .debug_line    0x000005f6       0x5a Lb_Util.o
 .debug_line    0x00000650      0x394 Lb_Printf.o
 .debug_line    0x000009e4       0x90 Hw_StartUp.o
 .debug_line    0x00000a74       0x99 Hw.o
 .debug_line    0x00000b0d      0x218 Hw_Uart.o
 .debug_line    0x00000d25       0x5e Hw_PLL.o
 .debug_line    0x00000d83       0xb2 Hw_Led.o
 .debug_line    0x00000e35      0x100 Hw_Uart_Q.o
 .debug_line    0x00000f35       0x78 Hw_ISR.o
 .debug_line    0x00000fad      0x1b3 Hw_Timer.o
 .debug_line    0x00001160       0x7f Hw_VCom.o
 .debug_line    0x000011df       0x76 Hw_I2C.o
 .debug_line    0x00001255      0x6d8 Hw_I2C_SW.o
 .debug_line    0x0000192d      0x2ff Hw_Si47xx.o
 .debug_line    0x00001c2c       0x4f usb_desc.o
 .debug_line    0x00001c7b       0xaf usb_endp.o
 .debug_line    0x00001d2a      0x10b usb_istr.o
 .debug_line    0x00001e35      0x20c usb_prop.o
 .debug_line    0x00002041      0x170 usb_pwr.o
 .debug_line    0x000021b1      0x2b7 hw_config.o
 .debug_line    0x00002468      0x48b usb_core.o
 .debug_line    0x000028f3       0x8a usb_init.o
 .debug_line    0x0000297d       0xe2 usb_mem.o
 .debug_line    0x00002a5f      0x57a usb_regs.o
 .debug_line    0x00002fd9       0xa1 usb_sil.o
 .debug_line    0x0000307a      0x15e usb_int.o

.debug_loc      0x00000000     0x657f
 .debug_loc     0x00000000       0x4c main.o
 .debug_loc     0x0000004c       0x20 Ap.o
 .debug_loc     0x0000006c      0x2c7 Ap_RadioMenu.o
 .debug_loc     0x00000333      0x9dd Ap_Radio.o
 .debug_loc     0x00000d10       0x51 Lb_Util.o
 .debug_loc     0x00000d61     0x1541 Lb_Printf.o
 .debug_loc     0x000022a2       0xa6 Hw_StartUp.o
 .debug_loc     0x00002348       0x92 Hw.o
 .debug_loc     0x000023da      0x301 Hw_Uart.o
 .debug_loc     0x000026db       0x78 Hw_Led.o
 .debug_loc     0x00002753      0x1d4 Hw_Uart_Q.o
 .debug_loc     0x00002927       0x26 Hw_ISR.o
 .debug_loc     0x0000294d      0x28d Hw_Timer.o
 .debug_loc     0x00002bda       0x7f Hw_VCom.o
 .debug_loc     0x00002c59       0xf8 Hw_I2C.o
 .debug_loc     0x00002d51      0xfff Hw_I2C_SW.o
 .debug_loc     0x00003d50      0x885 Hw_Si47xx.o
 .debug_loc     0x000045d5       0xc7 usb_endp.o
 .debug_loc     0x0000469c      0x118 usb_istr.o
 .debug_loc     0x000047b4      0x207 usb_prop.o
 .debug_loc     0x000049bb      0x29d usb_pwr.o
 .debug_loc     0x00004c58      0x2cd hw_config.o
 .debug_loc     0x00004f25      0x9fd usb_core.o
 .debug_loc     0x00005922       0x20 usb_init.o
 .debug_loc     0x00005942      0x1f1 usb_mem.o
 .debug_loc     0x00005b33      0x869 usb_regs.o
 .debug_loc     0x0000639c       0xdf usb_sil.o
 .debug_loc     0x0000647b      0x104 usb_int.o

.debug_pubnames
                0x00000000     0x19ff
 .debug_pubnames
                0x00000000       0x28 main.o
 .debug_pubnames
                0x00000028       0x1e Ap.o
 .debug_pubnames
                0x00000046       0x70 Ap_RadioMenu.o
 .debug_pubnames
                0x000000b6      0x292 Ap_Radio.o
 .debug_pubnames
                0x00000348       0x2d Lb_Util.o
 .debug_pubnames
                0x00000375       0x42 Lb_Printf.o
 .debug_pubnames
                0x000003b7       0x37 Hw_StartUp.o
 .debug_pubnames
                0x000003ee       0x3b Hw.o
 .debug_pubnames
                0x00000429       0xf0 Hw_Uart.o
 .debug_pubnames
                0x00000519       0x22 Hw_PLL.o
 .debug_pubnames
                0x0000053b       0x61 Hw_Led.o
 .debug_pubnames
                0x0000059c       0xd7 Hw_Uart_Q.o
 .debug_pubnames
                0x00000673       0x6b Hw_ISR.o
 .debug_pubnames
                0x000006de      0x103 Hw_Timer.o
 .debug_pubnames
                0x000007e1       0x47 Hw_VCom.o
 .debug_pubnames
                0x00000828       0x43 Hw_I2C.o
 .debug_pubnames
                0x0000086b      0x1b6 Hw_I2C_SW.o
 .debug_pubnames
                0x00000a21      0x22d Hw_Si47xx.o
 .debug_pubnames
                0x00000c4e       0xe7 usb_desc.o
 .debug_pubnames
                0x00000d35       0x5e usb_endp.o
 .debug_pubnames
                0x00000d93       0x71 usb_istr.o
 .debug_pubnames
                0x00000e04      0x29d usb_prop.o
 .debug_pubnames
                0x000010a1       0x9d usb_pwr.o
 .debug_pubnames
                0x0000113e      0x19d hw_config.o
 .debug_pubnames
                0x000012db      0x1a5 usb_core.o
 .debug_pubnames
                0x00001480       0x98 usb_init.o
 .debug_pubnames
                0x00001518       0x42 usb_mem.o
 .debug_pubnames
                0x0000155a      0x419 usb_regs.o
 .debug_pubnames
                0x00001973       0x46 usb_sil.o
 .debug_pubnames
                0x000019b9       0x46 usb_int.o

.debug_pubtypes
                0x00000000      0xa0a
 .debug_pubtypes
                0x00000000       0x1a main.o
 .debug_pubtypes
                0x0000001a       0x12 Ap.o
 .debug_pubtypes
                0x0000002c       0x29 Ap_RadioMenu.o
 .debug_pubtypes
                0x00000055       0x32 Ap_Radio.o
 .debug_pubtypes
                0x00000087       0x12 Lb_Util.o
 .debug_pubtypes
                0x00000099       0x27 Lb_Printf.o
 .debug_pubtypes
                0x000000c0       0x26 Hw_StartUp.o
 .debug_pubtypes
                0x000000e6       0x1a Hw.o
 .debug_pubtypes
                0x00000100       0x5e Hw_Uart.o
 .debug_pubtypes
                0x0000015e       0x12 Hw_PLL.o
 .debug_pubtypes
                0x00000170       0x21 Hw_Led.o
 .debug_pubtypes
                0x00000191       0x29 Hw_Uart_Q.o
 .debug_pubtypes
                0x000001ba       0x21 Hw_ISR.o
 .debug_pubtypes
                0x000001db       0x41 Hw_Timer.o
 .debug_pubtypes
                0x0000021c       0x19 Hw_VCom.o
 .debug_pubtypes
                0x00000235       0x21 Hw_I2C.o
 .debug_pubtypes
                0x00000256       0x21 Hw_I2C_SW.o
 .debug_pubtypes
                0x00000277       0x29 Hw_Si47xx.o
 .debug_pubtypes
                0x000002a0       0x1e usb_desc.o
 .debug_pubtypes
                0x000002be       0x4a usb_endp.o
 .debug_pubtypes
                0x00000308       0x8b usb_istr.o
 .debug_pubtypes
                0x00000393      0x17b usb_prop.o
 .debug_pubtypes
                0x0000050e       0x8d usb_pwr.o
 .debug_pubtypes
                0x0000059b       0xbb hw_config.o
 .debug_pubtypes
                0x00000656      0x1b7 usb_core.o
 .debug_pubtypes
                0x0000080d       0xfc usb_init.o
 .debug_pubtypes
                0x00000909       0x38 usb_mem.o
 .debug_pubtypes
                0x00000941       0x59 usb_regs.o
 .debug_pubtypes
                0x0000099a       0x38 usb_sil.o
 .debug_pubtypes
                0x000009d2       0x38 usb_int.o

.debug_aranges  0x00000000      0xa58
 .debug_aranges
                0x00000000       0x28 main.o
 .debug_aranges
                0x00000028       0x20 Ap.o
 .debug_aranges
                0x00000048       0x38 Ap_RadioMenu.o
 .debug_aranges
                0x00000080       0xe0 Ap_Radio.o
 .debug_aranges
                0x00000160       0x28 Lb_Util.o
 .debug_aranges
                0x00000188       0x38 Lb_Printf.o
 .debug_aranges
                0x000001c0       0x20 Hw_StartUp.o
 .debug_aranges
                0x000001e0       0x30 Hw.o
 .debug_aranges
                0x00000210       0x70 Hw_Uart.o
 .debug_aranges
                0x00000280       0x20 Hw_PLL.o
 .debug_aranges
                0x000002a0       0x40 Hw_Led.o
 .debug_aranges
                0x000002e0       0x48 Hw_Uart_Q.o
 .debug_aranges
                0x00000328       0x30 Hw_ISR.o
 .debug_aranges
                0x00000358       0x78 Hw_Timer.o
 .debug_aranges
                0x000003d0       0x30 Hw_VCom.o
 .debug_aranges
                0x00000400       0x30 Hw_I2C.o
 .debug_aranges
                0x00000430       0xa0 Hw_I2C_SW.o
 .debug_aranges
                0x000004d0       0xb8 Hw_Si47xx.o
 .debug_aranges
                0x00000588       0x30 usb_endp.o
 .debug_aranges
                0x000005b8       0x20 usb_istr.o
 .debug_aranges
                0x000005d8       0x88 usb_prop.o
 .debug_aranges
                0x00000660       0x40 usb_pwr.o
 .debug_aranges
                0x000006a0       0x90 hw_config.o
 .debug_aranges
                0x00000730       0x98 usb_core.o
 .debug_aranges
                0x000007c8       0x20 usb_init.o
 .debug_aranges
                0x000007e8       0x28 usb_mem.o
 .debug_aranges
                0x00000810      0x1f0 usb_regs.o
 .debug_aranges
                0x00000a00       0x30 usb_sil.o
 .debug_aranges
                0x00000a30       0x28 usb_int.o

.debug_ranges   0x00000000     0x13a8
 .debug_ranges  0x00000000       0x30 main.o
 .debug_ranges  0x00000030       0x10 Ap.o
 .debug_ranges  0x00000040       0x28 Ap_RadioMenu.o
 .debug_ranges  0x00000068      0x210 Ap_Radio.o
 .debug_ranges  0x00000278       0x18 Lb_Util.o
 .debug_ranges  0x00000290      0x1a8 Lb_Printf.o
 .debug_ranges  0x00000438       0x10 Hw_StartUp.o
 .debug_ranges  0x00000448       0x60 Hw.o
 .debug_ranges  0x000004a8       0x90 Hw_Uart.o
 .debug_ranges  0x00000538       0x10 Hw_PLL.o
 .debug_ranges  0x00000548       0x48 Hw_Led.o
 .debug_ranges  0x00000590       0x88 Hw_Uart_Q.o
 .debug_ranges  0x00000618       0x20 Hw_ISR.o
 .debug_ranges  0x00000638       0x68 Hw_Timer.o
 .debug_ranges  0x000006a0       0x20 Hw_VCom.o
 .debug_ranges  0x000006c0       0x20 Hw_I2C.o
 .debug_ranges  0x000006e0      0x5c0 Hw_I2C_SW.o
 .debug_ranges  0x00000ca0       0xa8 Hw_Si47xx.o
 .debug_ranges  0x00000d48       0x20 usb_endp.o
 .debug_ranges  0x00000d68       0x10 usb_istr.o
 .debug_ranges  0x00000d78       0x78 usb_prop.o
 .debug_ranges  0x00000df0       0x30 usb_pwr.o
 .debug_ranges  0x00000e20       0xc0 hw_config.o
 .debug_ranges  0x00000ee0      0x1f0 usb_core.o
 .debug_ranges  0x000010d0       0x10 usb_init.o
 .debug_ranges  0x000010e0       0x18 usb_mem.o
 .debug_ranges  0x000010f8      0x260 usb_regs.o
 .debug_ranges  0x00001358       0x20 usb_sil.o
 .debug_ranges  0x00001378       0x30 usb_int.o

.debug_str      0x00000000     0x22c3
 .debug_str     0x00000000       0xa2 main.o
                                 0xc0 (size before relaxing)
 .debug_str     0x000000a2       0x17 Ap.o
                                 0xa3 (size before relaxing)
 .debug_str     0x000000b9       0xb1 Ap_RadioMenu.o
                                0x15d (size before relaxing)
 .debug_str     0x0000016a      0x2f7 Ap_Radio.o
                                0x3a6 (size before relaxing)
 .debug_str     0x00000461       0x31 Lb_Util.o
                                 0xbd (size before relaxing)
 .debug_str     0x00000492       0xc4 Lb_Printf.o
                                0x168 (size before relaxing)
 .debug_str     0x00000556       0x90 Hw_StartUp.o
                                0x11c (size before relaxing)
 .debug_str     0x000005e6       0x31 Hw.o
                                 0xc3 (size before relaxing)
 .debug_str     0x00000617      0x14d Hw_Uart.o
                                0x1e8 (size before relaxing)
 .debug_str     0x00000764       0x1f Hw_PLL.o
                                 0xab (size before relaxing)
 .debug_str     0x00000783       0x55 Hw_Led.o
                                 0xe7 (size before relaxing)
 .debug_str     0x000007d8       0xc2 Hw_Uart_Q.o
                                0x14e (size before relaxing)
 .debug_str     0x0000089a       0x96 Hw_ISR.o
                                0x122 (size before relaxing)
 .debug_str     0x00000930      0x16b Hw_Timer.o
                                0x207 (size before relaxing)
 .debug_str     0x00000a9b       0x3d Hw_VCom.o
                                0x101 (size before relaxing)
 .debug_str     0x00000ad8       0x47 Hw_I2C.o
                                 0xd3 (size before relaxing)
 .debug_str     0x00000b1f      0x180 Hw_I2C_SW.o
                                0x226 (size before relaxing)
 .debug_str     0x00000c9f      0x23a Hw_Si47xx.o
                                0x304 (size before relaxing)
 .debug_str     0x00000ed9       0xd3 usb_desc.o
                                0x167 (size before relaxing)
 .debug_str     0x00000fac      0x128 usb_endp.o
                                0x1bc (size before relaxing)
 .debug_str     0x000010d4      0x1b6 usb_istr.o
                                0x2d4 (size before relaxing)
 .debug_str     0x0000128a      0x4f1 usb_prop.o
                                0x871 (size before relaxing)
 .debug_str     0x0000177b       0x81 usb_pwr.o
                                0x286 (size before relaxing)
 .debug_str     0x000017fc      0x176 hw_config.o
                                0x43a (size before relaxing)
 .debug_str     0x00001972      0x431 usb_core.o
                                0x983 (size before relaxing)
 .debug_str     0x00001da3       0x35 usb_init.o
                                0x462 (size before relaxing)
 .debug_str     0x00001dd8       0x71 usb_mem.o
                                0x117 (size before relaxing)
 .debug_str     0x00001e49      0x3dd usb_regs.o
                                0x49f (size before relaxing)
 .debug_str     0x00002226       0x6f usb_sil.o
                                0x125 (size before relaxing)
 .debug_str     0x00002295       0x2e usb_int.o
                                0x116 (size before relaxing)

.comment        0x00000000       0x2a
 .comment       0x00000000       0x2a main.o
                                 0x2b (size before relaxing)
 .comment       0x00000000       0x2b Ap.o
 .comment       0x00000000       0x2b Ap_RadioMenu.o
 .comment       0x00000000       0x2b Ap_Radio.o
 .comment       0x00000000       0x2b Lb_Util.o
 .comment       0x00000000       0x2b Lb_Printf.o
 .comment       0x00000000       0x2b Hw_StartUp.o
 .comment       0x00000000       0x2b Hw.o
 .comment       0x00000000       0x2b Hw_Uart.o
 .comment       0x00000000       0x2b Hw_PLL.o
 .comment       0x00000000       0x2b Hw_Led.o
 .comment       0x00000000       0x2b Hw_Uart_Q.o
 .comment       0x00000000       0x2b Hw_ISR.o
 .comment       0x00000000       0x2b Hw_Timer.o
 .comment       0x00000000       0x2b Hw_VCom.o
 .comment       0x00000000       0x2b Hw_I2C.o
 .comment       0x00000000       0x2b Hw_I2C_SW.o
 .comment       0x00000000       0x2b Hw_Si47xx.o
 .comment       0x00000000       0x2b usb_desc.o
 .comment       0x00000000       0x2b usb_endp.o
 .comment       0x00000000       0x2b usb_istr.o
 .comment       0x00000000       0x2b usb_prop.o
 .comment       0x00000000       0x2b usb_pwr.o
 .comment       0x00000000       0x2b hw_config.o
 .comment       0x00000000       0x2b usb_core.o
 .comment       0x00000000       0x2b usb_init.o
 .comment       0x00000000       0x2b usb_mem.o
 .comment       0x00000000       0x2b usb_regs.o
 .comment       0x00000000       0x2b usb_sil.o
 .comment       0x00000000       0x2b usb_int.o

.ARM.attributes
                0x00000000       0x31
 .ARM.attributes
                0x00000000       0x31 main.o
 .ARM.attributes
                0x00000031       0x31 Ap.o
 .ARM.attributes
                0x00000062       0x31 Ap_RadioMenu.o
 .ARM.attributes
                0x00000093       0x31 Ap_Radio.o
 .ARM.attributes
                0x000000c4       0x31 Lb_Util.o
 .ARM.attributes
                0x000000f5       0x31 Lb_Printf.o
 .ARM.attributes
                0x00000126       0x31 Hw_StartUp.o
 .ARM.attributes
                0x00000157       0x31 Hw.o
 .ARM.attributes
                0x00000188       0x31 Hw_Uart.o
 .ARM.attributes
                0x000001b9       0x31 Hw_PLL.o
 .ARM.attributes
                0x000001ea       0x31 Hw_Led.o
 .ARM.attributes
                0x0000021b       0x31 Hw_Uart_Q.o
 .ARM.attributes
                0x0000024c       0x31 Hw_ISR.o
 .ARM.attributes
                0x0000027d       0x31 Hw_Timer.o
 .ARM.attributes
                0x000002ae       0x31 Hw_VCom.o
 .ARM.attributes
                0x000002df       0x31 Hw_I2C.o
 .ARM.attributes
                0x00000310       0x31 Hw_I2C_SW.o
 .ARM.attributes
                0x00000341       0x31 Hw_Si47xx.o
 .ARM.attributes
                0x00000372       0x31 usb_desc.o
 .ARM.attributes
                0x000003a3       0x31 usb_endp.o
 .ARM.attributes
                0x000003d4       0x31 usb_istr.o
 .ARM.attributes
                0x00000405       0x31 usb_prop.o
 .ARM.attributes
                0x00000436       0x31 usb_pwr.o
 .ARM.attributes
                0x00000467       0x31 hw_config.o
 .ARM.attributes
                0x00000498       0x31 usb_core.o
 .ARM.attributes
                0x000004c9       0x31 usb_init.o
 .ARM.attributes
                0x000004fa       0x31 usb_mem.o
 .ARM.attributes
                0x0000052b       0x31 usb_regs.o
 .ARM.attributes
                0x0000055c       0x31 usb_sil.o
 .ARM.attributes
                0x0000058d       0x31 usb_int.o
 .ARM.attributes
                0x000005be       0x29 c:/program files/codesourcery/sourcery g++ lite/bin/../lib/gcc/arm-none-eabi/4.5.2/../../../../arm-none-eabi/lib/thumb2\libc.a(lib_a-vsprintf.o)
 .ARM.attributes
                0x000005e7       0x29 c:/program files/codesourcery/sourcery g++ lite/bin/../lib/gcc/arm-none-eabi/4.5.2/../../../../arm-none-eabi/lib/thumb2\libc.a(lib_a-impure.o)
 .ARM.attributes
                0x00000610       0x29 c:/program files/codesourcery/sourcery g++ lite/bin/../lib/gcc/arm-none-eabi/4.5.2/../../../../arm-none-eabi/lib/thumb2\libc.a(lib_a-svfprintf.o)
 .ARM.attributes
                0x00000639       0x29 c:/program files/codesourcery/sourcery g++ lite/bin/../lib/gcc/arm-none-eabi/4.5.2/../../../../arm-none-eabi/lib/thumb2\libc.a(lib_a-dtoa.o)
 .ARM.attributes
                0x00000662       0x29 c:/program files/codesourcery/sourcery g++ lite/bin/../lib/gcc/arm-none-eabi/4.5.2/../../../../arm-none-eabi/lib/thumb2\libc.a(lib_a-locale.o)
 .ARM.attributes
                0x0000068b       0x29 c:/program files/codesourcery/sourcery g++ lite/bin/../lib/gcc/arm-none-eabi/4.5.2/../../../../arm-none-eabi/lib/thumb2\libc.a(lib_a-malloc.o)
 .ARM.attributes
                0x000006b4       0x29 c:/program files/codesourcery/sourcery g++ lite/bin/../lib/gcc/arm-none-eabi/4.5.2/../../../../arm-none-eabi/lib/thumb2\libc.a(lib_a-mallocr.o)
 .ARM.attributes
                0x000006dd       0x29 c:/program files/codesourcery/sourcery g++ lite/bin/../lib/gcc/arm-none-eabi/4.5.2/../../../../arm-none-eabi/lib/thumb2\libc.a(lib_a-memchr.o)
 .ARM.attributes
                0x00000706       0x29 c:/program files/codesourcery/sourcery g++ lite/bin/../lib/gcc/arm-none-eabi/4.5.2/../../../../arm-none-eabi/lib/thumb2\libc.a(lib_a-memcpy.o)
 .ARM.attributes
                0x0000072f       0x29 c:/program files/codesourcery/sourcery g++ lite/bin/../lib/gcc/arm-none-eabi/4.5.2/../../../../arm-none-eabi/lib/thumb2\libc.a(lib_a-mlock.o)
 .ARM.attributes
                0x00000758       0x29 c:/program files/codesourcery/sourcery g++ lite/bin/../lib/gcc/arm-none-eabi/4.5.2/../../../../arm-none-eabi/lib/thumb2\libc.a(lib_a-mprec.o)
 .ARM.attributes
                0x00000781       0x29 c:/program files/codesourcery/sourcery g++ lite/bin/../lib/gcc/arm-none-eabi/4.5.2/../../../../arm-none-eabi/lib/thumb2\libc.a(lib_a-s_fpclassify.o)
 .ARM.attributes
                0x000007aa       0x29 c:/program files/codesourcery/sourcery g++ lite/bin/../lib/gcc/arm-none-eabi/4.5.2/../../../../arm-none-eabi/lib/thumb2\libc.a(lib_a-sbrkr.o)
 .ARM.attributes
                0x000007d3       0x29 c:/program files/codesourcery/sourcery g++ lite/bin/../lib/gcc/arm-none-eabi/4.5.2/../../../../arm-none-eabi/lib/thumb2\libc.a(lib_a-strcmp.o)
 .ARM.attributes
                0x000007fc       0x29 c:/program files/codesourcery/sourcery g++ lite/bin/../lib/gcc/arm-none-eabi/4.5.2/../../../../arm-none-eabi/lib/thumb2\libc.a(lib_a-strlen.o)
 .ARM.attributes
                0x00000825       0x29 c:/program files/codesourcery/sourcery g++ lite/bin/../lib/gcc/arm-none-eabi/4.5.2/../../../../arm-none-eabi/lib/thumb2\libc.a(lib_a-svfiprintf.o)
 .ARM.attributes
                0x0000084e       0x29 c:/program files/codesourcery/sourcery g++ lite/bin/../lib/gcc/arm-none-eabi/4.5.2/../../../../arm-none-eabi/lib/thumb2\libc.a(lib_a-callocr.o)
 .ARM.attributes
                0x00000877       0x29 c:/program files/codesourcery/sourcery g++ lite/bin/../lib/gcc/arm-none-eabi/4.5.2/../../../../arm-none-eabi/lib/thumb2\libc.a(lib_a-freer.o)
 .ARM.attributes
                0x000008a0       0x29 c:/program files/codesourcery/sourcery g++ lite/bin/../lib/gcc/arm-none-eabi/4.5.2/../../../../arm-none-eabi/lib/thumb2\libc.a(lib_a-memmove.o)
 .ARM.attributes
                0x000008c9       0x29 c:/program files/codesourcery/sourcery g++ lite/bin/../lib/gcc/arm-none-eabi/4.5.2/../../../../arm-none-eabi/lib/thumb2\libc.a(lib_a-memset.o)
 .ARM.attributes
                0x000008f2       0x29 c:/program files/codesourcery/sourcery g++ lite/bin/../lib/gcc/arm-none-eabi/4.5.2/../../../../arm-none-eabi/lib/thumb2\libc.a(lib_a-reallocr.o)
 .ARM.attributes
                0x0000091b       0x29 c:/program files/codesourcery/sourcery g++ lite/bin/../lib/gcc/arm-none-eabi/4.5.2/../../../../arm-none-eabi/lib/thumb2\libc.a(lib_a-reent.o)
 .ARM.attributes
                0x00000944       0x1b c:/program files/codesourcery/sourcery g++ lite/bin/../lib/gcc/arm-none-eabi/4.5.2/thumb2\libgcc.a(_udivsi3.o)
 .ARM.attributes
                0x0000095f       0x1b c:/program files/codesourcery/sourcery g++ lite/bin/../lib/gcc/arm-none-eabi/4.5.2/thumb2\libgcc.a(_dvmd_tls.o)
 .ARM.attributes
                0x0000097a       0x1b c:/program files/codesourcery/sourcery g++ lite/bin/../lib/gcc/arm-none-eabi/4.5.2/thumb2\libgcc.a(_arm_addsubdf3.o)
 .ARM.attributes
                0x00000995       0x1b c:/program files/codesourcery/sourcery g++ lite/bin/../lib/gcc/arm-none-eabi/4.5.2/thumb2\libgcc.a(_arm_muldivdf3.o)
 .ARM.attributes
                0x000009b0       0x1b c:/program files/codesourcery/sourcery g++ lite/bin/../lib/gcc/arm-none-eabi/4.5.2/thumb2\libgcc.a(_arm_cmpdf2.o)
 .ARM.attributes
                0x000009cb       0x1b c:/program files/codesourcery/sourcery g++ lite/bin/../lib/gcc/arm-none-eabi/4.5.2/thumb2\libgcc.a(_arm_fixdfsi.o)
 .ARM.attributes
                0x000009e6       0x1b c:/program files/codesourcery/sourcery g++ lite/bin/../lib/gcc/arm-none-eabi/4.5.2/thumb2\libgcc.a(_aeabi_uldivmod.o)
 .ARM.attributes
                0x00000a01       0x29 c:/program files/codesourcery/sourcery g++ lite/bin/../lib/gcc/arm-none-eabi/4.5.2/thumb2\libgcc.a(bpabi.o)
 .ARM.attributes
                0x00000a2a       0x29 c:/program files/codesourcery/sourcery g++ lite/bin/../lib/gcc/arm-none-eabi/4.5.2/thumb2\libgcc.a(_divdi3.o)
 .ARM.attributes
                0x00000a53       0x29 c:/program files/codesourcery/sourcery g++ lite/bin/../lib/gcc/arm-none-eabi/4.5.2/thumb2\libgcc.a(_udivdi3.o)

.debug_frame    0x00000000     0x21b4
 .debug_frame   0x00000000       0x4c main.o
 .debug_frame   0x0000004c       0x2c Ap.o
 .debug_frame   0x00000078       0xa0 Ap_RadioMenu.o
 .debug_frame   0x00000118      0x2dc Ap_Radio.o
 .debug_frame   0x000003f4       0x34 Lb_Util.o
 .debug_frame   0x00000428       0x9c Lb_Printf.o
 .debug_frame   0x000004c4       0x3c Hw_StartUp.o
 .debug_frame   0x00000500       0x54 Hw.o
 .debug_frame   0x00000554      0x144 Hw_Uart.o
 .debug_frame   0x00000698       0x20 Hw_PLL.o
 .debug_frame   0x000006b8       0x64 Hw_Led.o
 .debug_frame   0x0000071c       0x88 Hw_Uart_Q.o
 .debug_frame   0x000007a4       0x40 Hw_ISR.o
 .debug_frame   0x000007e4      0x108 Hw_Timer.o
 .debug_frame   0x000008ec       0x64 Hw_VCom.o
 .debug_frame   0x00000950       0x64 Hw_I2C.o
 .debug_frame   0x000009b4      0x220 Hw_I2C_SW.o
 .debug_frame   0x00000bd4      0x2a4 Hw_Si47xx.o
 .debug_frame   0x00000e78       0x64 usb_endp.o
 .debug_frame   0x00000edc       0x30 usb_istr.o
 .debug_frame   0x00000f0c      0x148 usb_prop.o
 .debug_frame   0x00001054       0xa8 usb_pwr.o
 .debug_frame   0x000010fc      0x168 hw_config.o
 .debug_frame   0x00001264      0x1ec usb_core.o
 .debug_frame   0x00001450       0x2c usb_init.o
 .debug_frame   0x0000147c       0x4c usb_mem.o
 .debug_frame   0x000014c8      0x3f4 usb_regs.o
 .debug_frame   0x000018bc       0x60 usb_sil.o
 .debug_frame   0x0000191c       0x6c usb_int.o
 .debug_frame   0x00001988       0x48 c:/program files/codesourcery/sourcery g++ lite/bin/../lib/gcc/arm-none-eabi/4.5.2/../../../../arm-none-eabi/lib/thumb2\libc.a(lib_a-vsprintf.o)
 .debug_frame   0x000019d0       0x3c c:/program files/codesourcery/sourcery g++ lite/bin/../lib/gcc/arm-none-eabi/4.5.2/../../../../arm-none-eabi/lib/thumb2\libc.a(lib_a-svfprintf.o)
 .debug_frame   0x00001a0c       0x68 c:/program files/codesourcery/sourcery g++ lite/bin/../lib/gcc/arm-none-eabi/4.5.2/../../../../arm-none-eabi/lib/thumb2\libc.a(lib_a-dtoa.o)
 .debug_frame   0x00001a74       0x98 c:/program files/codesourcery/sourcery g++ lite/bin/../lib/gcc/arm-none-eabi/4.5.2/../../../../arm-none-eabi/lib/thumb2\libc.a(lib_a-locale.o)
 .debug_frame   0x00001b0c       0x30 c:/program files/codesourcery/sourcery g++ lite/bin/../lib/gcc/arm-none-eabi/4.5.2/../../../../arm-none-eabi/lib/thumb2\libc.a(lib_a-malloc.o)
 .debug_frame   0x00001b3c       0x3c c:/program files/codesourcery/sourcery g++ lite/bin/../lib/gcc/arm-none-eabi/4.5.2/../../../../arm-none-eabi/lib/thumb2\libc.a(lib_a-mallocr.o)
 .debug_frame   0x00001b78       0x2c c:/program files/codesourcery/sourcery g++ lite/bin/../lib/gcc/arm-none-eabi/4.5.2/../../../../arm-none-eabi/lib/thumb2\libc.a(lib_a-memchr.o)
 .debug_frame   0x00001ba4       0x30 c:/program files/codesourcery/sourcery g++ lite/bin/../lib/gcc/arm-none-eabi/4.5.2/../../../../arm-none-eabi/lib/thumb2\libc.a(lib_a-memcpy.o)
 .debug_frame   0x00001bd4       0x30 c:/program files/codesourcery/sourcery g++ lite/bin/../lib/gcc/arm-none-eabi/4.5.2/../../../../arm-none-eabi/lib/thumb2\libc.a(lib_a-mlock.o)
 .debug_frame   0x00001c04      0x244 c:/program files/codesourcery/sourcery g++ lite/bin/../lib/gcc/arm-none-eabi/4.5.2/../../../../arm-none-eabi/lib/thumb2\libc.a(lib_a-mprec.o)
 .debug_frame   0x00001e48       0x28 c:/program files/codesourcery/sourcery g++ lite/bin/../lib/gcc/arm-none-eabi/4.5.2/../../../../arm-none-eabi/lib/thumb2\libc.a(lib_a-s_fpclassify.o)
 .debug_frame   0x00001e70       0x2c c:/program files/codesourcery/sourcery g++ lite/bin/../lib/gcc/arm-none-eabi/4.5.2/../../../../arm-none-eabi/lib/thumb2\libc.a(lib_a-sbrkr.o)
 .debug_frame   0x00001e9c       0x30 c:/program files/codesourcery/sourcery g++ lite/bin/../lib/gcc/arm-none-eabi/4.5.2/../../../../arm-none-eabi/lib/thumb2\libc.a(lib_a-strcmp.o)
 .debug_frame   0x00001ecc       0x20 c:/program files/codesourcery/sourcery g++ lite/bin/../lib/gcc/arm-none-eabi/4.5.2/../../../../arm-none-eabi/lib/thumb2\libc.a(lib_a-strlen.o)
 .debug_frame   0x00001eec       0x68 c:/program files/codesourcery/sourcery g++ lite/bin/../lib/gcc/arm-none-eabi/4.5.2/../../../../arm-none-eabi/lib/thumb2\libc.a(lib_a-svfiprintf.o)
 .debug_frame   0x00001f54       0x2c c:/program files/codesourcery/sourcery g++ lite/bin/../lib/gcc/arm-none-eabi/4.5.2/../../../../arm-none-eabi/lib/thumb2\libc.a(lib_a-callocr.o)
 .debug_frame   0x00001f80       0x50 c:/program files/codesourcery/sourcery g++ lite/bin/../lib/gcc/arm-none-eabi/4.5.2/../../../../arm-none-eabi/lib/thumb2\libc.a(lib_a-freer.o)
 .debug_frame   0x00001fd0       0x2c c:/program files/codesourcery/sourcery g++ lite/bin/../lib/gcc/arm-none-eabi/4.5.2/../../../../arm-none-eabi/lib/thumb2\libc.a(lib_a-memmove.o)
 .debug_frame   0x00001ffc       0x2c c:/program files/codesourcery/sourcery g++ lite/bin/../lib/gcc/arm-none-eabi/4.5.2/../../../../arm-none-eabi/lib/thumb2\libc.a(lib_a-memset.o)
 .debug_frame   0x00002028       0x3c c:/program files/codesourcery/sourcery g++ lite/bin/../lib/gcc/arm-none-eabi/4.5.2/../../../../arm-none-eabi/lib/thumb2\libc.a(lib_a-reallocr.o)
 .debug_frame   0x00002064       0x68 c:/program files/codesourcery/sourcery g++ lite/bin/../lib/gcc/arm-none-eabi/4.5.2/../../../../arm-none-eabi/lib/thumb2\libc.a(lib_a-reent.o)
 .debug_frame   0x000020cc       0x20 c:/program files/codesourcery/sourcery g++ lite/bin/../lib/gcc/arm-none-eabi/4.5.2/thumb2\libgcc.a(_udivsi3.o)
 .debug_frame   0x000020ec       0x50 c:/program files/codesourcery/sourcery g++ lite/bin/../lib/gcc/arm-none-eabi/4.5.2/thumb2\libgcc.a(bpabi.o)
 .debug_frame   0x0000213c       0x3c c:/program files/codesourcery/sourcery g++ lite/bin/../lib/gcc/arm-none-eabi/4.5.2/thumb2\libgcc.a(_divdi3.o)
 .debug_frame   0x00002178       0x3c c:/program files/codesourcery/sourcery g++ lite/bin/../lib/gcc/arm-none-eabi/4.5.2/thumb2\libgcc.a(_udivdi3.o)

Cross Reference Table

Symbol                                            File
Ap_Init                                           Ap.o
                                                  main.o
Ap_RadioMenu_ExeCmd                               Ap_RadioMenu.o
                                                  main.o
Ap_RadioMenu_GetCmd                               Ap_RadioMenu.o
Ap_RadioMenu_ShowMenu                             Ap_RadioMenu.o
Ap_Radio_AM_ChannelGet                            Ap_Radio.o
Ap_Radio_AM_ChannelSet                            Ap_Radio.o
Ap_Radio_ApiStart                                 Ap_Radio.o
Ap_Radio_BandGet                                  Ap_Radio.o
                                                  Ap_RadioMenu.o
Ap_Radio_BandSetAM                                Ap_Radio.o
                                                  Ap_RadioMenu.o
Ap_Radio_BandSetFM                                Ap_Radio.o
                                                  Ap_RadioMenu.o
Ap_Radio_ChannelGet                               Ap_Radio.o
                                                  Ap_RadioMenu.o
Ap_Radio_ChannelSet                               Ap_Radio.o
                                                  Ap_RadioMenu.o
Ap_Radio_ChannelSetFirst                          Ap_Radio.o
                                                  Ap_RadioMenu.o
Ap_Radio_ChannelSetLast                           Ap_Radio.o
Ap_Radio_ChannelSetNext                           Ap_Radio.o
                                                  Ap_RadioMenu.o
Ap_Radio_ChannelSetPrev                           Ap_Radio.o
                                                  Ap_RadioMenu.o
Ap_Radio_FM_ChannelGet                            Ap_Radio.o
Ap_Radio_FM_ChannelSet                            Ap_Radio.o
Ap_Radio_Init                                     Ap_Radio.o
                                                  Ap.o
Ap_Radio_Log                                      Ap_Radio.o
Ap_Radio_MuteSetOff                               Ap_Radio.o
Ap_Radio_MuteSetOn                                Ap_Radio.o
Ap_Radio_SeekFromFirst                            Ap_Radio.o
Ap_Radio_SeekFromLast                             Ap_Radio.o
Ap_Radio_SeekToFirst                              Ap_Radio.o
                                                  Ap_RadioMenu.o
Ap_Radio_SeekToLast                               Ap_Radio.o
                                                  Ap_RadioMenu.o
Ap_Radio_VolumeGet                                Ap_Radio.o
                                                  Ap_RadioMenu.o
Ap_Radio_VolumeSet                                Ap_Radio.o
Ap_Radio_VolumeSetDown                            Ap_Radio.o
                                                  Ap_RadioMenu.o
Ap_Radio_VolumeSetUp                              Ap_Radio.o
                                                  Ap_RadioMenu.o
ByteSwap                                          usb_regs.o
                                                  usb_core.o
CTR_HP                                            usb_int.o
CTR_LP                                            usb_int.o
                                                  usb_istr.o
ClearDTOG_RX                                      usb_regs.o
                                                  usb_core.o
ClearDTOG_TX                                      usb_regs.o
                                                  usb_core.o
ClearEPDoubleBuff                                 usb_regs.o
ClearEP_CTR_RX                                    usb_regs.o
ClearEP_CTR_TX                                    usb_regs.o
ClearEP_KIND                                      usb_regs.o
Clear_Status_Out                                  usb_regs.o
                                                  usb_prop.o
Config_Descriptor                                 usb_prop.o
Data_Mul_MaxPacketSize                            usb_core.o
DecToLong                                         Lb_Printf.o
Device_Descriptor                                 usb_prop.o
Device_Info                                       usb_init.o
                                                  hw_config.o
                                                  usb_prop.o
Device_Property                                   usb_prop.o
                                                  usb_init.o
                                                  usb_core.o
                                                  usb_istr.o
Device_Table                                      usb_prop.o
                                                  usb_core.o
EP                                                usb_pwr.o
EP1_IN_Callback                                   usb_endp.o
                                                  usb_istr.o
EP3_OUT_Callback                                  usb_endp.o
                                                  usb_istr.o
EPindex                                           usb_int.o
                                                  usb_init.o
Enter_LowPowerMode                                hw_config.o
FreeUserBuffer                                    usb_regs.o
GetBTABLE                                         usb_regs.o
GetCNTR                                           usb_regs.o
GetDADDR                                          usb_regs.o
GetENDPOINT                                       usb_regs.o
GetEPAddress                                      usb_regs.o
GetEPDblBuf0Addr                                  usb_regs.o
GetEPDblBuf0Count                                 usb_regs.o
GetEPDblBuf1Addr                                  usb_regs.o
GetEPDblBuf1Count                                 usb_regs.o
GetEPDblBufDir                                    usb_regs.o
GetEPRxAddr                                       usb_regs.o
                                                  usb_sil.o
                                                  usb_core.o
GetEPRxCount                                      usb_regs.o
                                                  usb_sil.o
GetEPRxStatus                                     usb_regs.o
GetEPTxAddr                                       usb_regs.o
                                                  usb_sil.o
                                                  usb_core.o
GetEPTxCount                                      usb_regs.o
GetEPTxStatus                                     usb_regs.o
GetEPType                                         usb_regs.o
GetFNR                                            usb_regs.o
GetISTR                                           usb_regs.o
GetRxStallStatus                                  usb_regs.o
GetTxStallStatus                                  usb_regs.o
Get_SerialNum                                     hw_config.o
                                                  usb_prop.o
HW_UART_Q_SIZE                                    Hw_Uart_Q.o
HW_UART_Q_VAILD                                   Hw_Uart_Q.o
                                                  Hw_VCom.o
                                                  Hw_Uart.o
Handle_USBAsynchXfer                              hw_config.o
                                                  usb_endp.o
Hw_I2C_Init                                       Hw_I2C.o
                                                  Hw_Si47xx.o
Hw_I2C_Read                                       Hw_I2C.o
                                                  Hw_Si47xx.o
Hw_I2C_SW_EndTransmit                             Hw_I2C_SW.o
Hw_I2C_SW_IO_Setup                                Hw_I2C_SW.o
Hw_I2C_SW_Init                                    Hw_I2C_SW.o
                                                  Hw_I2C.o
Hw_I2C_SW_Read                                    Hw_I2C_SW.o
                                                  Hw_I2C.o
Hw_I2C_SW_ReadByte_Ack                            Hw_I2C_SW.o
Hw_I2C_SW_ReadByte_NoAck                          Hw_I2C_SW.o
Hw_I2C_SW_SCL_HIGH                                Hw_I2C_SW.o
Hw_I2C_SW_SCL_LOW                                 Hw_I2C_SW.o
Hw_I2C_SW_SDA                                     Hw_I2C_SW.o
Hw_I2C_SW_SDA_HIGH                                Hw_I2C_SW.o
Hw_I2C_SW_SDA_LOW                                 Hw_I2C_SW.o
Hw_I2C_SW_SetDir_SDA_Input                        Hw_I2C_SW.o
Hw_I2C_SW_SetDir_SDA_Output                       Hw_I2C_SW.o
Hw_I2C_SW_StartTransmit                           Hw_I2C_SW.o
Hw_I2C_SW_Write                                   Hw_I2C_SW.o
                                                  Hw_I2C.o
Hw_I2C_SW_WriteByte_Ack                           Hw_I2C_SW.o
Hw_I2C_SW_WriteByte_NoAck                         Hw_I2C_SW.o
Hw_I2C_Write                                      Hw_I2C.o
                                                  Hw_Si47xx.o
Hw_ISR_Init                                       Hw_ISR.o
                                                  Hw.o
Hw_ISR_SetIRQFunc                                 Hw_ISR.o
                                                  Hw_Uart.o
Hw_ISR_SetIRQFuncByAddr                           Hw_ISR.o
                                                  hw_config.o
                                                  Hw_Timer.o
Hw_ISR_UART1_Handler                              Hw_Uart.o
Hw_ISR_VectorTable                                Hw_ISR.o
Hw_Init                                           Hw.o
                                                  main.o
Hw_Led_Init                                       Hw_Led.o
                                                  Hw.o
Hw_Led_Off                                        Hw_Led.o
Hw_Led_On                                         Hw_Led.o
Hw_Led_Toggle                                     Hw_Led.o
                                                  main.o
Hw_Led_Wait                                       Hw_Led.o
Hw_PLL_Init                                       Hw_PLL.o
                                                  Hw.o
Hw_Si47xx_AM_Config                               Hw_Si47xx.o
                                                  Ap_Radio.o
Hw_Si47xx_AM_SEEK_START                           Hw_Si47xx.o
                                                  Ap_Radio.o
Hw_Si47xx_AM_TUNE_FREQ                            Hw_Si47xx.o
                                                  Ap_Radio.o
Hw_Si47xx_AM_TUNE_STATUS                          Hw_Si47xx.o
                                                  Ap_Radio.o
Hw_Si47xx_CommandResp                             Hw_Si47xx.o
Hw_Si47xx_FM_Config                               Hw_Si47xx.o
                                                  Ap_Radio.o
Hw_Si47xx_FM_SEEK_START                           Hw_Si47xx.o
                                                  Ap_Radio.o
Hw_Si47xx_FM_TUNE_FREQ                            Hw_Si47xx.o
                                                  Ap_Radio.o
Hw_Si47xx_FM_TUNE_STATUS                          Hw_Si47xx.o
                                                  Ap_Radio.o
Hw_Si47xx_GET_INT_STATUS                          Hw_Si47xx.o
Hw_Si47xx_GET_PROPERTY                            Hw_Si47xx.o
                                                  Ap_Radio.o
Hw_Si47xx_Init                                    Hw_Si47xx.o
                                                  Hw.o
                                                  Ap_Radio.o
Hw_Si47xx_LastResp                                Hw_Si47xx.o
Hw_Si47xx_POWER_UP                                Hw_Si47xx.o
Hw_Si47xx_ReadResp                                Hw_Si47xx.o
                                                  Ap_Radio.o
Hw_Si47xx_ReceiveResponse                         Hw_Si47xx.o
Hw_Si47xx_Reset                                   Hw_Si47xx.o
Hw_Si47xx_SET_PROPERTY                            Hw_Si47xx.o
                                                  Ap_Radio.o
Hw_Si47xx_SendCommand                             Hw_Si47xx.o
Hw_Si47xx_WaitForCTS                              Hw_Si47xx.o
Hw_Si47xx_WaitForSTC                              Hw_Si47xx.o
                                                  Ap_Radio.o
Hw_StartUp_Init                                   Hw_StartUp.o
Hw_Timer_Delay_ms                                 Hw_Timer.o
                                                  Hw_Si47xx.o
Hw_Timer_Get_CountValue                           Hw_Timer.o
                                                  Hw_Si47xx.o
Hw_Timer_Get_Handle                               Hw_Timer.o
Hw_Timer_ISR                                      Hw_Timer.o
Hw_Timer_Init                                     Hw_Timer.o
                                                  Hw.o
Hw_Timer_Reset                                    Hw_Timer.o
Hw_Timer_Set                                      Hw_Timer.o
                                                  main.o
Hw_Timer_Setup                                    Hw_Timer.o
Hw_Timer_SetupISR                                 Hw_Timer.o
Hw_Timer_Start                                    Hw_Timer.o
                                                  main.o
Hw_Timer_Stop                                     Hw_Timer.o
Hw_Timer_Tick                                     Hw_Timer.o
Hw_Uart_Ch                                        Hw_Uart.o
Hw_Uart_Getch                                     Hw_Uart.o
Hw_Uart_GetchNoWait                               Hw_Uart.o
Hw_Uart_Init                                      Hw_Uart.o
                                                  Hw.o
Hw_Uart_Open                                      Hw_Uart.o
Hw_Uart_Open_COM1                                 Hw_Uart.o
Hw_Uart_Print                                     Hw_Uart.o
Hw_Uart_PrintEx                                   Hw_Uart.o
Hw_Uart_Putch                                     Hw_Uart.o
Hw_Uart_Q_Buffer                                  Hw_Uart_Q.o
Hw_Uart_Q_End                                     Hw_Uart_Q.o
Hw_Uart_Q_Init                                    Hw_Uart_Q.o
                                                  Hw_Uart.o
Hw_Uart_Q_Pop                                     Hw_Uart_Q.o
                                                  Hw_VCom.o
                                                  Hw_Uart.o
Hw_Uart_Q_Push                                    Hw_Uart_Q.o
                                                  hw_config.o
                                                  Hw_Uart.o
Hw_Uart_Q_PushReady                               Hw_Uart_Q.o
Hw_Uart_Q_Size                                    Hw_Uart_Q.o
Hw_Uart_Q_Start                                   Hw_Uart_Q.o
Hw_VCom_Getch                                     Hw_VCom.o
Hw_VCom_Init                                      Hw_VCom.o
                                                  Hw.o
Hw_VCom_Putch                                     Hw_VCom.o
Hw_Wait                                           Hw.o
                                                  Hw_Si47xx.o
Hw_Wait_Usec                                      Hw.o
                                                  Hw_I2C_SW.o
In0_Process                                       usb_core.o
                                                  usb_int.o
LED_Tick                                          main.o
Leave_LowPowerMode                                hw_config.o
                                                  usb_pwr.o
NOP_Process                                       usb_core.o
                                                  usb_prop.o
                                                  usb_istr.o
Out0_Process                                      usb_core.o
                                                  usb_int.o
PMAToUserBufferCopy                               usb_mem.o
                                                  usb_sil.o
                                                  usb_core.o
Post0_Process                                     usb_core.o
PowerOff                                          usb_pwr.o
PowerOn                                           usb_pwr.o
                                                  usb_prop.o
Request                                           usb_prop.o
Resume                                            usb_pwr.o
                                                  usb_istr.o
ResumeS                                           usb_pwr.o
Resume_Init                                       usb_pwr.o
SOF_Callback                                      usb_endp.o
                                                  usb_istr.o
SaveRState                                        usb_int.o
                                                  usb_core.o
SaveState                                         usb_init.o
SaveTState                                        usb_int.o
                                                  usb_core.o
SetBTABLE                                         usb_regs.o
                                                  usb_prop.o
SetCNTR                                           usb_regs.o
SetDADDR                                          usb_regs.o
SetDeviceAddress                                  usb_core.o
                                                  usb_prop.o
SetDouBleBuffEPStall                              usb_regs.o
SetENDPOINT                                       usb_regs.o
SetEPAddress                                      usb_regs.o
SetEPCountRxReg                                   usb_regs.o
SetEPDblBuf0Addr                                  usb_regs.o
SetEPDblBuf0Count                                 usb_regs.o
SetEPDblBuf1Addr                                  usb_regs.o
SetEPDblBuf1Count                                 usb_regs.o
SetEPDblBuffAddr                                  usb_regs.o
SetEPDblBuffCount                                 usb_regs.o
SetEPDoubleBuff                                   usb_regs.o
SetEPRxAddr                                       usb_regs.o
                                                  usb_prop.o
SetEPRxCount                                      usb_regs.o
                                                  usb_core.o
                                                  usb_prop.o
SetEPRxStatus                                     usb_regs.o
                                                  usb_prop.o
SetEPRxValid                                      usb_regs.o
                                                  usb_prop.o
                                                  usb_endp.o
SetEPTxAddr                                       usb_regs.o
                                                  usb_prop.o
SetEPTxCount                                      usb_regs.o
                                                  usb_sil.o
                                                  usb_core.o
                                                  hw_config.o
                                                  usb_endp.o
SetEPTxStatus                                     usb_regs.o
                                                  usb_core.o
                                                  usb_prop.o
SetEPTxValid                                      usb_regs.o
                                                  hw_config.o
                                                  usb_endp.o
SetEPType                                         usb_regs.o
                                                  usb_prop.o
SetEP_KIND                                        usb_regs.o
SetISTR                                           usb_regs.o
Set_Status_Out                                    usb_regs.o
Set_System                                        hw_config.o
                                                  Hw_VCom.o
Set_USBClock                                      hw_config.o
                                                  Hw_VCom.o
Setup0_Process                                    usb_core.o
                                                  usb_int.o
Standard_ClearFeature                             usb_core.o
Standard_GetConfiguration                         usb_core.o
Standard_GetDescriptorData                        usb_core.o
                                                  usb_prop.o
Standard_GetInterface                             usb_core.o
Standard_GetStatus                                usb_core.o
Standard_SetConfiguration                         usb_core.o
Standard_SetDeviceFeature                         usb_core.o
Standard_SetEndPointFeature                       usb_core.o
Standard_SetInterface                             usb_core.o
StatusInfo                                        usb_core.o
StrCmp                                            Lb_Printf.o
StrNCmp                                           Lb_Printf.o
String_Descriptor                                 usb_prop.o
Suspend                                           usb_pwr.o
                                                  usb_istr.o
TimerDebug_Tick                                   Ap_RadioMenu.o
ToWord                                            usb_regs.o
ToggleDTOG_RX                                     usb_regs.o
ToggleDTOG_TX                                     usb_regs.o
USART_Rx_Buffer                                   hw_config.o
                                                  usb_endp.o
USART_Rx_length                                   hw_config.o
                                                  usb_endp.o
USART_Rx_ptr_in                                   hw_config.o
USART_Rx_ptr_out                                  hw_config.o
                                                  usb_endp.o
USART_To_USB_Send_Data                            hw_config.o
USBWakeUp_IRQHandler                              hw_config.o
USB_Cable_Config                                  hw_config.o
                                                  usb_pwr.o
USB_Init                                          usb_init.o
                                                  Hw_VCom.o
USB_Interrupts_Config                             hw_config.o
                                                  Hw_VCom.o
USB_Istr                                          usb_istr.o
                                                  hw_config.o
USB_LP_IRQHandler                                 hw_config.o
USB_Rx_Buffer                                     usb_endp.o
USB_SIL_Init                                      usb_sil.o
                                                  usb_prop.o
USB_SIL_Read                                      usb_sil.o
                                                  usb_endp.o
USB_SIL_Write                                     usb_sil.o
USB_Send_Data                                     hw_config.o
                                                  Hw_VCom.o
USB_To_USART_Send_Data                            hw_config.o
                                                  usb_endp.o
USB_Tx_State                                      hw_config.o
                                                  usb_endp.o
UserToPMABufferCopy                               usb_mem.o
                                                  usb_sil.o
                                                  usb_core.o
                                                  hw_config.o
                                                  usb_endp.o
User_Standard_Requests                            usb_prop.o
                                                  usb_init.o
Virtual_Com_Port_ConfigDescriptor                 usb_desc.o
                                                  usb_prop.o
Virtual_Com_Port_Data_Setup                       usb_prop.o
Virtual_Com_Port_DeviceDescriptor                 usb_desc.o
                                                  usb_prop.o
Virtual_Com_Port_GetConfigDescriptor              usb_prop.o
Virtual_Com_Port_GetDeviceDescriptor              usb_prop.o
Virtual_Com_Port_GetLineCoding                    usb_prop.o
Virtual_Com_Port_GetStringDescriptor              usb_prop.o
Virtual_Com_Port_Get_Interface_Setting            usb_prop.o
Virtual_Com_Port_NoData_Setup                     usb_prop.o
Virtual_Com_Port_Reset                            usb_prop.o
Virtual_Com_Port_SetConfiguration                 usb_prop.o
Virtual_Com_Port_SetDeviceAddress                 usb_prop.o
Virtual_Com_Port_SetLineCoding                    usb_prop.o
Virtual_Com_Port_Status_In                        usb_prop.o
Virtual_Com_Port_Status_Out                       usb_prop.o
Virtual_Com_Port_StringLangID                     usb_desc.o
                                                  usb_prop.o
Virtual_Com_Port_StringProduct                    usb_desc.o
                                                  usb_prop.o
Virtual_Com_Port_StringSerial                     usb_desc.o
                                                  hw_config.o
                                                  usb_prop.o
Virtual_Com_Port_StringVendor                     usb_desc.o
                                                  usb_prop.o
Virtual_Com_Port_init                             usb_prop.o
_Balloc                                           c:/program files/codesourcery/sourcery g++ lite/bin/../lib/gcc/arm-none-eabi/4.5.2/../../../../arm-none-eabi/lib/thumb2\libc.a(lib_a-mprec.o)
                                                  c:/program files/codesourcery/sourcery g++ lite/bin/../lib/gcc/arm-none-eabi/4.5.2/../../../../arm-none-eabi/lib/thumb2\libc.a(lib_a-dtoa.o)
_Bfree                                            c:/program files/codesourcery/sourcery g++ lite/bin/../lib/gcc/arm-none-eabi/4.5.2/../../../../arm-none-eabi/lib/thumb2\libc.a(lib_a-mprec.o)
                                                  c:/program files/codesourcery/sourcery g++ lite/bin/../lib/gcc/arm-none-eabi/4.5.2/../../../../arm-none-eabi/lib/thumb2\libc.a(lib_a-dtoa.o)
_PathLocale                                       c:/program files/codesourcery/sourcery g++ lite/bin/../lib/gcc/arm-none-eabi/4.5.2/../../../../arm-none-eabi/lib/thumb2\libc.a(lib_a-locale.o)
__WFI                                             hw_config.o
                                                  usb_pwr.o
__adddf3                                          c:/program files/codesourcery/sourcery g++ lite/bin/../lib/gcc/arm-none-eabi/4.5.2/thumb2\libgcc.a(_arm_addsubdf3.o)
__aeabi_cdcmpeq                                   c:/program files/codesourcery/sourcery g++ lite/bin/../lib/gcc/arm-none-eabi/4.5.2/thumb2\libgcc.a(_arm_cmpdf2.o)
__aeabi_cdcmple                                   c:/program files/codesourcery/sourcery g++ lite/bin/../lib/gcc/arm-none-eabi/4.5.2/thumb2\libgcc.a(_arm_cmpdf2.o)
__aeabi_cdrcmple                                  c:/program files/codesourcery/sourcery g++ lite/bin/../lib/gcc/arm-none-eabi/4.5.2/thumb2\libgcc.a(_arm_cmpdf2.o)
__aeabi_d2iz                                      c:/program files/codesourcery/sourcery g++ lite/bin/../lib/gcc/arm-none-eabi/4.5.2/thumb2\libgcc.a(_arm_fixdfsi.o)
                                                  c:/program files/codesourcery/sourcery g++ lite/bin/../lib/gcc/arm-none-eabi/4.5.2/../../../../arm-none-eabi/lib/thumb2\libc.a(lib_a-dtoa.o)
__aeabi_dadd                                      c:/program files/codesourcery/sourcery g++ lite/bin/../lib/gcc/arm-none-eabi/4.5.2/thumb2\libgcc.a(_arm_addsubdf3.o)
                                                  c:/program files/codesourcery/sourcery g++ lite/bin/../lib/gcc/arm-none-eabi/4.5.2/../../../../arm-none-eabi/lib/thumb2\libc.a(lib_a-dtoa.o)
__aeabi_dcmpeq                                    c:/program files/codesourcery/sourcery g++ lite/bin/../lib/gcc/arm-none-eabi/4.5.2/thumb2\libgcc.a(_arm_cmpdf2.o)